
==========================================================================
detailed place report_tns
--------------------------------------------------------------------------
tns max -28.35

==========================================================================
detailed place report_wns
--------------------------------------------------------------------------
wns max -2.82

==========================================================================
detailed place report_worst_slack
--------------------------------------------------------------------------
worst slack max -2.82

==========================================================================
detailed place report_clock_min_period
--------------------------------------------------------------------------
VCLK period_min = 4.82 fmax = 207.58

==========================================================================
detailed place report_checks -path_delay min
--------------------------------------------------------------------------
Startpoint: B[0] (input port clocked by VCLK)
Endpoint: P[0] (output port clocked by VCLK)
Path Group: VCLK
Path Type: min

Fanout     Cap    Slew   Delay    Time   Description
-----------------------------------------------------------------------------
                  0.00    0.00    0.00   clock VCLK (rise edge)
                          0.00    0.00   clock network delay (ideal)
                          0.00    0.00 v input external delay
     1    0.00    0.05    0.00    0.00 v B[0] (in)
                                         B[0] (net)
                  0.05    0.00    0.00 v input9/A (sky130_fd_sc_hd__clkdlybuf4s50_1)
     8    0.02    0.18    0.54    0.54 v input9/X (sky130_fd_sc_hd__clkdlybuf4s50_1)
                                         net9 (net)
                  0.18    0.00    0.54 v _152_/B (sky130_fd_sc_hd__and2_1)
     1    0.00    0.03    0.21    0.76 v _152_/X (sky130_fd_sc_hd__and2_1)
                                         net17 (net)
                  0.03    0.00    0.76 v output17/A (sky130_fd_sc_hd__clkdlybuf4s50_1)
     1    0.01    0.07    0.43    1.19 v output17/X (sky130_fd_sc_hd__clkdlybuf4s50_1)
                                         P[0] (net)
                  0.07    0.00    1.19 v P[0] (out)
                                  1.19   data arrival time

                  0.00    0.00    0.00   clock VCLK (rise edge)
                          0.00    0.00   clock network delay (ideal)
                          0.00    0.00   clock reconvergence pessimism
                          0.00    0.00   output external delay
                                  0.00   data required time
-----------------------------------------------------------------------------
                                  0.00   data required time
                                 -1.19   data arrival time
-----------------------------------------------------------------------------
                                  1.19   slack (MET)



==========================================================================
detailed place report_checks -path_delay max
--------------------------------------------------------------------------
Startpoint: B[7] (input port clocked by VCLK)
Endpoint: P[15] (output port clocked by VCLK)
Path Group: VCLK
Path Type: max

Fanout     Cap    Slew   Delay    Time   Description
-----------------------------------------------------------------------------
                  0.00    0.00    0.00   clock VCLK (rise edge)
                          0.00    0.00   clock network delay (ideal)
                          0.00    0.00 v input external delay
     1    0.00    0.05    0.00    0.00 v B[7] (in)
                                         B[7] (net)
                  0.05    0.00    0.00 v input16/A (sky130_fd_sc_hd__clkdlybuf4s50_1)
     8    0.02    0.19    0.55    0.55 v input16/X (sky130_fd_sc_hd__clkdlybuf4s50_1)
                                         net16 (net)
                  0.19    0.00    0.55 v _091_/B (sky130_fd_sc_hd__and2_4)
     1    0.01    0.03    0.22    0.77 v _091_/X (sky130_fd_sc_hd__and2_4)
                                         pp[15][0] (net)
                  0.03    0.00    0.77 v _223_/A (sky130_fd_sc_hd__fa_1)
     1    0.01    0.09    0.49    1.27 v _223_/SUM (sky130_fd_sc_hd__fa_1)
                                         s1_c8_comp1.fa1.sum (net)
                  0.09    0.00    1.27 v _224_/CIN (sky130_fd_sc_hd__fa_2)
     1    0.01    0.08    0.37    1.64 v _224_/COUT (sky130_fd_sc_hd__fa_2)
                                         c1_c9_c1 (net)
                  0.08    0.00    1.64 v _229_/CIN (sky130_fd_sc_hd__fa_1)
     1    0.01    0.10    0.47    2.10 v _229_/SUM (sky130_fd_sc_hd__fa_1)
                                         s1_c9_fa.sum (net)
                  0.10    0.00    2.10 v _243_/A (sky130_fd_sc_hd__fa_1)
     1    0.01    0.09    0.57    2.68 ^ _243_/SUM (sky130_fd_sc_hd__fa_1)
                                         s2_c9_comp.fa1.sum (net)
                  0.09    0.00    2.68 ^ _244_/B (sky130_fd_sc_hd__fa_1)
     1    0.01    0.11    0.47    3.14 v _244_/SUM (sky130_fd_sc_hd__fa_1)
                                         s2_c9_comp.fa2.sum (net)
                  0.11    0.00    3.14 v _250_/A (sky130_fd_sc_hd__ha_4)
     2    0.01    0.05    0.30    3.44 ^ _250_/SUM (sky130_fd_sc_hd__ha_4)
                                         _013_ (net)
                  0.05    0.00    3.44 ^ _095_/A (sky130_fd_sc_hd__nand2_2)
     2    0.01    0.04    0.05    3.50 v _095_/Y (sky130_fd_sc_hd__nand2_2)
                                         _031_ (net)
                  0.04    0.00    3.50 v _156_/A1 (sky130_fd_sc_hd__o21a_1)
     2    0.01    0.05    0.19    3.68 v _156_/X (sky130_fd_sc_hd__o21a_1)
                                         _056_ (net)
                  0.05    0.00    3.68 v _157_/B (sky130_fd_sc_hd__and2_1)
     1    0.00    0.04    0.16    3.84 v _157_/X (sky130_fd_sc_hd__and2_1)
                                         _057_ (net)
                  0.04    0.00    3.84 v _158_/B1 (sky130_fd_sc_hd__a221oi_2)
     1    0.01    0.24    0.26    4.10 ^ _158_/Y (sky130_fd_sc_hd__a221oi_2)
                                         _058_ (net)
                  0.24    0.00    4.10 ^ _159_/A (sky130_fd_sc_hd__xor2_1)
     1    0.00    0.14    0.19    4.29 ^ _159_/X (sky130_fd_sc_hd__xor2_1)
                                         net23 (net)
                  0.14    0.00    4.29 ^ output23/A (sky130_fd_sc_hd__clkdlybuf4s50_1)
     1    0.01    0.07    0.52    4.82 ^ output23/X (sky130_fd_sc_hd__clkdlybuf4s50_1)
                                         P[15] (net)
                  0.07    0.00    4.82 ^ P[15] (out)
                                  4.82   data arrival time

                  0.00    2.00    2.00   clock VCLK (rise edge)
                          0.00    2.00   clock network delay (ideal)
                          0.00    2.00   clock reconvergence pessimism
                          0.00    2.00   output external delay
                                  2.00   data required time
-----------------------------------------------------------------------------
                                  2.00   data required time
                                 -4.82   data arrival time
-----------------------------------------------------------------------------
                                 -2.82   slack (VIOLATED)



==========================================================================
detailed place report_checks -unconstrained
--------------------------------------------------------------------------
Startpoint: B[7] (input port clocked by VCLK)
Endpoint: P[15] (output port clocked by VCLK)
Path Group: VCLK
Path Type: max

Fanout     Cap    Slew   Delay    Time   Description
-----------------------------------------------------------------------------
                  0.00    0.00    0.00   clock VCLK (rise edge)
                          0.00    0.00   clock network delay (ideal)
                          0.00    0.00 v input external delay
     1    0.00    0.05    0.00    0.00 v B[7] (in)
                                         B[7] (net)
                  0.05    0.00    0.00 v input16/A (sky130_fd_sc_hd__clkdlybuf4s50_1)
     8    0.02    0.19    0.55    0.55 v input16/X (sky130_fd_sc_hd__clkdlybuf4s50_1)
                                         net16 (net)
                  0.19    0.00    0.55 v _091_/B (sky130_fd_sc_hd__and2_4)
     1    0.01    0.03    0.22    0.77 v _091_/X (sky130_fd_sc_hd__and2_4)
                                         pp[15][0] (net)
                  0.03    0.00    0.77 v _223_/A (sky130_fd_sc_hd__fa_1)
     1    0.01    0.09    0.49    1.27 v _223_/SUM (sky130_fd_sc_hd__fa_1)
                                         s1_c8_comp1.fa1.sum (net)
                  0.09    0.00    1.27 v _224_/CIN (sky130_fd_sc_hd__fa_2)
     1    0.01    0.08    0.37    1.64 v _224_/COUT (sky130_fd_sc_hd__fa_2)
                                         c1_c9_c1 (net)
                  0.08    0.00    1.64 v _229_/CIN (sky130_fd_sc_hd__fa_1)
     1    0.01    0.10    0.47    2.10 v _229_/SUM (sky130_fd_sc_hd__fa_1)
                                         s1_c9_fa.sum (net)
                  0.10    0.00    2.10 v _243_/A (sky130_fd_sc_hd__fa_1)
     1    0.01    0.09    0.57    2.68 ^ _243_/SUM (sky130_fd_sc_hd__fa_1)
                                         s2_c9_comp.fa1.sum (net)
                  0.09    0.00    2.68 ^ _244_/B (sky130_fd_sc_hd__fa_1)
     1    0.01    0.11    0.47    3.14 v _244_/SUM (sky130_fd_sc_hd__fa_1)
                                         s2_c9_comp.fa2.sum (net)
                  0.11    0.00    3.14 v _250_/A (sky130_fd_sc_hd__ha_4)
     2    0.01    0.05    0.30    3.44 ^ _250_/SUM (sky130_fd_sc_hd__ha_4)
                                         _013_ (net)
                  0.05    0.00    3.44 ^ _095_/A (sky130_fd_sc_hd__nand2_2)
     2    0.01    0.04    0.05    3.50 v _095_/Y (sky130_fd_sc_hd__nand2_2)
                                         _031_ (net)
                  0.04    0.00    3.50 v _156_/A1 (sky130_fd_sc_hd__o21a_1)
     2    0.01    0.05    0.19    3.68 v _156_/X (sky130_fd_sc_hd__o21a_1)
                                         _056_ (net)
                  0.05    0.00    3.68 v _157_/B (sky130_fd_sc_hd__and2_1)
     1    0.00    0.04    0.16    3.84 v _157_/X (sky130_fd_sc_hd__and2_1)
                                         _057_ (net)
                  0.04    0.00    3.84 v _158_/B1 (sky130_fd_sc_hd__a221oi_2)
     1    0.01    0.24    0.26    4.10 ^ _158_/Y (sky130_fd_sc_hd__a221oi_2)
                                         _058_ (net)
                  0.24    0.00    4.10 ^ _159_/A (sky130_fd_sc_hd__xor2_1)
     1    0.00    0.14    0.19    4.29 ^ _159_/X (sky130_fd_sc_hd__xor2_1)
                                         net23 (net)
                  0.14    0.00    4.29 ^ output23/A (sky130_fd_sc_hd__clkdlybuf4s50_1)
     1    0.01    0.07    0.52    4.82 ^ output23/X (sky130_fd_sc_hd__clkdlybuf4s50_1)
                                         P[15] (net)
                  0.07    0.00    4.82 ^ P[15] (out)
                                  4.82   data arrival time

                  0.00    2.00    2.00   clock VCLK (rise edge)
                          0.00    2.00   clock network delay (ideal)
                          0.00    2.00   clock reconvergence pessimism
                          0.00    2.00   output external delay
                                  2.00   data required time
-----------------------------------------------------------------------------
                                  2.00   data required time
                                 -4.82   data arrival time
-----------------------------------------------------------------------------
                                 -2.82   slack (VIOLATED)



==========================================================================
detailed place report_check_types -max_slew -max_cap -max_fanout -violators
--------------------------------------------------------------------------

==========================================================================
detailed place max_slew_check_slack
--------------------------------------------------------------------------
1.1508527994155884

==========================================================================
detailed place max_slew_check_limit
--------------------------------------------------------------------------
1.4944789409637451

==========================================================================
detailed place max_slew_check_slack_limit
--------------------------------------------------------------------------
0.7701

==========================================================================
detailed place max_fanout_check_slack
--------------------------------------------------------------------------
1.0000000150474662e+30

==========================================================================
detailed place max_fanout_check_limit
--------------------------------------------------------------------------
1.0000000150474662e+30

==========================================================================
detailed place max_capacitance_check_slack
--------------------------------------------------------------------------
0.041168153285980225

==========================================================================
detailed place max_capacitance_check_limit
--------------------------------------------------------------------------
0.047616999596357346

==========================================================================
detailed place max_capacitance_check_slack_limit
--------------------------------------------------------------------------
0.8646

==========================================================================
detailed place max_slew_violation_count
--------------------------------------------------------------------------
max slew violation count 0

==========================================================================
detailed place max_fanout_violation_count
--------------------------------------------------------------------------
max fanout violation count 0

==========================================================================
detailed place max_cap_violation_count
--------------------------------------------------------------------------
max cap violation count 0

==========================================================================
detailed place setup_violation_count
--------------------------------------------------------------------------
setup violation count 14

==========================================================================
detailed place hold_violation_count
--------------------------------------------------------------------------
hold violation count 0

==========================================================================
detailed place critical path delay
--------------------------------------------------------------------------
4.8173

==========================================================================
detailed place critical path slack
--------------------------------------------------------------------------
-2.8173

==========================================================================
detailed place slack div critical path delay
--------------------------------------------------------------------------
-58.482968

==========================================================================
detailed place report_power
--------------------------------------------------------------------------
Group                  Internal  Switching    Leakage      Total
                          Power      Power      Power      Power (Watts)
----------------------------------------------------------------
Sequential             0.00e+00   0.00e+00   0.00e+00   0.00e+00   0.0%
Combinational          1.72e-03   1.20e-03   1.27e-09   2.91e-03 100.0%
Clock                  0.00e+00   0.00e+00   0.00e+00   0.00e+00   0.0%
Macro                  0.00e+00   0.00e+00   0.00e+00   0.00e+00   0.0%
Pad                    0.00e+00   0.00e+00   0.00e+00   0.00e+00   0.0%
----------------------------------------------------------------
Total                  1.72e-03   1.20e-03   1.27e-09   2.91e-03 100.0%
                          59.0%      41.0%       0.0%
