
==========================================================================
global route report_tns
--------------------------------------------------------------------------
tns max -11.56

==========================================================================
global route report_wns
--------------------------------------------------------------------------
wns max -1.40

==========================================================================
global route report_worst_slack
--------------------------------------------------------------------------
worst slack max -1.40

==========================================================================
global route report_clock_min_period
--------------------------------------------------------------------------
VCLK period_min = 3.40 fmax = 294.47

==========================================================================
global route report_clock_skew
--------------------------------------------------------------------------
Clock VCLK
No launch/capture paths found.


==========================================================================
global route report_checks -path_delay min
--------------------------------------------------------------------------
Startpoint: B[7] (input port clocked by VCLK)
Endpoint: P[15] (output port clocked by VCLK)
Path Group: VCLK
Path Type: min

Fanout     Cap    Slew   Delay    Time   Description
-----------------------------------------------------------------------------
                  0.00    0.00    0.00   clock VCLK (rise edge)
                          0.00    0.00   clock network delay (ideal)
                          0.00    0.00 ^ input external delay
     1    0.01    0.05    0.00    0.00 ^ B[7] (in)
                                         B[7] (net)
                  0.05    0.00    0.00 ^ input16/A (sky130_fd_sc_hd__buf_8)
     7    0.03    0.05    0.11    0.11 ^ input16/X (sky130_fd_sc_hd__buf_8)
                                         net16 (net)
                  0.05    0.00    0.11 ^ place152/A (sky130_fd_sc_hd__buf_4)
     2    0.00    0.03    0.10    0.21 ^ place152/X (sky130_fd_sc_hd__buf_4)
                                         net152 (net)
                  0.03    0.00    0.21 ^ _187_/B (sky130_fd_sc_hd__and2_1)
     1    0.01    0.09    0.15    0.36 ^ _187_/X (sky130_fd_sc_hd__and2_1)
                                         pp[63][0] (net)
                  0.09    0.00    0.36 ^ _405_/CIN (sky130_fd_sc_hd__fa_1)
     1    0.01    0.08    0.19    0.55 ^ _405_/COUT (sky130_fd_sc_hd__fa_1)
                                         c14_carry (net)
                  0.08    0.00    0.55 ^ _244_/B (sky130_fd_sc_hd__xor2_1)
     1    0.00    0.04    0.07    0.62 v _244_/X (sky130_fd_sc_hd__xor2_1)
                                         net23 (net)
                  0.04    0.00    0.62 v output23/A (sky130_fd_sc_hd__buf_2)
     1    0.01    0.03    0.12    0.74 v output23/X (sky130_fd_sc_hd__buf_2)
                                         P[15] (net)
                  0.03    0.00    0.74 v P[15] (out)
                                  0.74   data arrival time

                  0.00    0.00    0.00   clock VCLK (rise edge)
                          0.00    0.00   clock network delay (ideal)
                          0.00    0.00   clock reconvergence pessimism
                          0.00    0.00   output external delay
                                  0.00   data required time
-----------------------------------------------------------------------------
                                  0.00   data required time
                                 -0.74   data arrival time
-----------------------------------------------------------------------------
                                  0.74   slack (MET)



==========================================================================
global route report_checks -path_delay max
--------------------------------------------------------------------------
Startpoint: A[1] (input port clocked by VCLK)
Endpoint: P[15] (output port clocked by VCLK)
Path Group: VCLK
Path Type: max

Fanout     Cap    Slew   Delay    Time   Description
-----------------------------------------------------------------------------
                  0.00    0.00    0.00   clock VCLK (rise edge)
                          0.00    0.00   clock network delay (ideal)
                          0.00    0.00 v input external delay
     1    0.01    0.05    0.00    0.00 v A[1] (in)
                                         A[1] (net)
                  0.05    0.00    0.00 v input2/A (sky130_fd_sc_hd__buf_6)
     2    0.01    0.03    0.12    0.12 v input2/X (sky130_fd_sc_hd__buf_6)
                                         net2 (net)
                  0.03    0.00    0.12 v _378_/B (sky130_fd_sc_hd__and2_4)
     1    0.01    0.04    0.15    0.27 v _378_/X (sky130_fd_sc_hd__and2_4)
                                         pp[15][0] (net)
                  0.04    0.00    0.27 v _396_/A (sky130_fd_sc_hd__fa_1)
     1    0.01    0.10    0.57    0.84 ^ _396_/SUM (sky130_fd_sc_hd__fa_1)
                                         s1_c8_comp1.fa1.sum (net)
                  0.10    0.00    0.84 ^ _422_/B (sky130_fd_sc_hd__ha_2)
     1    0.01    0.07    0.20    1.04 ^ _422_/COUT (sky130_fd_sc_hd__ha_2)
                                         c1_c9_c1 (net)
                  0.07    0.00    1.04 ^ _400_/B (sky130_fd_sc_hd__fa_1)
     1    0.01    0.10    0.44    1.48 v _400_/SUM (sky130_fd_sc_hd__fa_1)
                                         s1_c9_fa.sum (net)
                  0.10    0.00    1.48 v _407_/CIN (sky130_fd_sc_hd__fa_2)
     1    0.01    0.08    0.37    1.85 v _407_/COUT (sky130_fd_sc_hd__fa_2)
                                         c9_cout (net)
                  0.08    0.00    1.85 v _402_/B (sky130_fd_sc_hd__fa_2)
     1    0.01    0.09    0.57    2.42 ^ _402_/SUM (sky130_fd_sc_hd__fa_2)
                                         s2_c10_comp.fa2.sum (net)
                  0.09    0.00    2.42 ^ _429_/B (sky130_fd_sc_hd__ha_4)
     2    0.03    0.06    0.23    2.65 v _429_/SUM (sky130_fd_sc_hd__ha_4)
                                         _023_ (net)
                  0.06    0.00    2.65 v _174_/B (sky130_fd_sc_hd__nand2_8)
     6    0.04    0.08    0.10    2.75 ^ _174_/Y (sky130_fd_sc_hd__nand2_8)
                                         _024_ (net)
                  0.08    0.00    2.76 ^ _240_/A2 (sky130_fd_sc_hd__o2111ai_2)
     1    0.00    0.10    0.11    2.87 v _240_/Y (sky130_fd_sc_hd__o2111ai_2)
                                         _072_ (net)
                  0.10    0.00    2.87 v _243_/A2 (sky130_fd_sc_hd__o211a_1)
     1    0.01    0.05    0.24    3.10 v _243_/X (sky130_fd_sc_hd__o211a_1)
                                         _075_ (net)
                  0.05    0.00    3.10 v _244_/A (sky130_fd_sc_hd__xor2_1)
     1    0.00    0.12    0.15    3.26 ^ _244_/X (sky130_fd_sc_hd__xor2_1)
                                         net23 (net)
                  0.12    0.00    3.26 ^ output23/A (sky130_fd_sc_hd__buf_2)
     1    0.01    0.05    0.14    3.40 ^ output23/X (sky130_fd_sc_hd__buf_2)
                                         P[15] (net)
                  0.05    0.00    3.40 ^ P[15] (out)
                                  3.40   data arrival time

                  0.00    2.00    2.00   clock VCLK (rise edge)
                          0.00    2.00   clock network delay (ideal)
                          0.00    2.00   clock reconvergence pessimism
                          0.00    2.00   output external delay
                                  2.00   data required time
-----------------------------------------------------------------------------
                                  2.00   data required time
                                 -3.40   data arrival time
-----------------------------------------------------------------------------
                                 -1.40   slack (VIOLATED)



==========================================================================
global route report_checks -unconstrained
--------------------------------------------------------------------------
Startpoint: A[1] (input port clocked by VCLK)
Endpoint: P[15] (output port clocked by VCLK)
Path Group: VCLK
Path Type: max

Fanout     Cap    Slew   Delay    Time   Description
-----------------------------------------------------------------------------
                  0.00    0.00    0.00   clock VCLK (rise edge)
                          0.00    0.00   clock network delay (ideal)
                          0.00    0.00 v input external delay
     1    0.01    0.05    0.00    0.00 v A[1] (in)
                                         A[1] (net)
                  0.05    0.00    0.00 v input2/A (sky130_fd_sc_hd__buf_6)
     2    0.01    0.03    0.12    0.12 v input2/X (sky130_fd_sc_hd__buf_6)
                                         net2 (net)
                  0.03    0.00    0.12 v _378_/B (sky130_fd_sc_hd__and2_4)
     1    0.01    0.04    0.15    0.27 v _378_/X (sky130_fd_sc_hd__and2_4)
                                         pp[15][0] (net)
                  0.04    0.00    0.27 v _396_/A (sky130_fd_sc_hd__fa_1)
     1    0.01    0.10    0.57    0.84 ^ _396_/SUM (sky130_fd_sc_hd__fa_1)
                                         s1_c8_comp1.fa1.sum (net)
                  0.10    0.00    0.84 ^ _422_/B (sky130_fd_sc_hd__ha_2)
     1    0.01    0.07    0.20    1.04 ^ _422_/COUT (sky130_fd_sc_hd__ha_2)
                                         c1_c9_c1 (net)
                  0.07    0.00    1.04 ^ _400_/B (sky130_fd_sc_hd__fa_1)
     1    0.01    0.10    0.44    1.48 v _400_/SUM (sky130_fd_sc_hd__fa_1)
                                         s1_c9_fa.sum (net)
                  0.10    0.00    1.48 v _407_/CIN (sky130_fd_sc_hd__fa_2)
     1    0.01    0.08    0.37    1.85 v _407_/COUT (sky130_fd_sc_hd__fa_2)
                                         c9_cout (net)
                  0.08    0.00    1.85 v _402_/B (sky130_fd_sc_hd__fa_2)
     1    0.01    0.09    0.57    2.42 ^ _402_/SUM (sky130_fd_sc_hd__fa_2)
                                         s2_c10_comp.fa2.sum (net)
                  0.09    0.00    2.42 ^ _429_/B (sky130_fd_sc_hd__ha_4)
     2    0.03    0.06    0.23    2.65 v _429_/SUM (sky130_fd_sc_hd__ha_4)
                                         _023_ (net)
                  0.06    0.00    2.65 v _174_/B (sky130_fd_sc_hd__nand2_8)
     6    0.04    0.08    0.10    2.75 ^ _174_/Y (sky130_fd_sc_hd__nand2_8)
                                         _024_ (net)
                  0.08    0.00    2.76 ^ _240_/A2 (sky130_fd_sc_hd__o2111ai_2)
     1    0.00    0.10    0.11    2.87 v _240_/Y (sky130_fd_sc_hd__o2111ai_2)
                                         _072_ (net)
                  0.10    0.00    2.87 v _243_/A2 (sky130_fd_sc_hd__o211a_1)
     1    0.01    0.05    0.24    3.10 v _243_/X (sky130_fd_sc_hd__o211a_1)
                                         _075_ (net)
                  0.05    0.00    3.10 v _244_/A (sky130_fd_sc_hd__xor2_1)
     1    0.00    0.12    0.15    3.26 ^ _244_/X (sky130_fd_sc_hd__xor2_1)
                                         net23 (net)
                  0.12    0.00    3.26 ^ output23/A (sky130_fd_sc_hd__buf_2)
     1    0.01    0.05    0.14    3.40 ^ output23/X (sky130_fd_sc_hd__buf_2)
                                         P[15] (net)
                  0.05    0.00    3.40 ^ P[15] (out)
                                  3.40   data arrival time

                  0.00    2.00    2.00   clock VCLK (rise edge)
                          0.00    2.00   clock network delay (ideal)
                          0.00    2.00   clock reconvergence pessimism
                          0.00    2.00   output external delay
                                  2.00   data required time
-----------------------------------------------------------------------------
                                  2.00   data required time
                                 -3.40   data arrival time
-----------------------------------------------------------------------------
                                 -1.40   slack (VIOLATED)



==========================================================================
global route report_check_types -max_slew -max_cap -max_fanout -violators
--------------------------------------------------------------------------

==========================================================================
global route max_slew_check_slack
--------------------------------------------------------------------------
1.031488060951233

==========================================================================
global route max_slew_check_limit
--------------------------------------------------------------------------
1.4910049438476562

==========================================================================
global route max_slew_check_slack_limit
--------------------------------------------------------------------------
0.6918

==========================================================================
global route max_fanout_check_slack
--------------------------------------------------------------------------
1.0000000150474662e+30

==========================================================================
global route max_fanout_check_limit
--------------------------------------------------------------------------
1.0000000150474662e+30

==========================================================================
global route max_capacitance_check_slack
--------------------------------------------------------------------------
0.033147070556879044

==========================================================================
global route max_capacitance_check_limit
--------------------------------------------------------------------------
0.03663099929690361

==========================================================================
global route max_capacitance_check_slack_limit
--------------------------------------------------------------------------
0.9049

==========================================================================
global route max_slew_violation_count
--------------------------------------------------------------------------
max slew violation count 0

==========================================================================
global route max_fanout_violation_count
--------------------------------------------------------------------------
max fanout violation count 0

==========================================================================
global route max_cap_violation_count
--------------------------------------------------------------------------
max cap violation count 0

==========================================================================
global route setup_violation_count
--------------------------------------------------------------------------
setup violation count 13

==========================================================================
global route hold_violation_count
--------------------------------------------------------------------------
hold violation count 0

==========================================================================
global route critical path delay
--------------------------------------------------------------------------
3.3959

==========================================================================
global route critical path slack
--------------------------------------------------------------------------
-1.3959

==========================================================================
global route slack div critical path delay
--------------------------------------------------------------------------
-41.105451

==========================================================================
global route report_power
--------------------------------------------------------------------------
Group                  Internal  Switching    Leakage      Total
                          Power      Power      Power      Power (Watts)
----------------------------------------------------------------
Sequential             0.00e+00   0.00e+00   0.00e+00   0.00e+00   0.0%
Combinational          1.28e-03   1.26e-03   1.55e-09   2.54e-03 100.0%
Clock                  0.00e+00   0.00e+00   0.00e+00   0.00e+00   0.0%
Macro                  0.00e+00   0.00e+00   0.00e+00   0.00e+00   0.0%
Pad                    0.00e+00   0.00e+00   0.00e+00   0.00e+00   0.0%
----------------------------------------------------------------
Total                  1.28e-03   1.26e-03   1.55e-09   2.54e-03 100.0%
                          50.4%      49.6%       0.0%
