OpenROAD 26Q3-1499-g46ab99414e 
Features included (+) or not (-): +GPU +GUI +Python
This program is licensed under the BSD-3 license. See the LICENSE file for details.
Components of this program may be licensed under more restrictive licenses which must be honored.
Annotated 944 pin activities.
Startpoint: A[3] (input port clocked by VCLK)
Endpoint: P[12] (output port clocked by VCLK)
Path Group: VCLK
Path Type: max

    Delay      Time   Description
-------------------------------------------------------------
   0.0000    0.0000   clock VCLK (rise edge)
   0.0000    0.0000   clock network delay (ideal)
   0.0000    0.0000 v input external delay
   0.0000    0.0000 v A[3] (in)
   0.1142    0.1142 v input4/X (sky130_fd_sc_hd__buf_6)
   0.1479    0.2621 v _172_/X (sky130_fd_sc_hd__and2_4)
   0.4887    0.7508 v _223_/SUM (sky130_fd_sc_hd__fa_1)
   0.3640    1.1148 v _224_/COUT (sky130_fd_sc_hd__fa_2)
   0.5251    1.6399 ^ _229_/SUM (sky130_fd_sc_hd__fa_1)
   0.4377    2.0776 v _243_/SUM (sky130_fd_sc_hd__fa_1)
   0.5152    2.5928 v _244_/SUM (sky130_fd_sc_hd__fa_1)
   0.3076    2.9004 ^ _250_/SUM (sky130_fd_sc_hd__ha_4)
   0.1252    3.0256 ^ place79/X (sky130_fd_sc_hd__buf_4)
   0.0894    3.1150 v _101_/Y (sky130_fd_sc_hd__nand3_1)
   0.2504    3.3654 ^ _104_/Y (sky130_fd_sc_hd__o211ai_1)
   0.0829    3.4484 v _105_/Y (sky130_fd_sc_hd__a31oi_2)
   0.1651    3.6135 ^ _205_/Y (sky130_fd_sc_hd__o21bai_1)
   0.1577    3.7711 ^ _206_/X (sky130_fd_sc_hd__xor2_1)
   0.1287    3.8998 ^ output20/X (sky130_fd_sc_hd__buf_2)
   0.0001    3.8999 ^ P[12] (out)
             3.8999   data arrival time

   2.0000    2.0000   clock VCLK (rise edge)
   0.0000    2.0000   clock network delay (ideal)
   0.0000    2.0000   clock reconvergence pessimism
   0.0000    2.0000   output external delay
             2.0000   data required time
-------------------------------------------------------------
             2.0000   data required time
            -3.8999   data arrival time
-------------------------------------------------------------
            -1.8999   slack (VIOLATED)


worst slack max -1.8999
tns max -18.0842
Group                    Internal    Switching      Leakage        Total
                            Power        Power        Power        Power (Watts)
------------------------------------------------------------------------
Sequential           0.000000e+00 0.000000e+00 0.000000e+00 0.000000e+00   0.0%
Combinational        1.034143e-03 8.653478e-04 1.449769e-09 1.899492e-03 100.0%
Clock                0.000000e+00 0.000000e+00 0.000000e+00 0.000000e+00   0.0%
Macro                0.000000e+00 0.000000e+00 0.000000e+00 0.000000e+00   0.0%
Pad                  0.000000e+00 0.000000e+00 0.000000e+00 0.000000e+00   0.0%
------------------------------------------------------------------------
Total                1.034143e-03 8.653478e-04 1.449769e-09 1.899492e-03 100.0%
                            54.4%        45.6%         0.0%
