OpenROAD 26Q3-1499-g46ab99414e 
Features included (+) or not (-): +GPU +GUI +Python
This program is licensed under the BSD-3 license. See the LICENSE file for details.
Components of this program may be licensed under more restrictive licenses which must be honored.
[INFO ORD-0030] Using 12 thread(s).
read_liberty /home/praneel/vlsi/tools/OpenROAD-flow-scripts/flow/platforms/sky130hd/lib/sky130_fd_sc_hd__tt_025C_1v80.lib
read_db /home/praneel/vlsi/projects/IDP_2/experiments/EXP000_exact_dadda_no_comp/pd/orfs/results/sky130hd/exact_dadda_no_comp/base/3_2_place_iop.odb
read_sdc /home/praneel/vlsi/projects/IDP_2/experiments/EXP000_exact_dadda_no_comp/pd/orfs/results/sky130hd/exact_dadda_no_comp/base/2_floorplan.sdc
source /home/praneel/vlsi/tools/OpenROAD-flow-scripts/flow/platforms/sky130hd/setRC.tcl
[INFO RSZ-0026] Removed 1 buffers.
Perform port buffering...
[INFO RSZ-0027] Inserted 16 sky130_fd_sc_hd__clkdlybuf4s50_1 input buffers.
[INFO RSZ-0028] Inserted 16 sky130_fd_sc_hd__clkdlybuf4s50_1 output buffers.
global_placement -density 0.6 -pad_left 0 -pad_right 0 -routability_driven -timing_driven -force_center_initial_place -min_phi_coef 0.95 -max_phi_coef 1.05
[INFO GPL-0001] ---- Initialize GPL Main Data Structures
[INFO GPL-0002] DBU: 1000
[INFO GPL-0003] SiteSize: (  0.460  2.720 ) um
[INFO GPL-0004] CoreBBox: (  2.300  2.720 ) ( 69.000 68.000 ) um
[INFO GPL-0016] Core area:                    4354.176 um^2
[INFO GPL-0036] Movable instances area:       2249.658 um^2
[INFO GPL-0037] Total instances area:         2314.720 um^2
[INFO GPL-0035] Pin density area adjust:       180.280 um^2
[INFO GPL-0032] ---- Initialize Region: Top-level
[INFO GPL-0006] Number of instances:               268
[INFO GPL-0007] Movable instances:                 216
[INFO GPL-0008] Fixed instances:                    52
[INFO GPL-0009] Dummy instances:                     0
[INFO GPL-0010] Number of nets:                    289
[INFO GPL-0011] Number of pins:                    795
[INFO GPL-0012] Die BBox:       (  0.000  0.000 ) ( 71.230 71.230 ) um
[INFO GPL-0013] Placement BBox: (  2.300  2.720 ) ( 69.000 68.000 ) um
[INFO GPL-0014] Region name: top-level.
[INFO GPL-0015] Region area:                  4354.176 um^2
[INFO GPL-0017] Fixed instances area:           65.062 um^2
[INFO GPL-0018] Movable instances area:       2429.937 um^2
[INFO GPL-0019] Utilization:                    56.654 %
[INFO GPL-0020] Standard cells area:          2429.937 um^2
[INFO GPL-0021] Large instances area:            0.000 um^2
[INFO GPL-0005] ---- Execute Conjugate Gradient Initial Placement.
[INFO GPL-0051] Source of initial instance position counters:
	Odb location = 0	Core center = 216	Region center = 0
[InitialPlace]  Iter: 1 conjugate gradient residual: 0.00000009 HPWL: 5230184
[InitialPlace]  Iter: 2 conjugate gradient residual: 0.00000007 HPWL: 3973804
[InitialPlace]  Iter: 3 conjugate gradient residual: 0.00000007 HPWL: 3999111
[InitialPlace]  Iter: 4 conjugate gradient residual: 0.00000009 HPWL: 4020457
[InitialPlace]  Iter: 5 conjugate gradient residual: 0.00000009 HPWL: 4034084
[INFO GPL-0033] ---- Initialize Nesterov Region: Top-level
[INFO GPL-0023] Placement target density:       0.6000
[INFO GPL-0024] Movable insts average area:     11.250 um^2
[INFO GPL-0025] Ideal bin area:                 18.750 um^2
[INFO GPL-0026] Ideal bin count:                   232
[INFO GPL-0027] Total bin area:               4354.176 um^2
[INFO GPL-0028] Bin count (X, Y):           8 ,      8
[INFO GPL-0029] Bin size (W * H):       8.338 *  8.160 um
[INFO GPL-0030] Number of bins:                     64
[INFO GPL-0084] ---- Execute Nesterov Global Placement.
[INFO GPL-0031] HPWL: Half-Perimeter Wirelength
Iteration | Overflow |     HPWL (um) |  HPWL(%) |   Penalty | Group
---------------------------------------------------------------
        0 |   0.7192 |  1.867906e+03 |   +0.00% |  1.06e-13 |      
       10 |   0.6367 |  2.185179e+03 |  +16.99% |  1.73e-13 |      
[INFO GPL-0100] Timing-driven iteration 1/2, virtual: false.
[INFO GPL-0101]    Iter: 12, overflow: 0.629, keep resizer changes at: 1, HPWL: 2179698
Iteration |   Area    | Resized | Buffers | Nets repaired | Remaining
---------------------------------------------------------------------
        0 |     +0.0% |       0 |       0 |             0 |       289
    final |     +0.0% |       0 |       0 |             0 |         0
---------------------------------------------------------------------
   Iter   |    Area   | Removed | Inserted |   Pins
          |           | Buffers | Buffers  | Remaining
-------------------------------------------------------
        0 |     +0.0% |       0 |        0 |       273
       27 |     +0.0% |       0 |        0 |       246
       54 |     +1.3% |       0 |        4 |       219
       81 |     +5.5% |       0 |       17 |       192
      108 |     +7.5% |       0 |       23 |       165
      135 |     +8.4% |       0 |       26 |       138
      162 |     +8.8% |       0 |       27 |       111
      189 |     +8.8% |       0 |       27 |        84
      216 |     +8.8% |       0 |       27 |        57
      243 |     +8.8% |       0 |       27 |        30
      270 |    +11.0% |       0 |       34 |         3
    final |    +11.4% |       0 |       35 |         0
-------------------------------------------------------
[INFO GPL-0106] Timing-driven: worst slack -2.444707e-09
[INFO GPL-0107] Timing-driven: repair_design delta area: 262.752 um^2 (+10.81%)
[INFO GPL-0108] Timing-driven: repair_design, gpl delta gcells: 35 (+16.20%)
[INFO GPL-0109] Timing-driven: repair_design, gcells created: 35, deleted: 0
[INFO GPL-0110] Timing-driven: new target density: 0.6612602
[INFO GPL-0038] Routability snapshot saved at iter = 17
       16 |   0.5933 |  2.383302e+03 |          |           |      
Iteration | Overflow |     HPWL (um) |  HPWL(%) |   Penalty | Group
---------------------------------------------------------------
       20 |   0.5779 |  2.409216e+03 |  +10.25% |  2.82e-13 |      
       30 |   0.5692 |  2.390168e+03 |   -0.79% |  4.59e-13 |      
       40 |   0.5699 |  2.394025e+03 |   +0.16% |  7.47e-13 |      
       50 |   0.5766 |  2.384900e+03 |   -0.38% |  1.22e-12 |      
       60 |   0.5791 |  2.384811e+03 |   -0.00% |  1.98e-12 |      
       70 |   0.5759 |  2.390896e+03 |   +0.26% |  3.23e-12 |      
       80 |   0.5723 |  2.396199e+03 |   +0.22% |  5.26e-12 |      
       90 |   0.5718 |  2.395950e+03 |   -0.01% |  8.57e-12 |      
      100 |   0.5732 |  2.392549e+03 |   -0.14% |  1.40e-11 |      
      110 |   0.5739 |  2.390982e+03 |   -0.07% |  2.27e-11 |      
      120 |   0.5730 |  2.392509e+03 |   +0.06% |  3.70e-11 |      
      130 |   0.5707 |  2.396130e+03 |   +0.15% |  6.03e-11 |      
      140 |   0.5678 |  2.400624e+03 |   +0.19% |  9.82e-11 |      
      150 |   0.5644 |  2.406437e+03 |   +0.24% |  1.60e-10 |      
      160 |   0.5590 |  2.415929e+03 |   +0.39% |  2.61e-10 |      
      170 |   0.5498 |  2.431508e+03 |   +0.64% |  4.25e-10 |      
      180 |   0.5383 |  2.454086e+03 |   +0.93% |  6.91e-10 |      
      190 |   0.5208 |  2.484251e+03 |   +1.23% |  1.13e-09 |      
      200 |   0.4967 |  2.521102e+03 |   +1.48% |  1.83e-09 |      
      210 |   0.4712 |  2.564926e+03 |   +1.74% |  2.99e-09 |      
      220 |   0.4455 |  2.616559e+03 |   +2.01% |  4.87e-09 |      
      230 |   0.4110 |  2.676875e+03 |   +2.31% |  7.93e-09 |      
      240 |   0.3753 |  2.733282e+03 |   +2.11% |  1.29e-08 |      
      250 |   0.3457 |  2.799750e+03 |   +2.43% |  2.10e-08 |      
      260 |   0.3151 |  2.864205e+03 |   +2.30% |  3.10e-08 |      
[INFO GPL-0040] Routability iteration: 1
[INFO GPL-0041] Total routing overflow: 0.0000
[INFO GPL-0042] Number of overflowed tiles: 0 (0.00%)
[INFO GPL-0043] Average top 0.5% routing congestion: 0.8977
[INFO GPL-0044] Average top 1.0% routing congestion: 0.8977
[INFO GPL-0045] Average top 2.0% routing congestion: 0.8679
[INFO GPL-0046] Average top 5.0% routing congestion: 0.8363
[INFO GPL-0047] Routability iteration weighted routing congestion: 0.8977
[INFO GPL-0050] Weighted routing congestion is lower than target routing congestion(1.0100), end routability optimization.
[INFO GPL-0090] Routability finished. Target routing congestion achieved succesfully.
Iteration | Overflow |     HPWL (um) |  HPWL(%) |   Penalty | Group
---------------------------------------------------------------
      270 |   0.2889 |  2.919572e+03 |   +1.93% |  4.57e-08 |      
      280 |   0.2580 |  2.980936e+03 |   +2.10% |  6.73e-08 |      
      290 |   0.2250 |  3.029930e+03 |   +1.64% |  9.91e-08 |      
      300 |   0.1970 |  3.092155e+03 |   +2.05% |  1.46e-07 |      
[INFO GPL-0100] Timing-driven iteration 2/2, virtual: false.
[INFO GPL-0101]    Iter: 302, overflow: 0.194, keep resizer changes at: 1, HPWL: 3098544
Iteration |   Area    | Resized | Buffers | Nets repaired | Remaining
---------------------------------------------------------------------
        0 |     +0.0% |       0 |       0 |             0 |       324
    final |     +0.0% |       0 |       0 |             0 |         0
---------------------------------------------------------------------
   Iter   |    Area   | Removed | Inserted |   Pins
          |           | Buffers | Buffers  | Remaining
-------------------------------------------------------
        0 |     +0.0% |       0 |        0 |       273
       27 |     +0.0% |       0 |        0 |       246
       54 |     -0.3% |       4 |        3 |       219
       81 |     +0.0% |      17 |       17 |       192
      108 |     +0.3% |      23 |       24 |       165
      135 |     +0.3% |      26 |       27 |       138
      162 |     +0.3% |      27 |       28 |       111
      189 |     +0.3% |      27 |       28 |        84
      216 |     +0.3% |      27 |       28 |        57
      243 |     +0.6% |      27 |       29 |        30
      270 |     +1.7% |      34 |       40 |         3
    final |     +2.3% |      35 |       43 |         0
-------------------------------------------------------
[INFO GPL-0106] Timing-driven: worst slack -2.420978e-09
[INFO GPL-0107] Timing-driven: repair_design delta area: 60.058 um^2 (+2.23%)
[INFO GPL-0108] Timing-driven: repair_design, gpl delta gcells: 8 (+3.19%)
[INFO GPL-0109] Timing-driven: repair_design, gcells created: 43, deleted: 35
[INFO GPL-0110] Timing-driven: new target density: 0.6752626
Iteration | Overflow |     HPWL (um) |  HPWL(%) |   Penalty | Group
---------------------------------------------------------------
      310 |   0.1651 |  3.371330e+03 |   +9.03% |  2.15e-07 |      
      320 |   0.1564 |  3.312603e+03 |   -1.74% |  3.17e-07 |      
      330 |   0.1106 |  3.388753e+03 |   +2.30% |  4.67e-07 |      
      339 |   0.0994 |  3.415383e+03 |          |  6.87e-07 |      
---------------------------------------------------------------
[INFO GPL-1001] Global placement finished at iteration 339
[INFO GPL-1017] Routability mode iteration count: 249
[INFO GPL-1005] Routability final weighted congestion: 0.8096
[INFO GPL-1002] Placed Cell Area             2752.7469
[INFO GPL-1003] Available Free Area          4289.1136
[INFO GPL-1004] Minimum Feasible Density        0.5700 (cell_area / free_area)
[INFO GPL-1006]   Suggested Target Densities:
[INFO GPL-1007]     - For 90% usage of free space: 0.7131
[INFO GPL-1008]     - For 80% usage of free space: 0.8022
[INFO GPL-1011] Original area (um^2): 2429.94
[INFO GPL-1012] Total routability artificial inflation: 0.00 (+0.00%)
[INFO GPL-1013] Total timing-driven delta area: 322.81 (+13.28%)
[INFO GPL-1014] Final placement area: 2752.75 (+13.28%)
estimate_parasitics -placement
Report metrics stage 3, global place...

==========================================================================
global place report_design_area
--------------------------------------------------------------------------
Design area 2638 um^2 61% utilization.
write_db /home/praneel/vlsi/projects/IDP_2/experiments/EXP000_exact_dadda_no_comp/pd/orfs/results/sky130hd/exact_dadda_no_comp/base/3_3_place_gp.odb
Elapsed time: 0:02.01[h:]min:sec. CPU time: user 1.93 sys 0.92 (141%). Peak memory: 237452KB.
Log                       Ext     Elapsed/s Peak Memory/MB sha1sum result [0:20)
3_3_place_gp              .odb            2            231 753ccd4a3e196cccbf8b
