OpenROAD 26Q3-1499-g46ab99414e 
Features included (+) or not (-): +GPU +GUI +Python
This program is licensed under the BSD-3 license. See the LICENSE file for details.
Components of this program may be licensed under more restrictive licenses which must be honored.
[INFO ORD-0030] Using 12 thread(s).
read_liberty /home/praneel/vlsi/tools/OpenROAD-flow-scripts/flow/platforms/sky130hd/lib/sky130_fd_sc_hd__tt_025C_1v80.lib
read_db /home/praneel/vlsi/projects/IDP_2/experiments/EXP000_exact_dadda_no_comp/pd/orfs/results/sky130hd/exact_dadda_no_comp/base/3_3_place_gp.odb
read_sdc /home/praneel/vlsi/projects/IDP_2/experiments/EXP000_exact_dadda_no_comp/pd/orfs/results/sky130hd/exact_dadda_no_comp/base/2_floorplan.sdc
source /home/praneel/vlsi/tools/OpenROAD-flow-scripts/flow/platforms/sky130hd/setRC.tcl
estimate_parasitics -placement
Perform buffer insertion and gate resizing...
repair_design -verbose -match_cell_footprint
Iteration |   Area    | Resized | Buffers | Nets repaired | Remaining
---------------------------------------------------------------------
        0 |     +0.0% |       0 |       0 |             0 |       332
       10 |     +0.0% |       0 |       0 |             0 |       322
       20 |     +0.0% |       0 |       0 |             0 |       312
       30 |     +0.0% |       0 |       0 |             0 |       302
       40 |     +0.0% |       0 |       0 |             0 |       292
       50 |     +0.0% |       0 |       0 |             0 |       282
       60 |     +0.0% |       0 |       0 |             0 |       272
       70 |     +0.0% |       0 |       0 |             0 |       262
       80 |     +0.0% |       0 |       0 |             0 |       252
       90 |     +0.0% |       0 |       0 |             0 |       242
      100 |     +0.0% |       0 |       0 |             0 |       232
      110 |     +0.0% |       0 |       0 |             0 |       222
      120 |     +0.0% |       0 |       0 |             0 |       212
      130 |     +0.0% |       0 |       0 |             0 |       202
      140 |     +0.0% |       0 |       0 |             0 |       192
      150 |     +0.0% |       0 |       0 |             0 |       182
      160 |     +0.0% |       0 |       0 |             0 |       172
      170 |     +0.0% |       0 |       0 |             0 |       162
      180 |     +0.0% |       0 |       0 |             0 |       152
      190 |     +0.0% |       0 |       0 |             0 |       142
      200 |     +0.0% |       0 |       0 |             0 |       132
      210 |     +0.0% |       0 |       0 |             0 |       122
      220 |     +0.0% |       0 |       0 |             0 |       112
      230 |     +0.0% |       0 |       0 |             0 |       102
      240 |     +0.0% |       0 |       0 |             0 |        92
      250 |     +0.0% |       0 |       0 |             0 |        82
      260 |     +0.0% |       0 |       0 |             0 |        72
      270 |     +0.0% |       0 |       0 |             0 |        62
      280 |     +0.0% |       0 |       0 |             0 |        52
      290 |     +0.0% |       0 |       0 |             0 |        42
      300 |     +0.0% |       0 |       0 |             0 |        32
      310 |     +0.0% |       0 |       0 |             0 |        22
      320 |     +0.0% |       0 |       0 |             0 |        12
      330 |     +0.0% |       0 |       0 |             0 |         2
    final |     +0.0% |       0 |       0 |             0 |         0
---------------------------------------------------------------------
[INFO RSZ-0504] Runtime: 0.08s
Floating nets: 
Report metrics stage 3, resizer...
No registers in design

==========================================================================
resizer report_design_area
--------------------------------------------------------------------------
Design area 2638 um^2 61% utilization.
Instance count before 311, after 311
Pin count before 849, after 849
write_db /home/praneel/vlsi/projects/IDP_2/experiments/EXP000_exact_dadda_no_comp/pd/orfs/results/sky130hd/exact_dadda_no_comp/base/3_4_place_resized.odb
Elapsed time: 0:01.24[h:]min:sec. CPU time: user 1.04 sys 0.20 (100%). Peak memory: 139476KB.
Log                       Ext     Elapsed/s Peak Memory/MB sha1sum result [0:20)
3_4_place_resized         .odb            1            136 753ccd4a3e196cccbf8b
