OpenROAD 26Q3-1499-g46ab99414e 
Features included (+) or not (-): +GPU +GUI +Python
This program is licensed under the BSD-3 license. See the LICENSE file for details.
Components of this program may be licensed under more restrictive licenses which must be honored.
[INFO ORD-0030] Using 12 thread(s).
read_liberty /home/praneel/vlsi/tools/OpenROAD-flow-scripts/flow/platforms/sky130hd/lib/sky130_fd_sc_hd__tt_025C_1v80.lib
read_db /home/praneel/vlsi/projects/IDP_2/experiments/EXP000_exact_dadda_no_comp/pd/orfs/results/sky130hd/exact_dadda_no_comp/base/4_cts.odb
read_sdc /home/praneel/vlsi/projects/IDP_2/experiments/EXP000_exact_dadda_no_comp/pd/orfs/results/sky130hd/exact_dadda_no_comp/base/4_cts.sdc
source /home/praneel/vlsi/tools/OpenROAD-flow-scripts/flow/platforms/sky130hd/setRC.tcl
pin_access
[INFO DRT-0149] Reading tech and libs.
[WARNING DRT-0349] LEF58_ENCLOSURE with no CUTCLASS is not supported. Skipping for layer mcon
[WARNING DRT-0349] LEF58_ENCLOSURE with no CUTCLASS is not supported. Skipping for layer mcon
[WARNING DRT-0349] LEF58_ENCLOSURE with no CUTCLASS is not supported. Skipping for layer via
[WARNING DRT-0349] LEF58_ENCLOSURE with no CUTCLASS is not supported. Skipping for layer via
[WARNING DRT-0349] LEF58_ENCLOSURE with no CUTCLASS is not supported. Skipping for layer via2
[WARNING DRT-0349] LEF58_ENCLOSURE with no CUTCLASS is not supported. Skipping for layer via2
[WARNING DRT-0349] LEF58_ENCLOSURE with no CUTCLASS is not supported. Skipping for layer via3
[WARNING DRT-0349] LEF58_ENCLOSURE with no CUTCLASS is not supported. Skipping for layer via3
[WARNING DRT-0349] LEF58_ENCLOSURE with no CUTCLASS is not supported. Skipping for layer via4
[WARNING DRT-0349] LEF58_ENCLOSURE with no CUTCLASS is not supported. Skipping for layer via4

Units:                1000
Number of layers:     13
Number of macros:     441
Number of vias:       29
Number of viarulegen: 25

[INFO DRT-0150] Reading design.

Design:                   exact_dadda_no_comp
Die area:                 ( 0 0 ) ( 71230 71230 )
Number of track patterns: 12
Number of DEF vias:       0
Number of components:     321
Number of terminals:      34
Number of snets:          2
Number of nets:           342

[INFO DRT-0167] List of default vias:
  Layer via
    default via: M1M2_PR
  Layer via2
    default via: M2M3_PR
  Layer via3
    default via: M3M4_PR
  Layer via4
    default via: M4M5_PR
[INFO DRT-0162] Library cell analysis.
[INFO DRT-0163] Instance analysis.
[INFO DRT-0164] Number of unique instances = 64.
[INFO DRT-0168] Init region query.
[INFO DRT-0024]   Complete FR_MASTERSLICE.
[INFO DRT-0024]   Complete Fr_VIA.
[INFO DRT-0024]   Complete li1.
[INFO DRT-0024]   Complete mcon.
[INFO DRT-0024]   Complete met1.
[INFO DRT-0024]   Complete via.
[INFO DRT-0024]   Complete met2.
[INFO DRT-0024]   Complete via2.
[INFO DRT-0024]   Complete met3.
[INFO DRT-0024]   Complete via3.
[INFO DRT-0024]   Complete met4.
[INFO DRT-0024]   Complete via4.
[INFO DRT-0024]   Complete met5.
[INFO DRT-0033] FR_MASTERSLICE shape region query size = 0.
[INFO DRT-0033] FR_VIA shape region query size = 0.
[INFO DRT-0033] li1 shape region query size = 8686.
[INFO DRT-0033] mcon shape region query size = 4902.
[INFO DRT-0033] met1 shape region query size = 1407.
[INFO DRT-0033] via shape region query size = 250.
[INFO DRT-0033] met2 shape region query size = 166.
[INFO DRT-0033] via2 shape region query size = 200.
[INFO DRT-0033] met3 shape region query size = 166.
[INFO DRT-0033] via3 shape region query size = 200.
[INFO DRT-0033] met4 shape region query size = 62.
[INFO DRT-0033] via4 shape region query size = 8.
[INFO DRT-0033] met5 shape region query size = 16.
[INFO DRT-0165] Start pin access.
[INFO DRT-0078]   Complete 474 pins.
[INFO DRT-0081]   Complete 64 unique inst patterns.
[INFO DRT-0084]   Complete 181 groups.
#scanned instances     = 321
#unique  instances     = 64
#stdCellGenAp          = 2775
#stdCellValidPlanarAp  = 52
#stdCellValidViaAp     = 1286
#stdCellPinNoAp        = 10
#stdCellPinCnt         = 869
#instTermValidViaApCnt = 0
#macroGenAp            = 0
#macroValidPlanarAp    = 0
#macroValidViaAp       = 0
#macroNoAp             = 0
[INFO DRT-0166] Complete pin access.
[INFO DRT-0267] cpu time = 00:01:16, elapsed time = 00:00:16, memory = 127.84 (MB), peak = 126.48 (MB)
Took 17 seconds: pin_access
global_route -congestion_report_file /home/praneel/vlsi/projects/IDP_2/experiments/EXP000_exact_dadda_no_comp/pd/orfs/reports/sky130hd/exact_dadda_no_comp/base/congestion.rpt -congestion_iterations 30 -congestion_report_iter_step 5 -verbose
[INFO GRT-0020] Min routing layer: met1
[INFO GRT-0021] Max routing layer: met5
[INFO GRT-0022] Global adjustment: 0%
[INFO GRT-0023] Grid origin: (0, 0)
[INFO GRT-0088] Layer li1     Track-Pitch = 0.4600  line-2-Via Pitch: 0.3400
[INFO GRT-0088] Layer met1    Track-Pitch = 0.3400  line-2-Via Pitch: 0.3400
[INFO GRT-0088] Layer met2    Track-Pitch = 0.4600  line-2-Via Pitch: 0.3500
[INFO GRT-0088] Layer met3    Track-Pitch = 0.6800  line-2-Via Pitch: 0.6150
[INFO GRT-0088] Layer met4    Track-Pitch = 0.9200  line-2-Via Pitch: 1.0400
[INFO GRT-0088] Layer met5    Track-Pitch = 3.4000  line-2-Via Pitch: 3.1100
[INFO GRT-0003] Macros: 0
[INFO GRT-0004] Blockages: 190
[INFO GRT-0019] Found 0 clock nets.
[INFO GRT-0001] Minimum degree: 2
[INFO GRT-0002] Maximum degree: 9

[INFO GRT-0053] Routing resources analysis:
          Routing      Original      Derated      Resource
Layer     Direction    Resources     Resources    Reduction (%)
---------------------------------------------------------------
li1        Vertical            0             0          0.00%
met1       Horizontal       1431          1103          22.92%
met2       Vertical         1251           972          22.30%
met3       Horizontal        905           711          21.44%
met4       Vertical          621           477          23.19%
met5       Horizontal        153            99          35.29%
---------------------------------------------------------------

[INFO GRT-0197] Via related to pin nodes: 1559
[INFO GRT-0198] Via related Steiner nodes: 15
[INFO GRT-0199] Via filling finished.
[INFO GRT-0111] Final number of vias: 1949
[INFO GRT-0112] Final usage 3D: 6550

[INFO GRT-0096] Final congestion report:
Layer         Resource        Demand        Usage (%)    Max H / Max V / Total Congestion
---------------------------------------------------------------------------------------
li1                  0             0            0.00%             0 /  0 /  0
met1              1103           275           24.93%             0 /  0 /  0
met2               972           405           41.67%             0 /  0 /  0
met3               711             7            0.98%             0 /  0 /  0
met4               477            16            3.35%             0 /  0 /  0
met5                99             0            0.00%             0 /  0 /  0
---------------------------------------------------------------------------------------
Total             3362           703           20.91%             0 /  0 /  0

[INFO GRT-0018] Total wirelength: 8666 um
[INFO GRT-0014] Routed nets: 342
[INFO GRT-0303] Global routing runtime = 00:00:00
[WARNING STA-0450] virtual clock VCLK can not be propagated.
estimate_parasitics -global_routing
Perform buffer insertion and gate resizing...
repair_design -verbose
Iteration |   Area    | Resized | Buffers | Nets repaired | Remaining
---------------------------------------------------------------------
        0 |     +0.0% |       0 |       0 |             0 |       342
       10 |     +0.0% |       0 |       0 |             0 |       332
       20 |     +0.0% |       0 |       0 |             0 |       322
       30 |     +0.0% |       0 |       0 |             0 |       312
       40 |     +0.0% |       0 |       0 |             0 |       302
       50 |     +0.0% |       0 |       0 |             0 |       292
       60 |     +0.0% |       0 |       0 |             0 |       282
       70 |     +0.0% |       0 |       0 |             0 |       272
       80 |     +0.0% |       0 |       0 |             0 |       262
       90 |     +0.0% |       0 |       0 |             0 |       252
      100 |     +0.0% |       0 |       0 |             0 |       242
      110 |     +0.0% |       0 |       0 |             0 |       232
      120 |     +0.0% |       0 |       0 |             0 |       222
      130 |     +0.0% |       0 |       0 |             0 |       212
      140 |     +0.0% |       0 |       0 |             0 |       202
      150 |     +0.0% |       0 |       0 |             0 |       192
      160 |     +0.0% |       0 |       0 |             0 |       182
      170 |     +0.0% |       0 |       0 |             0 |       172
      180 |     +0.0% |       0 |       0 |             0 |       162
      190 |     +0.0% |       0 |       0 |             0 |       152
      200 |     +0.0% |       0 |       0 |             0 |       142
      210 |     +0.0% |       0 |       0 |             0 |       132
      220 |     +0.0% |       0 |       0 |             0 |       122
      230 |     +0.0% |       0 |       0 |             0 |       112
      240 |     +0.0% |       0 |       0 |             0 |       102
      250 |     +0.0% |       0 |       0 |             0 |        92
      260 |     +0.0% |       0 |       0 |             0 |        82
      270 |     +0.0% |       0 |       0 |             0 |        72
      280 |     +0.0% |       0 |       0 |             0 |        62
      290 |     +0.0% |       0 |       0 |             0 |        52
      300 |     +0.0% |       0 |       0 |             0 |        42
      310 |     +0.0% |       0 |       0 |             0 |        32
      320 |     +0.0% |       0 |       0 |             0 |        22
      330 |     +0.0% |       0 |       0 |             0 |        12
      340 |     +0.0% |       0 |       0 |             0 |         2
    final |     +0.0% |       0 |       0 |             0 |         0
---------------------------------------------------------------------
[INFO RSZ-0504] Runtime: 0.04s
global_route -start_incremental
detailed_placement
[INFO DPL-0006] Core area: 4354.18 um^2
[INFO DPL-0007] Movable instances area: 2796.43 um^2
[INFO DPL-0008] Fixed instances area within core: 65.06 um^2
[INFO DPL-0009] Utilization: 65.7%
[INFO DPL-0005] Diamond search max displacement: +/- 500 sites horizontally, +/- 100 rows vertically.
[INFO DPL-1102] Legalizing using negotiation legalizer.
[INFO DPL-1103] Negotiation base search window: +/-20 sites horizontally, +/-5 rows vertically 
	Automatic search window extension enabled.
	Search window extendable up to the max displacement cap of +/-500 sites, +/-100 rows near walls.
[INFO DPL-1104] NegotiationLegalizer DRC penalty: 5.
[INFO DPL-0392] Negotiation cell height distribution (1 unique row-count(s)):
[INFO DPL-0393]   height 1 row(s): 321 cells
[INFO DPL-0500] Runtime: 0.00s
Placement Analysis
---------------------------------
total displacement          0.0 u
average displacement        0.0 u
max displacement            0.0 u
original HPWL            4564.7 u
legalized HPWL           4564.7 u
delta HPWL                    0 %

global_route -end_incremental -congestion_report_file /home/praneel/vlsi/projects/IDP_2/experiments/EXP000_exact_dadda_no_comp/pd/orfs/reports/sky130hd/exact_dadda_no_comp/base/congestion_post_repair_design.rpt
Repair setup and hold violations...
estimate_parasitics -global_routing
repair_timing -setup_margin 0 -hold_margin 0 -repair_tns 100 -verbose
[INFO RSZ-0100] Repair move sequence: UnbufferMove SizeUpMove SwapPinsMove BufferMove CloneMove SplitLoadMove 
[INFO RSZ-0094] Found 13 endpoints with setup violations.
[INFO RSZ-0099] Repairing 13 out of 13 (100.00%) violating endpoints...
   Iter   | Removed | Resized | Inserted | Cloned |  Pin  |   Area   |    WNS   |   StTNS    |   EnTNS    |  Viol  |  Worst  
          | Buffers |  Gates  | Buffers  |  Gates | Swaps |          |          |            |            | Endpts | St/EnPt 
------------------------------------------------------------------------------------------------------------------------------
       0* |       0 |       0 |        0 |      0 |     0 |    +0.0% |   -1.802 |      -26.6 |      -17.7 |     13 | P[13]
      10* |       0 |       1 |        0 |      0 |     8 |    +0.1% |   -1.835 |      -26.8 |      -17.7 |     13 | P[13]
      20* |       1 |       2 |        3 |      0 |    14 |    +0.6% |   -1.761 |      -26.3 |      -17.5 |     13 | P[14]
      30* |       1 |       4 |        5 |      0 |    20 |    +1.0% |   -1.744 |      -25.6 |      -17.4 |     13 | P[13]
      34* |       1 |       4 |        4 |      0 |    19 |    +0.7% |   -1.717 |      -25.5 |      -17.2 |     13 | P[13]
      40* |       1 |       6 |        4 |      0 |    22 |    +0.9% |   -1.755 |      -25.7 |      -17.4 |     13 | P[13]
      42* |       1 |       4 |        4 |      0 |    19 |    +0.7% |   -1.717 |      -25.5 |      -17.2 |     13 | P[13]
      50* |       1 |       8 |        4 |      0 |    22 |    +1.7% |   -1.717 |      -25.5 |      -17.2 |     13 | P[13]
      60* |       1 |       9 |        5 |      0 |    30 |    +2.1% |   -1.718 |      -25.5 |      -17.0 |     13 | P[13]
      70* |       1 |      14 |        7 |      0 |    33 |    +3.3% |   -1.728 |      -25.6 |      -17.1 |     13 | P[13]
      72* |       1 |       8 |        5 |      0 |    29 |    +2.0% |   -1.717 |      -25.5 |      -17.1 |     13 | P[13]
      79* |       1 |       8 |        5 |      0 |    29 |    +2.0% |   -1.717 |      -25.5 |      -17.1 |     13 | P[13]
      80* |       1 |       8 |        5 |      0 |    29 |    +2.0% |   -1.717 |      -25.5 |      -17.1 |     13 | P[13]
      90* |       3 |      11 |        7 |      0 |    32 |    +2.1% |   -1.717 |      -25.4 |      -17.0 |     13 | P[13]
      91* |       3 |      11 |        6 |      0 |    32 |    +1.9% |   -1.717 |      -25.4 |      -16.9 |     13 | P[13]
      95* |       3 |      12 |        7 |      0 |    33 |    +2.3% |   -1.717 |      -25.4 |      -16.9 |     13 | P[13]
     100* |       4 |      14 |        8 |      0 |    33 |    +2.4% |   -1.717 |      -25.4 |      -16.8 |     13 | P[13]
     110* |       8 |      16 |       12 |      0 |    33 |    +2.4% |   -1.717 |      -25.4 |      -16.8 |     13 | P[13]
     113* |       9 |      17 |       13 |      0 |    33 |    +2.4% |   -1.717 |      -25.4 |      -16.7 |     13 | P[13]
     120* |       9 |      18 |       14 |      0 |    37 |    +2.8% |   -1.725 |      -25.4 |      -16.9 |     13 | P[13]
     120* |       9 |      17 |       14 |      0 |    35 |    +2.7% |   -1.711 |      -25.4 |      -16.8 |     13 | P[13]
     130* |      10 |      21 |       17 |      0 |    36 |    +3.8% |   -1.711 |      -25.4 |      -16.9 |     13 | P[13]
     131* |      10 |      18 |       14 |      0 |    36 |    +2.6% |   -1.711 |      -25.4 |      -16.6 |     13 | P[13]
     140* |      10 |      22 |       16 |      0 |    38 |    +3.8% |   -1.713 |      -25.4 |      -16.8 |     13 | P[13]
     142* |      10 |      18 |       14 |      0 |    36 |    +2.6% |   -1.711 |      -25.4 |      -16.6 |     13 | P[13]
     150* |      10 |      22 |       17 |      0 |    36 |    +4.0% |   -1.711 |      -25.4 |      -16.9 |     13 | P[13]
     158* |      10 |      20 |       14 |      0 |    36 |    +3.0% |   -1.711 |      -25.4 |      -16.6 |     13 | P[13]
     160* |      10 |      20 |       14 |      0 |    37 |    +3.0% |   -1.711 |      -25.4 |      -16.6 |     13 | P[13]
     170* |      10 |      24 |       18 |      0 |    40 |    +4.9% |   -1.711 |      -25.4 |      -16.9 |     13 | P[13]
     180* |      10 |      29 |       23 |      0 |    40 |    +6.8% |   -1.711 |      -25.4 |      -17.4 |     13 | P[13]
     181* |      10 |      21 |       14 |      0 |    37 |    +3.4% |   -1.711 |      -25.4 |      -16.6 |     13 | P[13]
     190* |      12 |      23 |       15 |      0 |    40 |    +3.4% |   -1.711 |      -25.4 |      -16.4 |     13 | P[13]
     190* |      12 |      23 |       15 |      0 |    40 |    +3.4% |   -1.711 |      -25.4 |      -16.4 |     13 | P[13]
     190* |      12 |      23 |       15 |      0 |    40 |    +3.4% |   -1.711 |      -25.4 |      -16.4 |     13 | P[13]
     190+ |      12 |      23 |       15 |      0 |    40 |    +3.4% |   -1.711 |      -25.4 |      -16.4 |     12 | P[13]
     192+ |      12 |      23 |       15 |      0 |    41 |    +3.4% |   -1.710 |      -25.3 |      -16.4 |     12 | P[13]
     194+ |      12 |      24 |       15 |      0 |    41 |    +3.5% |   -1.710 |      -25.3 |      -16.4 |     12 | P[13]
     195+ |      12 |      24 |       15 |      0 |    41 |    +3.5% |   -1.710 |      -25.3 |      -16.4 |     12 | P[13]
     197+ |      12 |      25 |       15 |      0 |    41 |    +3.5% |   -1.710 |      -25.3 |      -16.4 |     12 | P[13]
     198+ |      12 |      25 |       15 |      0 |    41 |    +3.5% |   -1.710 |      -25.3 |      -16.4 |     12 | P[13]
     200+ |      12 |      26 |       15 |      0 |    41 |    +3.6% |   -1.710 |      -25.4 |      -16.4 |     12 | P[13]
     200+ |      12 |      26 |       15 |      0 |    41 |    +3.6% |   -1.710 |      -25.4 |      -16.4 |     12 | P[13]
     201+ |      12 |      26 |       15 |      0 |    41 |    +3.6% |   -1.710 |      -25.4 |      -16.4 |     12 | P[13]
     202+ |      12 |      26 |       15 |      0 |    41 |    +3.6% |   -1.710 |      -25.4 |      -16.4 |     12 | P[13]
     204+ |      12 |      27 |       15 |      0 |    41 |    +3.7% |   -1.710 |      -25.4 |      -16.3 |     12 | P[13]
     205+ |      12 |      27 |       15 |      0 |    41 |    +3.7% |   -1.710 |      -25.4 |      -16.3 |     12 | P[13]
     206+ |      12 |      27 |       15 |      0 |    41 |    +3.7% |   -1.710 |      -25.4 |      -16.3 |     12 | P[13]
     207+ |      12 |      27 |       15 |      0 |    41 |    +3.7% |   -1.710 |      -25.4 |      -16.3 |     12 | P[13]
    final |      12 |      27 |       15 |      0 |    41 |    +3.7% |   -1.710 |      -25.4 |      -16.3 |     12 | P[13]
------------------------------------------------------------------------------------------------------------------------------
[INFO RSZ-0059] Removed 12 buffers.
[INFO RSZ-0040] Inserted 15 buffers.
[INFO RSZ-0051] Resized 27 instances: 27 up, 0 up match, 0 down, 0 VT
[INFO RSZ-0043] Swapped pins on 41 instances.
[WARNING RSZ-0062] Unable to repair all setup violations.
[INFO RSZ-0505] Runtime: 7.89s
[INFO RSZ-0033] No hold violations found.
[INFO RSZ-0506] Runtime: 0.01s
Took 8 seconds: repair_timing -setup_margin 0 -hold_margin 0 -repair_tns 100 -verbose
global_route -start_incremental
detailed_placement
[INFO DPL-0006] Core area: 4354.18 um^2
[INFO DPL-0007] Movable instances area: 2902.78 um^2
[INFO DPL-0008] Fixed instances area within core: 65.06 um^2
[INFO DPL-0009] Utilization: 68.2%
[INFO DPL-0005] Diamond search max displacement: +/- 500 sites horizontally, +/- 100 rows vertically.
[INFO DPL-1102] Legalizing using negotiation legalizer.
[INFO DPL-1103] Negotiation base search window: +/-20 sites horizontally, +/-5 rows vertically 
	Automatic search window extension enabled.
	Search window extendable up to the max displacement cap of +/-500 sites, +/-100 rows near walls.
[INFO DPL-1104] NegotiationLegalizer DRC penalty: 5.
[INFO DPL-0392] Negotiation cell height distribution (1 unique row-count(s)):
[INFO DPL-0393]   height 1 row(s): 324 cells
          |      Total |  Illegal |  Illegal
Iteration | Violations |    Cells |    Sites
---------------------------------------------
        0 |          0 |         0 |         0
Negotiation phase 1 converged at iteration 0.
[INFO DPL-0500] Runtime: 0.02s
Placement Analysis
---------------------------------
total displacement        134.4 u
average displacement        0.4 u
max displacement           11.3 u
original HPWL            4555.4 u
legalized HPWL           4684.5 u
delta HPWL                    3 %

check_placement -verbose
global_route -end_incremental -congestion_report_file /home/praneel/vlsi/projects/IDP_2/experiments/EXP000_exact_dadda_no_comp/pd/orfs/reports/sky130hd/exact_dadda_no_comp/base/congestion_post_repair_timing.rpt
estimate_parasitics -global_routing
global_route -start_incremental
global_route -end_incremental -congestion_report_file /home/praneel/vlsi/projects/IDP_2/experiments/EXP000_exact_dadda_no_comp/pd/orfs/reports/sky130hd/exact_dadda_no_comp/base/congestion_post_recover_power.rpt
Repair antennas...
[INFO GRT-0012] Found 0 antenna violations.
[INFO ANT-0002] Found 0 net violations.
[INFO ANT-0001] Found 0 pin violations.
Estimate parasitics...
estimate_parasitics -global_routing
Report metrics stage 5, global route...
No registers in design

==========================================================================
global route report_design_area
--------------------------------------------------------------------------
Design area 2968 um^2 68% utilization.
[INFO FLW-0007] clock VCLK period 2.000000
[INFO FLW-0008] Clock VCLK period 3.526
[INFO FLW-0009] Clock VCLK slack -1.712
write_sdc -no_timestamp /home/praneel/vlsi/projects/IDP_2/experiments/EXP000_exact_dadda_no_comp/pd/orfs/results/sky130hd/exact_dadda_no_comp/base/updated_clks.sdc
[WARNING STA-0450] virtual clock VCLK can not be propagated.
[INFO FLW-0011] Path endpoint path count 16
write_db /home/praneel/vlsi/projects/IDP_2/experiments/EXP000_exact_dadda_no_comp/pd/orfs/results/sky130hd/exact_dadda_no_comp/base/5_1_grt.odb
write_sdc -no_timestamp /home/praneel/vlsi/projects/IDP_2/experiments/EXP000_exact_dadda_no_comp/pd/orfs/results/sky130hd/exact_dadda_no_comp/base/5_1_grt.sdc
Elapsed time: 0:26.67[h:]min:sec. CPU time: user 88.15 sys 0.62 (332%). Peak memory: 258844KB.
Log                       Ext     Elapsed/s Peak Memory/MB sha1sum result [0:20)
5_1_grt                   .odb           26            252 87bad73eba3b500dc0b6
5_1_grt                   .sdc                             53b8276368334e0a74f3
