OpenROAD 26Q3-1499-g46ab99414e 
Features included (+) or not (-): +GPU +GUI +Python
This program is licensed under the BSD-3 license. See the LICENSE file for details.
Components of this program may be licensed under more restrictive licenses which must be honored.
[INFO ORD-0030] Using 12 thread(s).
read_liberty /home/praneel/vlsi/tools/OpenROAD-flow-scripts/flow/platforms/sky130hd/lib/sky130_fd_sc_hd__tt_025C_1v80.lib
read_db /home/praneel/vlsi/projects/IDP_2/experiments/EXP000_exact_dadda_no_comp/pd/orfs/results/sky130hd/exact_dadda_no_comp/base/5_1_grt.odb
read_sdc /home/praneel/vlsi/projects/IDP_2/experiments/EXP000_exact_dadda_no_comp/pd/orfs/results/sky130hd/exact_dadda_no_comp/base/5_1_grt.sdc
source /home/praneel/vlsi/tools/OpenROAD-flow-scripts/flow/platforms/sky130hd/setRC.tcl
[WARNING STA-0450] virtual clock VCLK can not be propagated.
detailed_route -output_drc /home/praneel/vlsi/projects/IDP_2/experiments/EXP000_exact_dadda_no_comp/pd/orfs/reports/sky130hd/exact_dadda_no_comp/base/5_route_drc.rpt -output_maze /home/praneel/vlsi/projects/IDP_2/experiments/EXP000_exact_dadda_no_comp/pd/orfs/results/sky130hd/exact_dadda_no_comp/base/maze.log -droute_end_iter 64 -verbose 1 -drc_report_iter_step 5
[INFO DRT-0149] Reading tech and libs.
[WARNING DRT-0349] LEF58_ENCLOSURE with no CUTCLASS is not supported. Skipping for layer mcon
[WARNING DRT-0349] LEF58_ENCLOSURE with no CUTCLASS is not supported. Skipping for layer mcon
[WARNING DRT-0349] LEF58_ENCLOSURE with no CUTCLASS is not supported. Skipping for layer via
[WARNING DRT-0349] LEF58_ENCLOSURE with no CUTCLASS is not supported. Skipping for layer via
[WARNING DRT-0349] LEF58_ENCLOSURE with no CUTCLASS is not supported. Skipping for layer via2
[WARNING DRT-0349] LEF58_ENCLOSURE with no CUTCLASS is not supported. Skipping for layer via2
[WARNING DRT-0349] LEF58_ENCLOSURE with no CUTCLASS is not supported. Skipping for layer via3
[WARNING DRT-0349] LEF58_ENCLOSURE with no CUTCLASS is not supported. Skipping for layer via3
[WARNING DRT-0349] LEF58_ENCLOSURE with no CUTCLASS is not supported. Skipping for layer via4
[WARNING DRT-0349] LEF58_ENCLOSURE with no CUTCLASS is not supported. Skipping for layer via4

Units:                1000
Number of layers:     13
Number of macros:     441
Number of vias:       29
Number of viarulegen: 25

[INFO DRT-0150] Reading design.

Design:                   exact_dadda_no_comp
Die area:                 ( 0 0 ) ( 71230 71230 )
Number of track patterns: 12
Number of DEF vias:       0
Number of components:     324
Number of terminals:      34
Number of snets:          2
Number of nets:           345

[INFO DRT-0167] List of default vias:
  Layer via
    default via: M1M2_PR
  Layer via2
    default via: M2M3_PR
  Layer via3
    default via: M3M4_PR
  Layer via4
    default via: M4M5_PR
[INFO DRT-0162] Library cell analysis.
[INFO DRT-0163] Instance analysis.
[INFO DRT-0164] Number of unique instances = 65.
[INFO DRT-0168] Init region query.
[INFO DRT-0024]   Complete FR_MASTERSLICE.
[INFO DRT-0024]   Complete Fr_VIA.
[INFO DRT-0024]   Complete li1.
[INFO DRT-0024]   Complete mcon.
[INFO DRT-0024]   Complete met1.
[INFO DRT-0024]   Complete via.
[INFO DRT-0024]   Complete met2.
[INFO DRT-0024]   Complete via2.
[INFO DRT-0024]   Complete met3.
[INFO DRT-0024]   Complete via3.
[INFO DRT-0024]   Complete met4.
[INFO DRT-0024]   Complete via4.
[INFO DRT-0024]   Complete met5.
[INFO DRT-0033] FR_MASTERSLICE shape region query size = 0.
[INFO DRT-0033] FR_VIA shape region query size = 0.
[INFO DRT-0033] li1 shape region query size = 8958.
[INFO DRT-0033] mcon shape region query size = 5074.
[INFO DRT-0033] met1 shape region query size = 1421.
[INFO DRT-0033] via shape region query size = 250.
[INFO DRT-0033] met2 shape region query size = 166.
[INFO DRT-0033] via2 shape region query size = 200.
[INFO DRT-0033] met3 shape region query size = 166.
[INFO DRT-0033] via3 shape region query size = 200.
[INFO DRT-0033] met4 shape region query size = 62.
[INFO DRT-0033] via4 shape region query size = 8.
[INFO DRT-0033] met5 shape region query size = 16.
[INFO DRT-0165] Start pin access.
[INFO DRT-0078]   Complete 481 pins.
[INFO DRT-0081]   Complete 65 unique inst patterns.
[INFO DRT-0084]   Complete 181 groups.
#scanned instances     = 324
#unique  instances     = 65
#stdCellGenAp          = 2847
#stdCellValidPlanarAp  = 59
#stdCellValidViaAp     = 1302
#stdCellPinNoAp        = 10
#stdCellPinCnt         = 875
#instTermValidViaApCnt = 0
#macroGenAp            = 0
#macroValidPlanarAp    = 0
#macroValidViaAp       = 0
#macroNoAp             = 0
[INFO DRT-0166] Complete pin access.
[INFO DRT-0267] cpu time = 00:01:20, elapsed time = 00:00:16, memory = 222.81 (MB), peak = 221.88 (MB)

[INFO DRT-0157] Number of guides:     2077

[INFO DRT-0169] Post process guides.
[INFO DRT-0176] GCELLGRID X 0 DO 10 STEP 6900 ;
[INFO DRT-0177] GCELLGRID Y 0 DO 10 STEP 6900 ;
[INFO DRT-0028]   Complete FR_MASTERSLICE.
[INFO DRT-0028]   Complete Fr_VIA.
[INFO DRT-0028]   Complete li1.
[INFO DRT-0028]   Complete mcon.
[INFO DRT-0028]   Complete met1.
[INFO DRT-0028]   Complete via.
[INFO DRT-0028]   Complete met2.
[INFO DRT-0028]   Complete via2.
[INFO DRT-0028]   Complete met3.
[INFO DRT-0028]   Complete via3.
[INFO DRT-0028]   Complete met4.
[INFO DRT-0028]   Complete via4.
[INFO DRT-0028]   Complete met5.
[INFO DRT-0178] Init guide query.
[INFO DRT-0035]   Complete FR_MASTERSLICE (guide).
[INFO DRT-0035]   Complete Fr_VIA (guide).
[INFO DRT-0035]   Complete li1 (guide).
[INFO DRT-0035]   Complete mcon (guide).
[INFO DRT-0035]   Complete met1 (guide).
[INFO DRT-0035]   Complete via (guide).
[INFO DRT-0035]   Complete met2 (guide).
[INFO DRT-0035]   Complete via2 (guide).
[INFO DRT-0035]   Complete met3 (guide).
[INFO DRT-0035]   Complete via3 (guide).
[INFO DRT-0035]   Complete met4 (guide).
[INFO DRT-0035]   Complete via4 (guide).
[INFO DRT-0035]   Complete met5 (guide).
[INFO DRT-0036] FR_MASTERSLICE guide region query size = 0.
[INFO DRT-0036] FR_VIA guide region query size = 0.
[INFO DRT-0036] li1 guide region query size = 688.
[INFO DRT-0036] mcon guide region query size = 0.
[INFO DRT-0036] met1 guide region query size = 643.
[INFO DRT-0036] via guide region query size = 0.
[INFO DRT-0036] met2 guide region query size = 329.
[INFO DRT-0036] via2 guide region query size = 0.
[INFO DRT-0036] met3 guide region query size = 22.
[INFO DRT-0036] via3 guide region query size = 0.
[INFO DRT-0036] met4 guide region query size = 3.
[INFO DRT-0036] via4 guide region query size = 0.
[INFO DRT-0036] met5 guide region query size = 0.
[INFO DRT-0179] Init gr pin query.
[INFO DRT-0267] cpu time = 00:00:00, elapsed time = 00:00:00, memory = 223.16 (MB), peak = 222.14 (MB)
[INFO DRT-0245] skipped writing guide updates to database.
[INFO DRT-0181] Start track assignment.
[INFO DRT-0184] Done with 1020 vertical wires in 1 frboxes and 665 horizontal wires in 1 frboxes.
[INFO DRT-0186] Done with 126 vertical wires in 1 frboxes and 139 horizontal wires in 1 frboxes.
[INFO DRT-0182] Complete track assignment.
[INFO DRT-0267] cpu time = 00:00:00, elapsed time = 00:00:00, memory = 226.39 (MB), peak = 225.42 (MB)
[INFO DRT-0187] Start routing data preparation.
[INFO DRT-0267] cpu time = 00:00:00, elapsed time = 00:00:00, memory = 226.45 (MB), peak = 225.42 (MB)
[INFO DRT-0194] Start detail routing.
[INFO DRT-0195] Start 0th optimization iteration.
    Completing 20% with 0 violations.
    elapsed time = 00:00:01, memory = 243.11 (MB).
    Completing 50% with 8 violations.
    elapsed time = 00:00:01, memory = 256.31 (MB).
    Completing 70% with 16 violations.
    elapsed time = 00:00:02, memory = 256.31 (MB).
    Completing 100% with 24 violations.
    elapsed time = 00:00:02, memory = 256.31 (MB).
[INFO DRT-0199]   Number of violations = 37.
Viol/Layer        mcon   met1   met2
Cut Spacing          1      0      0
Metal Spacing        0      9      1
Recheck              0     11      2
Short                0     11      2
[INFO DRT-0267] cpu time = 00:00:02, elapsed time = 00:00:02, memory = 604.62 (MB), peak = 603.59 (MB)
Total wire length = 4925 um.
Total wire length on LAYER li1 = 0 um.
Total wire length on LAYER met1 = 1912 um.
Total wire length on LAYER met2 = 2879 um.
Total wire length on LAYER met3 = 96 um.
Total wire length on LAYER met4 = 36 um.
Total wire length on LAYER met5 = 0 um.
Total number of vias = 1686.
Up-via summary (total 1686):

-----------------------
 FR_MASTERSLICE       0
            li1     807
           met1     853
           met2      22
           met3       4
           met4       0
-----------------------
               1686


[INFO DRT-0195] Start 1st optimization iteration.
    Completing 20% with 37 violations.
    elapsed time = 00:00:00, memory = 619.99 (MB).
    Completing 50% with 35 violations.
    elapsed time = 00:00:00, memory = 619.99 (MB).
    Completing 70% with 30 violations.
    elapsed time = 00:00:01, memory = 636.25 (MB).
    Completing 100% with 8 violations.
    elapsed time = 00:00:01, memory = 637.22 (MB).
[INFO DRT-0199]   Number of violations = 8.
Viol/Layer        met1
Short                8
[INFO DRT-0267] cpu time = 00:00:02, elapsed time = 00:00:02, memory = 637.22 (MB), peak = 636.21 (MB)
Total wire length = 4928 um.
Total wire length on LAYER li1 = 0 um.
Total wire length on LAYER met1 = 1899 um.
Total wire length on LAYER met2 = 2891 um.
Total wire length on LAYER met3 = 100 um.
Total wire length on LAYER met4 = 36 um.
Total wire length on LAYER met5 = 0 um.
Total number of vias = 1698.
Up-via summary (total 1698):

-----------------------
 FR_MASTERSLICE       0
            li1     805
           met1     865
           met2      24
           met3       4
           met4       0
-----------------------
               1698


[INFO DRT-0195] Start 2nd optimization iteration.
    Completing 10% with 8 violations.
    elapsed time = 00:00:00, memory = 637.22 (MB).
    Completing 20% with 8 violations.
    elapsed time = 00:00:00, memory = 637.22 (MB).
    Completing 30% with 8 violations.
    elapsed time = 00:00:00, memory = 637.22 (MB).
    Completing 40% with 8 violations.
    elapsed time = 00:00:00, memory = 637.22 (MB).
    Completing 50% with 8 violations.
    elapsed time = 00:00:00, memory = 637.22 (MB).
    Completing 60% with 8 violations.
    elapsed time = 00:00:00, memory = 637.22 (MB).
    Completing 70% with 8 violations.
    elapsed time = 00:00:00, memory = 637.22 (MB).
    Completing 80% with 8 violations.
    elapsed time = 00:00:00, memory = 637.22 (MB).
    Completing 100% with 7 violations.
    elapsed time = 00:00:02, memory = 663.49 (MB).
[INFO DRT-0199]   Number of violations = 7.
Viol/Layer        met1   met2
Metal Spacing        1      0
Short                5      1
[INFO DRT-0267] cpu time = 00:00:02, elapsed time = 00:00:02, memory = 605.44 (MB), peak = 686.84 (MB)
Total wire length = 4908 um.
Total wire length on LAYER li1 = 0 um.
Total wire length on LAYER met1 = 1898 um.
Total wire length on LAYER met2 = 2878 um.
Total wire length on LAYER met3 = 93 um.
Total wire length on LAYER met4 = 36 um.
Total wire length on LAYER met5 = 0 um.
Total number of vias = 1692.
Up-via summary (total 1692):

-----------------------
 FR_MASTERSLICE       0
            li1     806
           met1     860
           met2      22
           met3       4
           met4       0
-----------------------
               1692


[INFO DRT-0195] Start 3rd guides tiles iteration.
    Completing 20% with 7 violations.
    elapsed time = 00:00:00, memory = 612.02 (MB).
    Completing 50% with 7 violations.
    elapsed time = 00:00:00, memory = 612.17 (MB).
    Completing 70% with 0 violations.
    elapsed time = 00:00:00, memory = 612.17 (MB).
    Completing 100% with 0 violations.
    elapsed time = 00:00:00, memory = 612.17 (MB).
[INFO DRT-0199]   Number of violations = 0.
[INFO DRT-0267] cpu time = 00:00:00, elapsed time = 00:00:00, memory = 670.15 (MB), peak = 686.84 (MB)
Total wire length = 4911 um.
Total wire length on LAYER li1 = 0 um.
Total wire length on LAYER met1 = 1901 um.
Total wire length on LAYER met2 = 2879 um.
Total wire length on LAYER met3 = 93 um.
Total wire length on LAYER met4 = 36 um.
Total wire length on LAYER met5 = 0 um.
Total number of vias = 1695.
Up-via summary (total 1695):

-----------------------
 FR_MASTERSLICE       0
            li1     806
           met1     863
           met2      22
           met3       4
           met4       0
-----------------------
               1695


[INFO DRT-0198] Complete detail routing.
Total wire length = 4911 um.
Total wire length on LAYER li1 = 0 um.
Total wire length on LAYER met1 = 1901 um.
Total wire length on LAYER met2 = 2879 um.
Total wire length on LAYER met3 = 93 um.
Total wire length on LAYER met4 = 36 um.
Total wire length on LAYER met5 = 0 um.
Total number of vias = 1695.
Up-via summary (total 1695):

-----------------------
 FR_MASTERSLICE       0
            li1     806
           met1     863
           met2      22
           met3       4
           met4       0
-----------------------
               1695


[INFO DRT-0267] cpu time = 00:00:07, elapsed time = 00:00:07, memory = 670.21 (MB), peak = 686.84 (MB)

[INFO DRT-0180] Post processing.
[INFO DRT-0501] Runtime: 23.95s
Took 24 seconds: detailed_route -output_drc /home/praneel/vlsi/projects/IDP_2/experiments/EXP000_exact_dadda_no_comp/pd/orfs/reports/sky130hd/exact_dadda_no_comp/base/5_route_drc.rpt -output_maze /home/praneel/vlsi/projects/IDP_2/experiments/EXP000_exact_dadda_no_comp/pd/orfs/results/sky130hd/exact_dadda_no_comp/base/maze.log -droute_end_iter 64 -verbose 1 -drc_report_iter_step 5
[INFO GRT-0012] Found 0 antenna violations.
[INFO ANT-0002] Found 0 net violations.
[INFO ANT-0001] Found 0 pin violations.
[INFO ANT-0002] Found 0 net violations.
[INFO ANT-0001] Found 0 pin violations.
Design area 2968 um^2 68% utilization.
write_db /home/praneel/vlsi/projects/IDP_2/experiments/EXP000_exact_dadda_no_comp/pd/orfs/results/sky130hd/exact_dadda_no_comp/base/5_2_route.odb
Elapsed time: 0:24.87[h:]min:sec. CPU time: user 89.38 sys 0.49 (361%). Peak memory: 703324KB.
Log                       Ext     Elapsed/s Peak Memory/MB sha1sum result [0:20)
5_2_route                 .odb           24            686 8f0c5c9b94342fbe0513
