OpenROAD 26Q3-1499-g46ab99414e 
Features included (+) or not (-): +GPU +GUI +Python
This program is licensed under the BSD-3 license. See the LICENSE file for details.
Components of this program may be licensed under more restrictive licenses which must be honored.
Annotated 0 pin activities.
Startpoint: A[1] (input port clocked by VCLK)
Endpoint: P[15] (output port clocked by VCLK)
Path Group: VCLK
Path Type: max

    Delay      Time   Description
-------------------------------------------------------------
   0.0000    0.0000   clock VCLK (rise edge)
   0.0000    0.0000   clock network delay (ideal)
   0.0000    0.0000 v input external delay
   0.0000    0.0000 v A[1] (in)
   0.1150    0.1150 v input2/X (sky130_fd_sc_hd__buf_6)
   0.1475    0.2626 v _378_/X (sky130_fd_sc_hd__and2_4)
   0.5669    0.8295 ^ _396_/SUM (sky130_fd_sc_hd__fa_1)
   0.1925    1.0220 ^ _422_/COUT (sky130_fd_sc_hd__ha_2)
   0.4376    1.4595 v _400_/SUM (sky130_fd_sc_hd__fa_1)
   0.3612    1.8208 v _407_/COUT (sky130_fd_sc_hd__fa_2)
   0.5677    2.3885 ^ _402_/SUM (sky130_fd_sc_hd__fa_2)
   0.2234    2.6119 v _429_/SUM (sky130_fd_sc_hd__ha_4)
   0.0961    2.7080 ^ _174_/Y (sky130_fd_sc_hd__nand2_8)
   0.1061    2.8141 v _240_/Y (sky130_fd_sc_hd__o2111ai_2)
   0.2335    3.0475 v _243_/X (sky130_fd_sc_hd__o211a_1)
   0.1531    3.2007 v _244_/X (sky130_fd_sc_hd__xor2_1)
   0.1227    3.3234 v output23/X (sky130_fd_sc_hd__buf_2)
   0.0001    3.3235 v P[15] (out)
             3.3235   data arrival time

   2.0000    2.0000   clock VCLK (rise edge)
   0.0000    2.0000   clock network delay (ideal)
   0.0000    2.0000   clock reconvergence pessimism
   0.0000    2.0000   output external delay
             2.0000   data required time
-------------------------------------------------------------
             2.0000   data required time
            -3.3235   data arrival time
-------------------------------------------------------------
            -1.3235   slack (VIOLATED)


worst slack max -1.3235
tns max -10.4026
Group                    Internal    Switching      Leakage        Total
                            Power        Power        Power        Power (Watts)
------------------------------------------------------------------------
Sequential           0.000000e+00 0.000000e+00 0.000000e+00 0.000000e+00   0.0%
Combinational        1.259400e-03 1.087701e-03 1.549783e-09 2.347103e-03 100.0%
Clock                0.000000e+00 0.000000e+00 0.000000e+00 0.000000e+00   0.0%
Macro                0.000000e+00 0.000000e+00 0.000000e+00 0.000000e+00   0.0%
Pad                  0.000000e+00 0.000000e+00 0.000000e+00 0.000000e+00   0.0%
------------------------------------------------------------------------
Total                1.259400e-03 1.087701e-03 1.549783e-09 2.347103e-03 100.0%
                            53.7%        46.3%         0.0%
