Yosys 0.68+ (git sha1 a5af9d690, Release, GNU /usr/bin/c++ 13.3.0) [github.com/The-OpenROAD-Project/yosys at HEAD]
Using ABC speed script.
Extracting clock period from SDC file: /home/praneel/vlsi/projects/IDP_2/experiments/EXP001_exact_dadda_4to2_comp/pd/orfs/results/sky130hd/exact_dadda_with_compressor/base/clock_period.txt
Setting clock period to 2.000
1. Executing Liberty frontend: /home/praneel/vlsi/tools/OpenROAD-flow-scripts/flow/platforms/sky130hd/lib/sky130_fd_sc_hd__tt_025C_1v80.lib
2. Executing Liberty frontend: /home/praneel/vlsi/tools/OpenROAD-flow-scripts/flow/platforms/sky130hd/lib/sky130_fd_sc_hd__tt_025C_1v80.lib
3. Executing Verilog-2005 frontend: /home/praneel/vlsi/projects/IDP_2/rtl/exact/exact_dadda_w_comp.sv
4. Executing Verilog-2005 frontend: /home/praneel/vlsi/projects/IDP_2/rtl/exact/exact4_2_comp.sv
5. Executing Verilog-2005 frontend: /home/praneel/vlsi/projects/IDP_2/rtl/common/fa.sv
6. Executing Verilog-2005 frontend: /home/praneel/vlsi/projects/IDP_2/rtl/common/ha.sv
7. Executing Verilog-2005 frontend: /home/praneel/vlsi/tools/OpenROAD-flow-scripts/flow/platforms/sky130hd/cells_clkgate_hd.v
8. Executing HIERARCHY pass (managing design hierarchy).
9. Executing AST frontend in derive mode using pre-parsed AST for module `\exact_dadda_with_compressor'.
9.1. Analyzing design hierarchy..
9.2. Executing AST frontend in derive mode using pre-parsed AST for module `\fa'.
9.3. Executing AST frontend in derive mode using pre-parsed AST for module `\exact4_2_comp'.
9.4. Executing AST frontend in derive mode using pre-parsed AST for module `\ha'.
9.5. Analyzing design hierarchy..
9.6. Analyzing design hierarchy..
10. Executing OPT_CLEAN pass (remove unused cells and wires).
Warning: Ignoring module exact_dadda_with_compressor because it contains processes (run 'proc' command first).
11. Executing RTLIL backend.
Warnings: 1 unique messages, 1 total
End of script. Logfile hash: 36c075325c, time: 0.31s, user: 0.23s, system: 0.04s, MEM: 53.05 MB peak
Yosys 0.68+ (git sha1 a5af9d690, Release, GNU /usr/bin/c++ 13.3.0) [github.com/The-OpenROAD-Project/yosys at HEAD]
Time spent: 68% 4x read_liberty (0 sec), 10% 1x hierarchy (0 sec), ...
Elapsed time: 0:00.33[h:]min:sec. CPU time: user 0.26 sys 0.06 (97%). Peak memory: 57148KB.
Log                       Ext     Elapsed/s Peak Memory/MB sha1sum result [0:20)
1_1_yosys_canonicalize    .rtlil          0             55 43913092e57cb5559a91
