OpenROAD 26Q3-1499-g46ab99414e 
Features included (+) or not (-): +GPU +GUI +Python
This program is licensed under the BSD-3 license. See the LICENSE file for details.
Components of this program may be licensed under more restrictive licenses which must be honored.
[INFO ORD-0030] Using 12 thread(s).
read_liberty /home/praneel/vlsi/tools/OpenROAD-flow-scripts/flow/platforms/sky130hd/lib/sky130_fd_sc_hd__tt_025C_1v80.lib
read_db /home/praneel/vlsi/projects/IDP_2/experiments/EXP001_exact_dadda_4to2_comp/pd/orfs/results/sky130hd/exact_dadda_with_compressor/base/3_3_place_gp.odb
read_sdc /home/praneel/vlsi/projects/IDP_2/experiments/EXP001_exact_dadda_4to2_comp/pd/orfs/results/sky130hd/exact_dadda_with_compressor/base/2_floorplan.sdc
source /home/praneel/vlsi/tools/OpenROAD-flow-scripts/flow/platforms/sky130hd/setRC.tcl
estimate_parasitics -placement
Perform buffer insertion and gate resizing...
repair_design -verbose -match_cell_footprint
Iteration |   Area    | Resized | Buffers | Nets repaired | Remaining
---------------------------------------------------------------------
        0 |     +0.0% |       0 |       0 |             0 |       349
       10 |     +0.0% |       0 |       0 |             0 |       339
       20 |     +0.0% |       0 |       0 |             0 |       329
       30 |     +0.0% |       0 |       0 |             0 |       319
       40 |     +0.0% |       0 |       0 |             0 |       309
       50 |     +0.0% |       0 |       0 |             0 |       299
       60 |     +0.0% |       0 |       0 |             0 |       289
       70 |     +0.0% |       0 |       0 |             0 |       279
       80 |     +0.0% |       0 |       0 |             0 |       269
       90 |     +0.0% |       0 |       0 |             0 |       259
      100 |     +0.0% |       0 |       0 |             0 |       249
      110 |     +0.0% |       0 |       0 |             0 |       239
      120 |     +0.0% |       0 |       0 |             0 |       229
      130 |     +0.0% |       0 |       0 |             0 |       219
      140 |     +0.0% |       0 |       0 |             0 |       209
      150 |     +0.0% |       0 |       0 |             0 |       199
      160 |     +0.0% |       0 |       0 |             0 |       189
      170 |     +0.0% |       0 |       0 |             0 |       179
      180 |     +0.0% |       0 |       0 |             0 |       169
      190 |     +0.0% |       0 |       0 |             0 |       159
      200 |     +0.0% |       0 |       0 |             0 |       149
      210 |     +0.0% |       0 |       0 |             0 |       139
      220 |     +0.0% |       0 |       0 |             0 |       129
      230 |     +0.0% |       0 |       0 |             0 |       119
      240 |     +0.0% |       0 |       0 |             0 |       109
      250 |     +0.0% |       0 |       0 |             0 |        99
      260 |     +0.0% |       0 |       0 |             0 |        89
      270 |     +0.0% |       0 |       0 |             0 |        79
      280 |     +0.0% |       0 |       0 |             0 |        69
      290 |     +0.0% |       0 |       0 |             0 |        59
      300 |     +0.0% |       0 |       0 |             0 |        49
      310 |     +0.0% |       0 |       0 |             0 |        39
      320 |     +0.0% |       0 |       0 |             0 |        29
      330 |     +0.0% |       0 |       0 |             0 |        19
      340 |     +0.0% |       0 |       0 |             0 |         9
    final |     +0.0% |       0 |       0 |             0 |         0
---------------------------------------------------------------------
[INFO RSZ-0504] Runtime: 0.03s
Floating nets: 
Report metrics stage 3, resizer...
No registers in design

==========================================================================
resizer report_design_area
--------------------------------------------------------------------------
Design area 2783 um^2 63% utilization.
Instance count before 324, after 324
Pin count before 886, after 886
write_db /home/praneel/vlsi/projects/IDP_2/experiments/EXP001_exact_dadda_4to2_comp/pd/orfs/results/sky130hd/exact_dadda_with_compressor/base/3_4_place_resized.odb
Elapsed time: 0:00.85[h:]min:sec. CPU time: user 0.73 sys 0.15 (103%). Peak memory: 141512KB.
Log                       Ext     Elapsed/s Peak Memory/MB sha1sum result [0:20)
3_4_place_resized         .odb            0            138 a8e75041c247aa0d73db
