
==========================================================================
cts final report_tns
--------------------------------------------------------------------------
tns max -16.47

==========================================================================
cts final report_wns
--------------------------------------------------------------------------
wns max -1.71

==========================================================================
cts final report_worst_slack
--------------------------------------------------------------------------
worst slack max -1.71

==========================================================================
cts final report_clock_min_period
--------------------------------------------------------------------------
VCLK period_min = 3.71 fmax = 269.23

==========================================================================
cts final report_clock_skew
--------------------------------------------------------------------------
Clock VCLK
No launch/capture paths found.


==========================================================================
cts final report_checks -path_delay min
--------------------------------------------------------------------------
Startpoint: B[7] (input port clocked by VCLK)
Endpoint: P[15] (output port clocked by VCLK)
Path Group: VCLK
Path Type: min

Fanout     Cap    Slew   Delay    Time   Description
-----------------------------------------------------------------------------
                  0.00    0.00    0.00   clock VCLK (rise edge)
                          0.00    0.00   clock network delay (ideal)
                          0.00    0.00 ^ input external delay
     1    0.01    0.05    0.00    0.00 ^ B[7] (in)
                                         B[7] (net)
                  0.05    0.00    0.00 ^ input16/A (sky130_fd_sc_hd__buf_8)
     8    0.02    0.05    0.10    0.10 ^ input16/X (sky130_fd_sc_hd__buf_8)
                                         net16 (net)
                  0.05    0.00    0.10 ^ _165_/A (sky130_fd_sc_hd__and2_1)
     1    0.01    0.09    0.14    0.25 ^ _165_/X (sky130_fd_sc_hd__and2_1)
                                         pp[63][0] (net)
                  0.09    0.00    0.25 ^ _246_/B (sky130_fd_sc_hd__ha_1)
     1    0.00    0.06    0.15    0.40 ^ _246_/COUT (sky130_fd_sc_hd__ha_1)
                                         _012_ (net)
                  0.06    0.00    0.40 ^ _112_/B1 (sky130_fd_sc_hd__a21o_1)
     1    0.00    0.03    0.08    0.48 ^ _112_/X (sky130_fd_sc_hd__a21o_1)
                                         net23 (net)
                  0.03    0.00    0.48 ^ output23/A (sky130_fd_sc_hd__buf_2)
     1    0.01    0.05    0.10    0.58 ^ output23/X (sky130_fd_sc_hd__buf_2)
                                         P[15] (net)
                  0.05    0.00    0.58 ^ P[15] (out)
                                  0.58   data arrival time

                  0.00    0.00    0.00   clock VCLK (rise edge)
                          0.00    0.00   clock network delay (ideal)
                          0.00    0.00   clock reconvergence pessimism
                          0.00    0.00   output external delay
                                  0.00   data required time
-----------------------------------------------------------------------------
                                  0.00   data required time
                                 -0.58   data arrival time
-----------------------------------------------------------------------------
                                  0.58   slack (MET)



==========================================================================
cts final report_checks -path_delay max
--------------------------------------------------------------------------
Startpoint: A[2] (input port clocked by VCLK)
Endpoint: P[13] (output port clocked by VCLK)
Path Group: VCLK
Path Type: max

Fanout     Cap    Slew   Delay    Time   Description
-----------------------------------------------------------------------------
                  0.00    0.00    0.00   clock VCLK (rise edge)
                          0.00    0.00   clock network delay (ideal)
                          0.00    0.00 v input external delay
     1    0.01    0.05    0.00    0.00 v A[2] (in)
                                         A[2] (net)
                  0.05    0.00    0.00 v input3/A (sky130_fd_sc_hd__buf_8)
     4    0.02    0.03    0.12    0.12 v input3/X (sky130_fd_sc_hd__buf_8)
                                         net3 (net)
                  0.03    0.00    0.12 v _083_/B (sky130_fd_sc_hd__and2_4)
     1    0.01    0.04    0.15    0.28 v _083_/X (sky130_fd_sc_hd__and2_4)
                                         pp[23][0] (net)
                  0.04    0.00    0.28 v _208_/A (sky130_fd_sc_hd__fa_2)
     1    0.01    0.07    0.57    0.85 ^ _208_/SUM (sky130_fd_sc_hd__fa_2)
                                         s1_c9_fa.sum (net)
                  0.07    0.00    0.85 ^ _219_/B (sky130_fd_sc_hd__fa_2)
     1    0.01    0.09    0.45    1.31 v _219_/SUM (sky130_fd_sc_hd__fa_2)
                                         s2_c9_fa1.sum (net)
                  0.09    0.00    1.31 v _229_/A (sky130_fd_sc_hd__fa_2)
     1    0.01    0.08    0.60    1.91 ^ _229_/SUM (sky130_fd_sc_hd__fa_2)
                                         s3_c9_fa.sum (net)
                  0.08    0.00    1.91 ^ _240_/B (sky130_fd_sc_hd__fa_1)
     1    0.01    0.11    0.46    2.37 v _240_/SUM (sky130_fd_sc_hd__fa_1)
                                         s4_c9_fa.sum (net)
                  0.11    0.00    2.37 v _247_/A (sky130_fd_sc_hd__ha_4)
     5    0.02    0.05    0.28    2.65 v _247_/SUM (sky130_fd_sc_hd__ha_4)
                                         _015_ (net)
                  0.05    0.00    2.65 v _101_/A (sky130_fd_sc_hd__and3_4)
     3    0.01    0.04    0.16    2.81 v _101_/X (sky130_fd_sc_hd__and3_4)
                                         _034_ (net)
                  0.04    0.00    2.81 v _102_/B (sky130_fd_sc_hd__and2_4)
     2    0.01    0.04    0.17    2.98 v _102_/X (sky130_fd_sc_hd__and2_4)
                                         _035_ (net)
                  0.04    0.00    2.98 v _132_/A2 (sky130_fd_sc_hd__a2111oi_4)
     1    0.01    0.28    0.36    3.34 ^ _132_/Y (sky130_fd_sc_hd__a2111oi_4)
                                         _054_ (net)
                  0.28    0.00    3.34 ^ _135_/A (sky130_fd_sc_hd__nor3_2)
     1    0.01    0.07    0.10    3.44 v _135_/Y (sky130_fd_sc_hd__nor3_2)
                                         _057_ (net)
                  0.07    0.00    3.44 v _136_/B (sky130_fd_sc_hd__xor2_1)
     1    0.00    0.06    0.14    3.58 v _136_/X (sky130_fd_sc_hd__xor2_1)
                                         net21 (net)
                  0.06    0.00    3.58 v output21/A (sky130_fd_sc_hd__buf_2)
     1    0.01    0.03    0.13    3.71 v output21/X (sky130_fd_sc_hd__buf_2)
                                         P[13] (net)
                  0.03    0.00    3.71 v P[13] (out)
                                  3.71   data arrival time

                  0.00    2.00    2.00   clock VCLK (rise edge)
                          0.00    2.00   clock network delay (ideal)
                          0.00    2.00   clock reconvergence pessimism
                          0.00    2.00   output external delay
                                  2.00   data required time
-----------------------------------------------------------------------------
                                  2.00   data required time
                                 -3.71   data arrival time
-----------------------------------------------------------------------------
                                 -1.71   slack (VIOLATED)



==========================================================================
cts final report_checks -unconstrained
--------------------------------------------------------------------------
Startpoint: A[2] (input port clocked by VCLK)
Endpoint: P[13] (output port clocked by VCLK)
Path Group: VCLK
Path Type: max

Fanout     Cap    Slew   Delay    Time   Description
-----------------------------------------------------------------------------
                  0.00    0.00    0.00   clock VCLK (rise edge)
                          0.00    0.00   clock network delay (ideal)
                          0.00    0.00 v input external delay
     1    0.01    0.05    0.00    0.00 v A[2] (in)
                                         A[2] (net)
                  0.05    0.00    0.00 v input3/A (sky130_fd_sc_hd__buf_8)
     4    0.02    0.03    0.12    0.12 v input3/X (sky130_fd_sc_hd__buf_8)
                                         net3 (net)
                  0.03    0.00    0.12 v _083_/B (sky130_fd_sc_hd__and2_4)
     1    0.01    0.04    0.15    0.28 v _083_/X (sky130_fd_sc_hd__and2_4)
                                         pp[23][0] (net)
                  0.04    0.00    0.28 v _208_/A (sky130_fd_sc_hd__fa_2)
     1    0.01    0.07    0.57    0.85 ^ _208_/SUM (sky130_fd_sc_hd__fa_2)
                                         s1_c9_fa.sum (net)
                  0.07    0.00    0.85 ^ _219_/B (sky130_fd_sc_hd__fa_2)
     1    0.01    0.09    0.45    1.31 v _219_/SUM (sky130_fd_sc_hd__fa_2)
                                         s2_c9_fa1.sum (net)
                  0.09    0.00    1.31 v _229_/A (sky130_fd_sc_hd__fa_2)
     1    0.01    0.08    0.60    1.91 ^ _229_/SUM (sky130_fd_sc_hd__fa_2)
                                         s3_c9_fa.sum (net)
                  0.08    0.00    1.91 ^ _240_/B (sky130_fd_sc_hd__fa_1)
     1    0.01    0.11    0.46    2.37 v _240_/SUM (sky130_fd_sc_hd__fa_1)
                                         s4_c9_fa.sum (net)
                  0.11    0.00    2.37 v _247_/A (sky130_fd_sc_hd__ha_4)
     5    0.02    0.05    0.28    2.65 v _247_/SUM (sky130_fd_sc_hd__ha_4)
                                         _015_ (net)
                  0.05    0.00    2.65 v _101_/A (sky130_fd_sc_hd__and3_4)
     3    0.01    0.04    0.16    2.81 v _101_/X (sky130_fd_sc_hd__and3_4)
                                         _034_ (net)
                  0.04    0.00    2.81 v _102_/B (sky130_fd_sc_hd__and2_4)
     2    0.01    0.04    0.17    2.98 v _102_/X (sky130_fd_sc_hd__and2_4)
                                         _035_ (net)
                  0.04    0.00    2.98 v _132_/A2 (sky130_fd_sc_hd__a2111oi_4)
     1    0.01    0.28    0.36    3.34 ^ _132_/Y (sky130_fd_sc_hd__a2111oi_4)
                                         _054_ (net)
                  0.28    0.00    3.34 ^ _135_/A (sky130_fd_sc_hd__nor3_2)
     1    0.01    0.07    0.10    3.44 v _135_/Y (sky130_fd_sc_hd__nor3_2)
                                         _057_ (net)
                  0.07    0.00    3.44 v _136_/B (sky130_fd_sc_hd__xor2_1)
     1    0.00    0.06    0.14    3.58 v _136_/X (sky130_fd_sc_hd__xor2_1)
                                         net21 (net)
                  0.06    0.00    3.58 v output21/A (sky130_fd_sc_hd__buf_2)
     1    0.01    0.03    0.13    3.71 v output21/X (sky130_fd_sc_hd__buf_2)
                                         P[13] (net)
                  0.03    0.00    3.71 v P[13] (out)
                                  3.71   data arrival time

                  0.00    2.00    2.00   clock VCLK (rise edge)
                          0.00    2.00   clock network delay (ideal)
                          0.00    2.00   clock reconvergence pessimism
                          0.00    2.00   output external delay
                                  2.00   data required time
-----------------------------------------------------------------------------
                                  2.00   data required time
                                 -3.71   data arrival time
-----------------------------------------------------------------------------
                                 -1.71   slack (VIOLATED)



==========================================================================
cts final report_check_types -max_slew -max_cap -max_fanout -violators
--------------------------------------------------------------------------

==========================================================================
cts final max_slew_check_slack
--------------------------------------------------------------------------
1.1381096839904785

==========================================================================
cts final max_slew_check_limit
--------------------------------------------------------------------------
1.4962259531021118

==========================================================================
cts final max_slew_check_slack_limit
--------------------------------------------------------------------------
0.7607

==========================================================================
cts final max_fanout_check_slack
--------------------------------------------------------------------------
1.0000000150474662e+30

==========================================================================
cts final max_fanout_check_limit
--------------------------------------------------------------------------
1.0000000150474662e+30

==========================================================================
cts final max_capacitance_check_slack
--------------------------------------------------------------------------
0.027068743482232094

==========================================================================
cts final max_capacitance_check_limit
--------------------------------------------------------------------------
0.031137999147176743

==========================================================================
cts final max_capacitance_check_slack_limit
--------------------------------------------------------------------------
0.8693

==========================================================================
cts final max_slew_violation_count
--------------------------------------------------------------------------
max slew violation count 0

==========================================================================
cts final max_fanout_violation_count
--------------------------------------------------------------------------
max fanout violation count 0

==========================================================================
cts final max_cap_violation_count
--------------------------------------------------------------------------
max cap violation count 0

==========================================================================
cts final setup_violation_count
--------------------------------------------------------------------------
setup violation count 12

==========================================================================
cts final hold_violation_count
--------------------------------------------------------------------------
hold violation count 0

==========================================================================
cts final critical path delay
--------------------------------------------------------------------------
3.7142

==========================================================================
cts final critical path slack
--------------------------------------------------------------------------
-1.7142

==========================================================================
cts final slack div critical path delay
--------------------------------------------------------------------------
-46.152604

==========================================================================
cts final report_power
--------------------------------------------------------------------------
Group                  Internal  Switching    Leakage      Total
                          Power      Power      Power      Power (Watts)
----------------------------------------------------------------
Sequential             0.00e+00   0.00e+00   0.00e+00   0.00e+00   0.0%
Combinational          1.59e-03   1.28e-03   1.39e-09   2.88e-03 100.0%
Clock                  0.00e+00   0.00e+00   0.00e+00   0.00e+00   0.0%
Macro                  0.00e+00   0.00e+00   0.00e+00   0.00e+00   0.0%
Pad                    0.00e+00   0.00e+00   0.00e+00   0.00e+00   0.0%
----------------------------------------------------------------
Total                  1.59e-03   1.28e-03   1.39e-09   2.88e-03 100.0%
                          55.4%      44.6%       0.0%
