OpenROAD 26Q3-1499-g46ab99414e 
Features included (+) or not (-): +GPU +GUI +Python
This program is licensed under the BSD-3 license. See the LICENSE file for details.
Components of this program may be licensed under more restrictive licenses which must be honored.
[INFO ORD-0030] Using 12 thread(s).
read_liberty /home/praneel/vlsi/tools/OpenROAD-flow-scripts/flow/platforms/sky130hd/lib/sky130_fd_sc_hd__tt_025C_1v80.lib
read_db /home/praneel/vlsi/projects/IDP_2/experiments/EXP001_exact_dadda_4to2_comp/pd/orfs/results/sky130hd/exact_dadda_with_compressor/base/4_cts.odb
read_sdc /home/praneel/vlsi/projects/IDP_2/experiments/EXP001_exact_dadda_4to2_comp/pd/orfs/results/sky130hd/exact_dadda_with_compressor/base/4_cts.sdc
source /home/praneel/vlsi/tools/OpenROAD-flow-scripts/flow/platforms/sky130hd/setRC.tcl
pin_access
[INFO DRT-0149] Reading tech and libs.
[WARNING DRT-0349] LEF58_ENCLOSURE with no CUTCLASS is not supported. Skipping for layer mcon
[WARNING DRT-0349] LEF58_ENCLOSURE with no CUTCLASS is not supported. Skipping for layer mcon
[WARNING DRT-0349] LEF58_ENCLOSURE with no CUTCLASS is not supported. Skipping for layer via
[WARNING DRT-0349] LEF58_ENCLOSURE with no CUTCLASS is not supported. Skipping for layer via
[WARNING DRT-0349] LEF58_ENCLOSURE with no CUTCLASS is not supported. Skipping for layer via2
[WARNING DRT-0349] LEF58_ENCLOSURE with no CUTCLASS is not supported. Skipping for layer via2
[WARNING DRT-0349] LEF58_ENCLOSURE with no CUTCLASS is not supported. Skipping for layer via3
[WARNING DRT-0349] LEF58_ENCLOSURE with no CUTCLASS is not supported. Skipping for layer via3
[WARNING DRT-0349] LEF58_ENCLOSURE with no CUTCLASS is not supported. Skipping for layer via4
[WARNING DRT-0349] LEF58_ENCLOSURE with no CUTCLASS is not supported. Skipping for layer via4

Units:                1000
Number of layers:     13
Number of macros:     441
Number of vias:       29
Number of viarulegen: 25

[INFO DRT-0150] Reading design.

Design:                   exact_dadda_with_compressor
Die area:                 ( 0 0 ) ( 72475 72475 )
Number of track patterns: 12
Number of DEF vias:       0
Number of components:     333
Number of terminals:      34
Number of snets:          2
Number of nets:           358

[INFO DRT-0167] List of default vias:
  Layer via
    default via: M1M2_PR
  Layer via2
    default via: M2M3_PR
  Layer via3
    default via: M3M4_PR
  Layer via4
    default via: M4M5_PR
[INFO DRT-0162] Library cell analysis.
[INFO DRT-0163] Instance analysis.
[INFO DRT-0164] Number of unique instances = 70.
[INFO DRT-0168] Init region query.
[INFO DRT-0024]   Complete FR_MASTERSLICE.
[INFO DRT-0024]   Complete Fr_VIA.
[INFO DRT-0024]   Complete li1.
[INFO DRT-0024]   Complete mcon.
[INFO DRT-0024]   Complete met1.
[INFO DRT-0024]   Complete via.
[INFO DRT-0024]   Complete met2.
[INFO DRT-0024]   Complete via2.
[INFO DRT-0024]   Complete met3.
[INFO DRT-0024]   Complete via3.
[INFO DRT-0024]   Complete met4.
[INFO DRT-0024]   Complete via4.
[INFO DRT-0024]   Complete met5.
[INFO DRT-0033] FR_MASTERSLICE shape region query size = 0.
[INFO DRT-0033] FR_VIA shape region query size = 0.
[INFO DRT-0033] li1 shape region query size = 8852.
[INFO DRT-0033] mcon shape region query size = 5076.
[INFO DRT-0033] met1 shape region query size = 1438.
[INFO DRT-0033] via shape region query size = 315.
[INFO DRT-0033] met2 shape region query size = 201.
[INFO DRT-0033] via2 shape region query size = 252.
[INFO DRT-0033] met3 shape region query size = 209.
[INFO DRT-0033] via3 shape region query size = 252.
[INFO DRT-0033] met4 shape region query size = 78.
[INFO DRT-0033] via4 shape region query size = 10.
[INFO DRT-0033] met5 shape region query size = 18.
[INFO DRT-0165] Start pin access.
[INFO DRT-0078]   Complete 523 pins.
[INFO DRT-0081]   Complete 70 unique inst patterns.
[INFO DRT-0084]   Complete 199 groups.
#scanned instances     = 333
#unique  instances     = 70
#stdCellGenAp          = 2900
#stdCellValidPlanarAp  = 52
#stdCellValidViaAp     = 1453
#stdCellPinNoAp        = 10
#stdCellPinCnt         = 904
#instTermValidViaApCnt = 0
#macroGenAp            = 0
#macroValidPlanarAp    = 0
#macroValidViaAp       = 0
#macroNoAp             = 0
[INFO DRT-0166] Complete pin access.
[INFO DRT-0267] cpu time = 00:01:12, elapsed time = 00:00:16, memory = 128.93 (MB), peak = 127.96 (MB)
Took 16 seconds: pin_access
global_route -congestion_report_file /home/praneel/vlsi/projects/IDP_2/experiments/EXP001_exact_dadda_4to2_comp/pd/orfs/reports/sky130hd/exact_dadda_with_compressor/base/congestion.rpt -congestion_iterations 30 -congestion_report_iter_step 5 -verbose
[INFO GRT-0020] Min routing layer: met1
[INFO GRT-0021] Max routing layer: met5
[INFO GRT-0022] Global adjustment: 0%
[INFO GRT-0023] Grid origin: (0, 0)
[INFO GRT-0088] Layer li1     Track-Pitch = 0.4600  line-2-Via Pitch: 0.3400
[INFO GRT-0088] Layer met1    Track-Pitch = 0.3400  line-2-Via Pitch: 0.3400
[INFO GRT-0088] Layer met2    Track-Pitch = 0.4600  line-2-Via Pitch: 0.3500
[INFO GRT-0088] Layer met3    Track-Pitch = 0.6800  line-2-Via Pitch: 0.6150
[INFO GRT-0088] Layer met4    Track-Pitch = 0.9200  line-2-Via Pitch: 1.0400
[INFO GRT-0088] Layer met5    Track-Pitch = 3.4000  line-2-Via Pitch: 3.1100
[INFO GRT-0003] Macros: 0
[INFO GRT-0004] Blockages: 180
[INFO GRT-0019] Found 0 clock nets.
[INFO GRT-0001] Minimum degree: 2
[INFO GRT-0002] Maximum degree: 9

[INFO GRT-0053] Routing resources analysis:
          Routing      Original      Derated      Resource
Layer     Direction    Resources     Resources    Reduction (%)
---------------------------------------------------------------
li1        Vertical            0             0          0.00%
met1       Horizontal       1468          1140          22.34%
met2       Vertical         1269           981          22.70%
met3       Horizontal        914           720          21.23%
met4       Vertical          639           486          23.94%
met5       Horizontal        153            99          35.29%
---------------------------------------------------------------

[INFO GRT-0197] Via related to pin nodes: 1598
[INFO GRT-0198] Via related Steiner nodes: 18
[INFO GRT-0199] Via filling finished.
[INFO GRT-0111] Final number of vias: 1989
[INFO GRT-0112] Final usage 3D: 6718

[INFO GRT-0096] Final congestion report:
Layer         Resource        Demand        Usage (%)    Max H / Max V / Total Congestion
---------------------------------------------------------------------------------------
li1                  0             0            0.00%             0 /  0 /  0
met1              1140           342           30.00%             0 /  0 /  0
met2               981           400           40.77%             0 /  0 /  0
met3               720             2            0.28%             0 /  0 /  0
met4               486             7            1.44%             0 /  0 /  0
met5                99             0            0.00%             0 /  0 /  0
---------------------------------------------------------------------------------------
Total             3426           751           21.92%             0 /  0 /  0

[INFO GRT-0018] Total wirelength: 9259 um
[INFO GRT-0014] Routed nets: 358
[INFO GRT-0303] Global routing runtime = 00:00:00
[WARNING STA-0450] virtual clock VCLK can not be propagated.
estimate_parasitics -global_routing
Perform buffer insertion and gate resizing...
repair_design -verbose
Iteration |   Area    | Resized | Buffers | Nets repaired | Remaining
---------------------------------------------------------------------
        0 |     +0.0% |       0 |       0 |             0 |       358
       10 |     +0.0% |       0 |       0 |             0 |       348
       20 |     +0.0% |       0 |       0 |             0 |       338
       30 |     +0.0% |       0 |       0 |             0 |       328
       40 |     +0.0% |       0 |       0 |             0 |       318
       50 |     +0.0% |       0 |       0 |             0 |       308
       60 |     +0.0% |       0 |       0 |             0 |       298
       70 |     +0.0% |       0 |       0 |             0 |       288
       80 |     +0.0% |       0 |       0 |             0 |       278
       90 |     +0.0% |       0 |       0 |             0 |       268
      100 |     +0.0% |       0 |       0 |             0 |       258
      110 |     +0.0% |       0 |       0 |             0 |       248
      120 |     +0.0% |       0 |       0 |             0 |       238
      130 |     +0.0% |       0 |       0 |             0 |       228
      140 |     +0.0% |       0 |       0 |             0 |       218
      150 |     +0.0% |       0 |       0 |             0 |       208
      160 |     +0.0% |       0 |       0 |             0 |       198
      170 |     +0.0% |       0 |       0 |             0 |       188
      180 |     +0.0% |       0 |       0 |             0 |       178
      190 |     +0.0% |       0 |       0 |             0 |       168
      200 |     +0.0% |       0 |       0 |             0 |       158
      210 |     +0.0% |       0 |       0 |             0 |       148
      220 |     +0.0% |       0 |       0 |             0 |       138
      230 |     +0.0% |       0 |       0 |             0 |       128
      240 |     +0.0% |       0 |       0 |             0 |       118
      250 |     +0.0% |       0 |       0 |             0 |       108
      260 |     +0.0% |       0 |       0 |             0 |        98
      270 |     +0.0% |       0 |       0 |             0 |        88
      280 |     +0.0% |       0 |       0 |             0 |        78
      290 |     +0.0% |       0 |       0 |             0 |        68
      300 |     +0.0% |       0 |       0 |             0 |        58
      310 |     +0.0% |       0 |       0 |             0 |        48
      320 |     +0.0% |       0 |       0 |             0 |        38
      330 |     +0.0% |       0 |       0 |             0 |        28
      340 |     +0.0% |       0 |       0 |             0 |        18
      350 |     +0.0% |       0 |       0 |             0 |         8
    final |     +0.0% |       0 |       0 |             0 |         0
---------------------------------------------------------------------
[INFO RSZ-0504] Runtime: 0.04s
global_route -start_incremental
detailed_placement
[INFO DPL-0006] Core area: 4444.26 um^2
[INFO DPL-0007] Movable instances area: 2907.79 um^2
[INFO DPL-0008] Fixed instances area within core: 65.06 um^2
[INFO DPL-0009] Utilization: 66.9%
[INFO DPL-0005] Diamond search max displacement: +/- 500 sites horizontally, +/- 100 rows vertically.
[INFO DPL-1102] Legalizing using negotiation legalizer.
[INFO DPL-1103] Negotiation base search window: +/-20 sites horizontally, +/-5 rows vertically 
	Automatic search window extension enabled.
	Search window extendable up to the max displacement cap of +/-500 sites, +/-100 rows near walls.
[INFO DPL-1104] NegotiationLegalizer DRC penalty: 5.
[INFO DPL-0392] Negotiation cell height distribution (1 unique row-count(s)):
[INFO DPL-0393]   height 1 row(s): 333 cells
[INFO DPL-0500] Runtime: 0.00s
Placement Analysis
---------------------------------
total displacement          0.0 u
average displacement        0.0 u
max displacement            0.0 u
original HPWL            5025.3 u
legalized HPWL           5025.3 u
delta HPWL                    0 %

global_route -end_incremental -congestion_report_file /home/praneel/vlsi/projects/IDP_2/experiments/EXP001_exact_dadda_4to2_comp/pd/orfs/reports/sky130hd/exact_dadda_with_compressor/base/congestion_post_repair_design.rpt
Repair setup and hold violations...
estimate_parasitics -global_routing
repair_timing -setup_margin 0 -hold_margin 0 -repair_tns 100 -verbose
[INFO RSZ-0100] Repair move sequence: UnbufferMove SizeUpMove SwapPinsMove BufferMove CloneMove SplitLoadMove 
[INFO RSZ-0094] Found 13 endpoints with setup violations.
[INFO RSZ-0099] Repairing 13 out of 13 (100.00%) violating endpoints...
   Iter   | Removed | Resized | Inserted | Cloned |  Pin  |   Area   |    WNS   |   StTNS    |   EnTNS    |  Viol  |  Worst  
          | Buffers |  Gates  | Buffers  |  Gates | Swaps |          |          |            |            | Endpts | St/EnPt 
------------------------------------------------------------------------------------------------------------------------------
       0* |       0 |       0 |        0 |      0 |     0 |    +0.0% |   -2.068 |      -29.6 |      -19.5 |     13 | P[15]
      10* |       0 |       2 |        0 |      0 |     7 |    +0.3% |   -2.048 |      -29.1 |      -19.5 |     13 | P[15]
      20* |       0 |       7 |        0 |      0 |    12 |    +1.3% |   -2.059 |      -29.1 |      -19.5 |     13 | P[15]
      24* |       0 |       2 |        0 |      0 |     4 |    +0.3% |   -2.028 |      -29.4 |      -19.3 |     13 | P[15]
      29* |       0 |       2 |        0 |      0 |     4 |    +0.3% |   -2.028 |      -29.4 |      -19.3 |     13 | P[15]
      30* |       0 |       2 |        0 |      0 |     4 |    +0.3% |   -2.028 |      -29.4 |      -19.3 |     13 | P[15]
      34* |       0 |       2 |        0 |      0 |     6 |    +0.3% |   -2.028 |      -29.4 |      -19.3 |     13 | P[15]
      40* |       1 |       4 |        0 |      0 |     8 |    +0.2% |   -2.033 |      -29.5 |      -19.2 |     13 | P[15]
      43* |       1 |       3 |        0 |      0 |     8 |    +0.1% |   -2.024 |      -29.3 |      -19.2 |     13 | P[12]
      50* |       1 |       9 |        0 |      0 |     8 |    +1.4% |   -2.042 |      -29.6 |      -19.1 |     13 | P[15]
      53* |       1 |       3 |        0 |      0 |     8 |    +0.1% |   -2.024 |      -29.3 |      -19.2 |     13 | P[12]
      60* |       1 |       7 |        0 |      0 |    10 |    +0.6% |   -2.026 |      -29.4 |      -19.1 |     13 | P[15]
      60* |       1 |       4 |        0 |      0 |    10 |    +0.2% |   -2.024 |      -29.3 |      -19.1 |     13 | P[12]
      70* |       1 |       4 |        1 |      0 |    18 |    +0.5% |   -2.024 |      -29.3 |      -19.0 |     13 | P[12]
      80* |       1 |      11 |        1 |      0 |    21 |    +0.7% |   -2.024 |      -28.9 |      -18.7 |     13 | P[12]
      86* |       1 |      12 |        2 |      0 |    23 |    +1.1% |   -2.024 |      -28.9 |      -18.9 |     13 | P[12]
      90* |       1 |      12 |        3 |      0 |    25 |    +1.3% |   -2.024 |      -28.9 |      -19.8 |     13 | P[12]
      93* |       2 |      14 |        3 |      0 |    25 |    +1.3% |   -2.024 |      -28.9 |      -19.5 |     13 | P[12]
     100* |       2 |      14 |        4 |      0 |    30 |    +1.6% |   -2.024 |      -28.9 |      -19.8 |     13 | P[12]
     100* |       2 |      14 |        4 |      0 |    30 |    +1.6% |   -2.024 |      -28.9 |      -19.8 |     13 | P[12]
     110* |       3 |      17 |        6 |      0 |    33 |    +2.4% |   -2.023 |      -28.9 |      -19.7 |     13 | P[12]
     114* |       3 |      16 |        5 |      0 |    32 |    +2.0% |   -2.023 |      -28.9 |      -19.6 |     13 | P[12]
     120* |       3 |      18 |        6 |      0 |    34 |    +2.5% |   -2.023 |      -28.9 |      -19.7 |     13 | P[12]
     124* |       3 |      16 |        5 |      0 |    32 |    +2.0% |   -2.023 |      -28.9 |      -19.6 |     13 | P[12]
     130* |       3 |      18 |        5 |      0 |    35 |    +2.4% |   -2.023 |      -28.9 |      -19.6 |     13 | P[12]
     138* |       3 |      21 |        7 |      0 |    38 |    +3.4% |   -2.023 |      -28.9 |      -20.0 |     13 | P[12]
     140* |       3 |      21 |        7 |      0 |    39 |    +3.4% |   -2.023 |      -28.9 |      -19.9 |     13 | P[12]
     150* |       3 |      26 |        9 |      0 |    42 |    +4.0% |   -2.023 |      -28.9 |      -19.9 |     13 | P[12]
     154* |       3 |      25 |        7 |      0 |    42 |    +3.4% |   -2.023 |      -28.9 |      -19.7 |     13 | P[12]
     154* |       3 |      25 |        7 |      0 |    42 |    +3.4% |   -2.023 |      -28.9 |      -19.7 |     13 | P[12]
     155+ |       3 |      25 |        7 |      0 |    42 |    +3.4% |   -2.023 |      -28.9 |      -19.7 |     14 | P[12]
     156+ |       3 |      25 |        7 |      0 |    42 |    +3.4% |   -2.023 |      -28.9 |      -19.7 |     14 | P[12]
     157+ |       3 |      25 |        7 |      0 |    42 |    +3.4% |   -2.023 |      -28.9 |      -19.7 |     14 | P[12]
     158+ |       3 |      25 |        7 |      0 |    42 |    +3.4% |   -2.023 |      -28.9 |      -19.7 |     14 | P[12]
     159+ |       3 |      25 |        7 |      0 |    42 |    +3.4% |   -2.023 |      -28.9 |      -19.7 |     14 | P[12]
     160+ |       3 |      25 |        7 |      0 |    42 |    +3.4% |   -2.023 |      -28.9 |      -19.7 |     14 | P[12]
     160+ |       3 |      25 |        7 |      0 |    42 |    +3.4% |   -2.023 |      -28.9 |      -19.7 |     14 | P[12]
     161+ |       3 |      25 |        7 |      0 |    42 |    +3.4% |   -2.023 |      -28.9 |      -19.7 |     14 | P[12]
     162+ |       3 |      25 |        7 |      0 |    42 |    +3.4% |   -2.023 |      -28.9 |      -19.7 |     14 | P[12]
     163+ |       3 |      25 |        7 |      0 |    42 |    +3.4% |   -2.023 |      -28.9 |      -19.7 |     14 | P[12]
     164+ |       3 |      25 |        7 |      0 |    42 |    +3.4% |   -2.023 |      -28.9 |      -19.7 |     14 | P[12]
     166+ |       3 |      26 |        7 |      0 |    42 |    +3.5% |   -2.023 |      -28.9 |      -19.7 |     14 | P[12]
     167+ |       3 |      26 |        7 |      0 |    42 |    +3.5% |   -2.023 |      -28.9 |      -19.7 |     14 | P[12]
     170+ |       3 |      28 |        7 |      0 |    42 |    +3.8% |   -2.023 |      -28.9 |      -19.6 |     14 | P[12]
     170+ |       3 |      28 |        7 |      0 |    42 |    +3.8% |   -2.023 |      -28.9 |      -19.6 |     14 | P[12]
     172+ |       3 |      30 |        7 |      0 |    42 |    +4.3% |   -2.023 |      -28.9 |      -19.5 |     14 | P[12]
    final |       3 |      30 |        7 |      0 |    42 |    +4.3% |   -2.023 |      -28.9 |      -19.5 |     13 | P[12]
------------------------------------------------------------------------------------------------------------------------------
[INFO RSZ-0059] Removed 3 buffers.
[INFO RSZ-0040] Inserted 7 buffers.
[INFO RSZ-0051] Resized 30 instances: 30 up, 0 up match, 0 down, 0 VT
[INFO RSZ-0043] Swapped pins on 42 instances.
[WARNING RSZ-0062] Unable to repair all setup violations.
[INFO RSZ-0505] Runtime: 14.65s
[INFO RSZ-0033] No hold violations found.
[INFO RSZ-0506] Runtime: 0.00s
Took 14 seconds: repair_timing -setup_margin 0 -hold_margin 0 -repair_tns 100 -verbose
global_route -start_incremental
detailed_placement
[INFO DPL-0006] Core area: 4444.26 um^2
[INFO DPL-0007] Movable instances area: 3035.41 um^2
[INFO DPL-0008] Fixed instances area within core: 65.06 um^2
[INFO DPL-0009] Utilization: 69.8%
[INFO DPL-0005] Diamond search max displacement: +/- 500 sites horizontally, +/- 100 rows vertically.
[INFO DPL-1102] Legalizing using negotiation legalizer.
[INFO DPL-1103] Negotiation base search window: +/-20 sites horizontally, +/-5 rows vertically 
	Automatic search window extension enabled.
	Search window extendable up to the max displacement cap of +/-500 sites, +/-100 rows near walls.
[INFO DPL-1104] NegotiationLegalizer DRC penalty: 5.
[INFO DPL-0392] Negotiation cell height distribution (1 unique row-count(s)):
[INFO DPL-0393]   height 1 row(s): 337 cells
          |      Total |  Illegal |  Illegal
Iteration | Violations |    Cells |    Sites
---------------------------------------------
        0 |         67 |        15 |        52
        1 |          0 |         0 |         0
Negotiation phase 1 converged at iteration 1.
[INFO DPL-0500] Runtime: 0.01s
Placement Analysis
---------------------------------
total displacement        207.9 u
average displacement        0.6 u
max displacement           20.5 u
original HPWL            5040.9 u
legalized HPWL           5272.7 u
delta HPWL                    5 %

check_placement -verbose
global_route -end_incremental -congestion_report_file /home/praneel/vlsi/projects/IDP_2/experiments/EXP001_exact_dadda_4to2_comp/pd/orfs/reports/sky130hd/exact_dadda_with_compressor/base/congestion_post_repair_timing.rpt
estimate_parasitics -global_routing
global_route -start_incremental
global_route -end_incremental -congestion_report_file /home/praneel/vlsi/projects/IDP_2/experiments/EXP001_exact_dadda_4to2_comp/pd/orfs/reports/sky130hd/exact_dadda_with_compressor/base/congestion_post_recover_power.rpt
Repair antennas...
[INFO GRT-0012] Found 0 antenna violations.
[INFO ANT-0002] Found 0 net violations.
[INFO ANT-0001] Found 0 pin violations.
Estimate parasitics...
estimate_parasitics -global_routing
Report metrics stage 5, global route...
No registers in design

==========================================================================
global route report_design_area
--------------------------------------------------------------------------
Design area 3100 um^2 70% utilization.
[INFO FLW-0007] clock VCLK period 2.000000
[INFO FLW-0008] Clock VCLK period 3.850
[INFO FLW-0009] Clock VCLK slack -2.053
write_sdc -no_timestamp /home/praneel/vlsi/projects/IDP_2/experiments/EXP001_exact_dadda_4to2_comp/pd/orfs/results/sky130hd/exact_dadda_with_compressor/base/updated_clks.sdc
[WARNING STA-0450] virtual clock VCLK can not be propagated.
[INFO FLW-0011] Path endpoint path count 16
write_db /home/praneel/vlsi/projects/IDP_2/experiments/EXP001_exact_dadda_4to2_comp/pd/orfs/results/sky130hd/exact_dadda_with_compressor/base/5_1_grt.odb
write_sdc -no_timestamp /home/praneel/vlsi/projects/IDP_2/experiments/EXP001_exact_dadda_4to2_comp/pd/orfs/results/sky130hd/exact_dadda_with_compressor/base/5_1_grt.sdc
Elapsed time: 0:32.54[h:]min:sec. CPU time: user 90.84 sys 0.65 (281%). Peak memory: 260848KB.
Log                       Ext     Elapsed/s Peak Memory/MB sha1sum result [0:20)
5_1_grt                   .odb           32            254 926d3a765f3419d5c3ed
5_1_grt                   .sdc                             66f6f1a9e3286896e420
