OpenROAD 26Q3-1499-g46ab99414e 
Features included (+) or not (-): +GPU +GUI +Python
This program is licensed under the BSD-3 license. See the LICENSE file for details.
Components of this program may be licensed under more restrictive licenses which must be honored.
[INFO ORD-0030] Using 12 thread(s).
read_liberty /home/praneel/vlsi/tools/OpenROAD-flow-scripts/flow/platforms/sky130hd/lib/sky130_fd_sc_hd__tt_025C_1v80.lib
read_db /home/praneel/vlsi/projects/IDP_2/experiments/EXP001_exact_dadda_4to2_comp/pd/orfs/results/sky130hd/exact_dadda_with_compressor/base/5_1_grt.odb
read_sdc /home/praneel/vlsi/projects/IDP_2/experiments/EXP001_exact_dadda_4to2_comp/pd/orfs/results/sky130hd/exact_dadda_with_compressor/base/5_1_grt.sdc
source /home/praneel/vlsi/tools/OpenROAD-flow-scripts/flow/platforms/sky130hd/setRC.tcl
[WARNING STA-0450] virtual clock VCLK can not be propagated.
detailed_route -output_drc /home/praneel/vlsi/projects/IDP_2/experiments/EXP001_exact_dadda_4to2_comp/pd/orfs/reports/sky130hd/exact_dadda_with_compressor/base/5_route_drc.rpt -output_maze /home/praneel/vlsi/projects/IDP_2/experiments/EXP001_exact_dadda_4to2_comp/pd/orfs/results/sky130hd/exact_dadda_with_compressor/base/maze.log -droute_end_iter 64 -verbose 1 -drc_report_iter_step 5
[INFO DRT-0149] Reading tech and libs.
[WARNING DRT-0349] LEF58_ENCLOSURE with no CUTCLASS is not supported. Skipping for layer mcon
[WARNING DRT-0349] LEF58_ENCLOSURE with no CUTCLASS is not supported. Skipping for layer mcon
[WARNING DRT-0349] LEF58_ENCLOSURE with no CUTCLASS is not supported. Skipping for layer via
[WARNING DRT-0349] LEF58_ENCLOSURE with no CUTCLASS is not supported. Skipping for layer via
[WARNING DRT-0349] LEF58_ENCLOSURE with no CUTCLASS is not supported. Skipping for layer via2
[WARNING DRT-0349] LEF58_ENCLOSURE with no CUTCLASS is not supported. Skipping for layer via2
[WARNING DRT-0349] LEF58_ENCLOSURE with no CUTCLASS is not supported. Skipping for layer via3
[WARNING DRT-0349] LEF58_ENCLOSURE with no CUTCLASS is not supported. Skipping for layer via3
[WARNING DRT-0349] LEF58_ENCLOSURE with no CUTCLASS is not supported. Skipping for layer via4
[WARNING DRT-0349] LEF58_ENCLOSURE with no CUTCLASS is not supported. Skipping for layer via4

Units:                1000
Number of layers:     13
Number of macros:     441
Number of vias:       29
Number of viarulegen: 25

[INFO DRT-0150] Reading design.

Design:                   exact_dadda_with_compressor
Die area:                 ( 0 0 ) ( 72475 72475 )
Number of track patterns: 12
Number of DEF vias:       0
Number of components:     337
Number of terminals:      34
Number of snets:          2
Number of nets:           362

[INFO DRT-0167] List of default vias:
  Layer via
    default via: M1M2_PR
  Layer via2
    default via: M2M3_PR
  Layer via3
    default via: M3M4_PR
  Layer via4
    default via: M4M5_PR
[INFO DRT-0162] Library cell analysis.
[INFO DRT-0163] Instance analysis.
[INFO DRT-0164] Number of unique instances = 73.
[INFO DRT-0168] Init region query.
[INFO DRT-0024]   Complete FR_MASTERSLICE.
[INFO DRT-0024]   Complete Fr_VIA.
[INFO DRT-0024]   Complete li1.
[INFO DRT-0024]   Complete mcon.
[INFO DRT-0024]   Complete met1.
[INFO DRT-0024]   Complete via.
[INFO DRT-0024]   Complete met2.
[INFO DRT-0024]   Complete via2.
[INFO DRT-0024]   Complete met3.
[INFO DRT-0024]   Complete via3.
[INFO DRT-0024]   Complete met4.
[INFO DRT-0024]   Complete via4.
[INFO DRT-0024]   Complete met5.
[INFO DRT-0033] FR_MASTERSLICE shape region query size = 0.
[INFO DRT-0033] FR_VIA shape region query size = 0.
[INFO DRT-0033] li1 shape region query size = 9170.
[INFO DRT-0033] mcon shape region query size = 5284.
[INFO DRT-0033] met1 shape region query size = 1456.
[INFO DRT-0033] via shape region query size = 315.
[INFO DRT-0033] met2 shape region query size = 201.
[INFO DRT-0033] via2 shape region query size = 252.
[INFO DRT-0033] met3 shape region query size = 209.
[INFO DRT-0033] via3 shape region query size = 252.
[INFO DRT-0033] met4 shape region query size = 78.
[INFO DRT-0033] via4 shape region query size = 10.
[INFO DRT-0033] met5 shape region query size = 18.
[INFO DRT-0165] Start pin access.
[INFO DRT-0078]   Complete 545 pins.
[INFO DRT-0081]   Complete 73 unique inst patterns.
[INFO DRT-0084]   Complete 198 groups.
#scanned instances     = 337
#unique  instances     = 73
#stdCellGenAp          = 3019
#stdCellValidPlanarAp  = 59
#stdCellValidViaAp     = 1490
#stdCellPinNoAp        = 10
#stdCellPinCnt         = 912
#instTermValidViaApCnt = 0
#macroGenAp            = 0
#macroValidPlanarAp    = 0
#macroValidViaAp       = 0
#macroNoAp             = 0
[INFO DRT-0166] Complete pin access.
[INFO DRT-0267] cpu time = 00:01:16, elapsed time = 00:00:16, memory = 223.96 (MB), peak = 222.84 (MB)

[INFO DRT-0157] Number of guides:     2181

[INFO DRT-0169] Post process guides.
[INFO DRT-0176] GCELLGRID X 0 DO 10 STEP 6900 ;
[INFO DRT-0177] GCELLGRID Y 0 DO 10 STEP 6900 ;
[INFO DRT-0028]   Complete FR_MASTERSLICE.
[INFO DRT-0028]   Complete Fr_VIA.
[INFO DRT-0028]   Complete li1.
[INFO DRT-0028]   Complete mcon.
[INFO DRT-0028]   Complete met1.
[INFO DRT-0028]   Complete via.
[INFO DRT-0028]   Complete met2.
[INFO DRT-0028]   Complete via2.
[INFO DRT-0028]   Complete met3.
[INFO DRT-0028]   Complete via3.
[INFO DRT-0028]   Complete met4.
[INFO DRT-0028]   Complete via4.
[INFO DRT-0028]   Complete met5.
[INFO DRT-0178] Init guide query.
[INFO DRT-0035]   Complete FR_MASTERSLICE (guide).
[INFO DRT-0035]   Complete Fr_VIA (guide).
[INFO DRT-0035]   Complete li1 (guide).
[INFO DRT-0035]   Complete mcon (guide).
[INFO DRT-0035]   Complete met1 (guide).
[INFO DRT-0035]   Complete via (guide).
[INFO DRT-0035]   Complete met2 (guide).
[INFO DRT-0035]   Complete via2 (guide).
[INFO DRT-0035]   Complete met3 (guide).
[INFO DRT-0035]   Complete via3 (guide).
[INFO DRT-0035]   Complete met4 (guide).
[INFO DRT-0035]   Complete via4 (guide).
[INFO DRT-0035]   Complete met5 (guide).
[INFO DRT-0036] FR_MASTERSLICE guide region query size = 0.
[INFO DRT-0036] FR_VIA guide region query size = 0.
[INFO DRT-0036] li1 guide region query size = 746.
[INFO DRT-0036] mcon guide region query size = 0.
[INFO DRT-0036] met1 guide region query size = 677.
[INFO DRT-0036] via guide region query size = 0.
[INFO DRT-0036] met2 guide region query size = 331.
[INFO DRT-0036] via2 guide region query size = 0.
[INFO DRT-0036] met3 guide region query size = 26.
[INFO DRT-0036] via3 guide region query size = 0.
[INFO DRT-0036] met4 guide region query size = 3.
[INFO DRT-0036] via4 guide region query size = 0.
[INFO DRT-0036] met5 guide region query size = 0.
[INFO DRT-0179] Init gr pin query.
[INFO DRT-0267] cpu time = 00:00:00, elapsed time = 00:00:00, memory = 224.28 (MB), peak = 223.23 (MB)
[INFO DRT-0245] skipped writing guide updates to database.
[INFO DRT-0181] Start track assignment.
[INFO DRT-0184] Done with 1080 vertical wires in 1 frboxes and 703 horizontal wires in 1 frboxes.
[INFO DRT-0186] Done with 115 vertical wires in 1 frboxes and 154 horizontal wires in 1 frboxes.
[INFO DRT-0182] Complete track assignment.
[INFO DRT-0267] cpu time = 00:00:00, elapsed time = 00:00:00, memory = 227.84 (MB), peak = 226.86 (MB)
[INFO DRT-0187] Start routing data preparation.
[INFO DRT-0267] cpu time = 00:00:00, elapsed time = 00:00:00, memory = 227.91 (MB), peak = 226.86 (MB)
[INFO DRT-0194] Start detail routing.
[INFO DRT-0195] Start 0th optimization iteration.
    Completing 20% with 0 violations.
    elapsed time = 00:00:01, memory = 244.49 (MB).
    Completing 50% with 26 violations.
    elapsed time = 00:00:01, memory = 255.71 (MB).
    Completing 70% with 28 violations.
    elapsed time = 00:00:02, memory = 263.01 (MB).
    Completing 100% with 36 violations.
    elapsed time = 00:00:02, memory = 263.01 (MB).
[INFO DRT-0199]   Number of violations = 37.
Viol/Layer        met1   met2
Metal Spacing        8      1
Recheck              1      0
Short               23      4
[INFO DRT-0267] cpu time = 00:00:02, elapsed time = 00:00:02, memory = 605.75 (MB), peak = 604.55 (MB)
Total wire length = 5447 um.
Total wire length on LAYER li1 = 0 um.
Total wire length on LAYER met1 = 2472 um.
Total wire length on LAYER met2 = 2829 um.
Total wire length on LAYER met3 = 95 um.
Total wire length on LAYER met4 = 51 um.
Total wire length on LAYER met5 = 0 um.
Total number of vias = 1780.
Up-via summary (total 1780):

-----------------------
 FR_MASTERSLICE       0
            li1     843
           met1     906
           met2      27
           met3       4
           met4       0
-----------------------
               1780


[INFO DRT-0195] Start 1st optimization iteration.
    Completing 20% with 37 violations.
    elapsed time = 00:00:00, memory = 621.23 (MB).
    Completing 50% with 35 violations.
    elapsed time = 00:00:01, memory = 621.23 (MB).
    Completing 70% with 26 violations.
    elapsed time = 00:00:01, memory = 641.42 (MB).
    Completing 100% with 13 violations.
    elapsed time = 00:00:02, memory = 661.95 (MB).
[INFO DRT-0199]   Number of violations = 13.
Viol/Layer        met1
Metal Spacing        7
Short                6
[INFO DRT-0267] cpu time = 00:00:02, elapsed time = 00:00:02, memory = 661.95 (MB), peak = 660.80 (MB)
Total wire length = 5411 um.
Total wire length on LAYER li1 = 0 um.
Total wire length on LAYER met1 = 2466 um.
Total wire length on LAYER met2 = 2800 um.
Total wire length on LAYER met3 = 93 um.
Total wire length on LAYER met4 = 51 um.
Total wire length on LAYER met5 = 0 um.
Total number of vias = 1775.
Up-via summary (total 1775):

-----------------------
 FR_MASTERSLICE       0
            li1     842
           met1     903
           met2      26
           met3       4
           met4       0
-----------------------
               1775


[INFO DRT-0195] Start 2nd optimization iteration.
    Completing 10% with 13 violations.
    elapsed time = 00:00:00, memory = 661.95 (MB).
    Completing 20% with 13 violations.
    elapsed time = 00:00:00, memory = 661.95 (MB).
    Completing 30% with 13 violations.
    elapsed time = 00:00:00, memory = 661.95 (MB).
    Completing 40% with 13 violations.
    elapsed time = 00:00:00, memory = 661.95 (MB).
    Completing 50% with 13 violations.
    elapsed time = 00:00:00, memory = 661.95 (MB).
    Completing 60% with 13 violations.
    elapsed time = 00:00:00, memory = 666.21 (MB).
    Completing 70% with 16 violations.
    elapsed time = 00:00:00, memory = 666.21 (MB).
    Completing 80% with 16 violations.
    elapsed time = 00:00:00, memory = 666.21 (MB).
    Completing 100% with 20 violations.
    elapsed time = 00:00:02, memory = 666.21 (MB).
[INFO DRT-0199]   Number of violations = 20.
Viol/Layer        met1   met2
Metal Spacing        3      2
Short               14      1
[INFO DRT-0267] cpu time = 00:00:02, elapsed time = 00:00:02, memory = 666.49 (MB), peak = 665.30 (MB)
Total wire length = 5423 um.
Total wire length on LAYER li1 = 0 um.
Total wire length on LAYER met1 = 2467 um.
Total wire length on LAYER met2 = 2810 um.
Total wire length on LAYER met3 = 94 um.
Total wire length on LAYER met4 = 51 um.
Total wire length on LAYER met5 = 0 um.
Total number of vias = 1766.
Up-via summary (total 1766):

-----------------------
 FR_MASTERSLICE       0
            li1     842
           met1     894
           met2      26
           met3       4
           met4       0
-----------------------
               1766


[INFO DRT-0195] Start 3rd guides tiles iteration.
    Completing 10% with 20 violations.
    elapsed time = 00:00:00, memory = 673.42 (MB).
    Completing 20% with 20 violations.
    elapsed time = 00:00:00, memory = 676.08 (MB).
    Completing 40% with 20 violations.
    elapsed time = 00:00:00, memory = 676.16 (MB).
    Completing 50% with 20 violations.
    elapsed time = 00:00:00, memory = 679.35 (MB).
    Completing 70% with 0 violations.
    elapsed time = 00:00:00, memory = 679.35 (MB).
    Completing 80% with 0 violations.
    elapsed time = 00:00:00, memory = 679.35 (MB).
    Completing 100% with 0 violations.
    elapsed time = 00:00:00, memory = 679.35 (MB).
[INFO DRT-0199]   Number of violations = 0.
[INFO DRT-0267] cpu time = 00:00:00, elapsed time = 00:00:00, memory = 679.35 (MB), peak = 678.17 (MB)
Total wire length = 5430 um.
Total wire length on LAYER li1 = 0 um.
Total wire length on LAYER met1 = 2447 um.
Total wire length on LAYER met2 = 2817 um.
Total wire length on LAYER met3 = 113 um.
Total wire length on LAYER met4 = 51 um.
Total wire length on LAYER met5 = 0 um.
Total number of vias = 1781.
Up-via summary (total 1781):

-----------------------
 FR_MASTERSLICE       0
            li1     842
           met1     899
           met2      36
           met3       4
           met4       0
-----------------------
               1781


[INFO DRT-0198] Complete detail routing.
Total wire length = 5430 um.
Total wire length on LAYER li1 = 0 um.
Total wire length on LAYER met1 = 2447 um.
Total wire length on LAYER met2 = 2817 um.
Total wire length on LAYER met3 = 113 um.
Total wire length on LAYER met4 = 51 um.
Total wire length on LAYER met5 = 0 um.
Total number of vias = 1781.
Up-via summary (total 1781):

-----------------------
 FR_MASTERSLICE       0
            li1     842
           met1     899
           met2      36
           met3       4
           met4       0
-----------------------
               1781


[INFO DRT-0267] cpu time = 00:00:08, elapsed time = 00:00:08, memory = 679.41 (MB), peak = 678.17 (MB)

[INFO DRT-0180] Post processing.
[INFO DRT-0501] Runtime: 24.77s
Took 25 seconds: detailed_route -output_drc /home/praneel/vlsi/projects/IDP_2/experiments/EXP001_exact_dadda_4to2_comp/pd/orfs/reports/sky130hd/exact_dadda_with_compressor/base/5_route_drc.rpt -output_maze /home/praneel/vlsi/projects/IDP_2/experiments/EXP001_exact_dadda_4to2_comp/pd/orfs/results/sky130hd/exact_dadda_with_compressor/base/maze.log -droute_end_iter 64 -verbose 1 -drc_report_iter_step 5
[INFO GRT-0012] Found 0 antenna violations.
[INFO ANT-0002] Found 0 net violations.
[INFO ANT-0001] Found 0 pin violations.
[INFO ANT-0002] Found 0 net violations.
[INFO ANT-0001] Found 0 pin violations.
Design area 3100 um^2 70% utilization.
write_db /home/praneel/vlsi/projects/IDP_2/experiments/EXP001_exact_dadda_4to2_comp/pd/orfs/results/sky130hd/exact_dadda_with_compressor/base/5_2_route.odb
Elapsed time: 0:25.65[h:]min:sec. CPU time: user 86.01 sys 0.40 (336%). Peak memory: 694448KB.
Log                       Ext     Elapsed/s Peak Memory/MB sha1sum result [0:20)
5_2_route                 .odb           25            678 8b2d004fa38cd1efec67
