
==========================================================================
floorplan final report_tns
--------------------------------------------------------------------------
tns max -6.77

==========================================================================
floorplan final report_wns
--------------------------------------------------------------------------
wns max -1.13

==========================================================================
floorplan final report_worst_slack
--------------------------------------------------------------------------
worst slack max -1.13

==========================================================================
floorplan final report_clock_min_period
--------------------------------------------------------------------------
VCLK period_min = 3.13 fmax = 319.99

==========================================================================
floorplan final report_checks -path_delay min
--------------------------------------------------------------------------
Startpoint: B[1] (input port clocked by VCLK)
Endpoint: P[1] (output port clocked by VCLK)
Path Group: VCLK
Path Type: min

Fanout     Cap    Slew   Delay    Time   Description
-----------------------------------------------------------------------------
                  0.00    0.00    0.00   clock VCLK (rise edge)
                          0.00    0.00   clock network delay (ideal)
                          0.00    0.00 ^ input external delay
     9    0.02    0.05    0.00    0.00 ^ B[1] (in)
                                         B[1] (net)
                  0.05    0.00    0.00 ^ _258_/A (sky130_fd_sc_hd__and2_2)
     1    0.00    0.04    0.13    0.13 ^ _258_/X (sky130_fd_sc_hd__and2_2)
                                         pp[1][0] (net)
                  0.04    0.00    0.13 ^ _411_/A (sky130_fd_sc_hd__ha_1)
     1    0.00    0.06    0.13    0.26 ^ _411_/SUM (sky130_fd_sc_hd__ha_1)
                                         P[1] (net)
                  0.06    0.00    0.26 ^ P[1] (out)
                                  0.26   data arrival time

                  0.00    0.00    0.00   clock VCLK (rise edge)
                          0.00    0.00   clock network delay (ideal)
                          0.00    0.00   clock reconvergence pessimism
                          0.00    0.00   output external delay
                                  0.00   data required time
-----------------------------------------------------------------------------
                                  0.00   data required time
                                 -0.26   data arrival time
-----------------------------------------------------------------------------
                                  0.26   slack (MET)



==========================================================================
floorplan final report_checks -path_delay max
--------------------------------------------------------------------------
Startpoint: B[5] (input port clocked by VCLK)
Endpoint: P[15] (output port clocked by VCLK)
Path Group: VCLK
Path Type: max

Fanout     Cap    Slew   Delay    Time   Description
-----------------------------------------------------------------------------
                  0.00    0.00    0.00   clock VCLK (rise edge)
                          0.00    0.00   clock network delay (ideal)
                          0.00    0.00 v input external delay
     1    0.01    0.05    0.00    0.00 v B[5] (in)
                                         B[5] (net)
                  0.05    0.00    0.00 v _190_/A (sky130_fd_sc_hd__buf_8)
    10    0.02    0.03    0.13    0.13 v _190_/X (sky130_fd_sc_hd__buf_8)
                                         _037_ (net)
                  0.03    0.00    0.13 v _279_/B (sky130_fd_sc_hd__and2_4)
     1    0.01    0.03    0.15    0.28 v _279_/X (sky130_fd_sc_hd__and2_4)
                                         pp[29][0] (net)
                  0.03    0.00    0.28 v _396_/A (sky130_fd_sc_hd__fa_1)
     1    0.00    0.06    0.53    0.81 ^ _396_/SUM (sky130_fd_sc_hd__fa_1)
                                         s1_c8_comp1.fa1.sum (net)
                  0.06    0.00    0.81 ^ _422_/A (sky130_fd_sc_hd__ha_2)
     1    0.00    0.05    0.17    0.97 ^ _422_/COUT (sky130_fd_sc_hd__ha_2)
                                         c1_c9_c1 (net)
                  0.05    0.00    0.97 ^ _400_/CIN (sky130_fd_sc_hd__fa_1)
     1    0.01    0.10    0.43    1.40 v _400_/SUM (sky130_fd_sc_hd__fa_1)
                                         s1_c9_fa.sum (net)
                  0.10    0.00    1.40 v _407_/B (sky130_fd_sc_hd__fa_2)
     1    0.01    0.07    0.37    1.77 v _407_/COUT (sky130_fd_sc_hd__fa_2)
                                         c9_cout (net)
                  0.07    0.00    1.77 v _402_/CIN (sky130_fd_sc_hd__fa_2)
     1    0.01    0.08    0.55    2.32 ^ _402_/SUM (sky130_fd_sc_hd__fa_2)
                                         s2_c10_comp.fa2.sum (net)
                  0.08    0.00    2.32 ^ _429_/A (sky130_fd_sc_hd__ha_4)
     2    0.01    0.05    0.21    2.54 v _429_/SUM (sky130_fd_sc_hd__ha_4)
                                         _023_ (net)
                  0.05    0.00    2.54 v _174_/A (sky130_fd_sc_hd__nand2_4)
     6    0.02    0.08    0.08    2.62 ^ _174_/Y (sky130_fd_sc_hd__nand2_4)
                                         _024_ (net)
                  0.08    0.00    2.62 ^ _240_/A2 (sky130_fd_sc_hd__o2111ai_2)
     1    0.00    0.09    0.10    2.71 v _240_/Y (sky130_fd_sc_hd__o2111ai_2)
                                         _072_ (net)
                  0.09    0.00    2.71 v _243_/A1 (sky130_fd_sc_hd__o211a_1)
     1    0.00    0.05    0.24    2.95 v _243_/X (sky130_fd_sc_hd__o211a_1)
                                         _075_ (net)
                  0.05    0.00    2.95 v _244_/A (sky130_fd_sc_hd__xor2_1)
     1    0.00    0.15    0.17    3.13 ^ _244_/X (sky130_fd_sc_hd__xor2_1)
                                         P[15] (net)
                  0.15    0.00    3.13 ^ P[15] (out)
                                  3.13   data arrival time

                  0.00    2.00    2.00   clock VCLK (rise edge)
                          0.00    2.00   clock network delay (ideal)
                          0.00    2.00   clock reconvergence pessimism
                          0.00    2.00   output external delay
                                  2.00   data required time
-----------------------------------------------------------------------------
                                  2.00   data required time
                                 -3.13   data arrival time
-----------------------------------------------------------------------------
                                 -1.13   slack (VIOLATED)



==========================================================================
floorplan final report_checks -unconstrained
--------------------------------------------------------------------------
Startpoint: B[5] (input port clocked by VCLK)
Endpoint: P[15] (output port clocked by VCLK)
Path Group: VCLK
Path Type: max

Fanout     Cap    Slew   Delay    Time   Description
-----------------------------------------------------------------------------
                  0.00    0.00    0.00   clock VCLK (rise edge)
                          0.00    0.00   clock network delay (ideal)
                          0.00    0.00 v input external delay
     1    0.01    0.05    0.00    0.00 v B[5] (in)
                                         B[5] (net)
                  0.05    0.00    0.00 v _190_/A (sky130_fd_sc_hd__buf_8)
    10    0.02    0.03    0.13    0.13 v _190_/X (sky130_fd_sc_hd__buf_8)
                                         _037_ (net)
                  0.03    0.00    0.13 v _279_/B (sky130_fd_sc_hd__and2_4)
     1    0.01    0.03    0.15    0.28 v _279_/X (sky130_fd_sc_hd__and2_4)
                                         pp[29][0] (net)
                  0.03    0.00    0.28 v _396_/A (sky130_fd_sc_hd__fa_1)
     1    0.00    0.06    0.53    0.81 ^ _396_/SUM (sky130_fd_sc_hd__fa_1)
                                         s1_c8_comp1.fa1.sum (net)
                  0.06    0.00    0.81 ^ _422_/A (sky130_fd_sc_hd__ha_2)
     1    0.00    0.05    0.17    0.97 ^ _422_/COUT (sky130_fd_sc_hd__ha_2)
                                         c1_c9_c1 (net)
                  0.05    0.00    0.97 ^ _400_/CIN (sky130_fd_sc_hd__fa_1)
     1    0.01    0.10    0.43    1.40 v _400_/SUM (sky130_fd_sc_hd__fa_1)
                                         s1_c9_fa.sum (net)
                  0.10    0.00    1.40 v _407_/B (sky130_fd_sc_hd__fa_2)
     1    0.01    0.07    0.37    1.77 v _407_/COUT (sky130_fd_sc_hd__fa_2)
                                         c9_cout (net)
                  0.07    0.00    1.77 v _402_/CIN (sky130_fd_sc_hd__fa_2)
     1    0.01    0.08    0.55    2.32 ^ _402_/SUM (sky130_fd_sc_hd__fa_2)
                                         s2_c10_comp.fa2.sum (net)
                  0.08    0.00    2.32 ^ _429_/A (sky130_fd_sc_hd__ha_4)
     2    0.01    0.05    0.21    2.54 v _429_/SUM (sky130_fd_sc_hd__ha_4)
                                         _023_ (net)
                  0.05    0.00    2.54 v _174_/A (sky130_fd_sc_hd__nand2_4)
     6    0.02    0.08    0.08    2.62 ^ _174_/Y (sky130_fd_sc_hd__nand2_4)
                                         _024_ (net)
                  0.08    0.00    2.62 ^ _240_/A2 (sky130_fd_sc_hd__o2111ai_2)
     1    0.00    0.09    0.10    2.71 v _240_/Y (sky130_fd_sc_hd__o2111ai_2)
                                         _072_ (net)
                  0.09    0.00    2.71 v _243_/A1 (sky130_fd_sc_hd__o211a_1)
     1    0.00    0.05    0.24    2.95 v _243_/X (sky130_fd_sc_hd__o211a_1)
                                         _075_ (net)
                  0.05    0.00    2.95 v _244_/A (sky130_fd_sc_hd__xor2_1)
     1    0.00    0.15    0.17    3.13 ^ _244_/X (sky130_fd_sc_hd__xor2_1)
                                         P[15] (net)
                  0.15    0.00    3.13 ^ P[15] (out)
                                  3.13   data arrival time

                  0.00    2.00    2.00   clock VCLK (rise edge)
                          0.00    2.00   clock network delay (ideal)
                          0.00    2.00   clock reconvergence pessimism
                          0.00    2.00   output external delay
                                  2.00   data required time
-----------------------------------------------------------------------------
                                  2.00   data required time
                                 -3.13   data arrival time
-----------------------------------------------------------------------------
                                 -1.13   slack (VIOLATED)



==========================================================================
floorplan final report_power
--------------------------------------------------------------------------
Group                  Internal  Switching    Leakage      Total
                          Power      Power      Power      Power (Watts)
----------------------------------------------------------------
Sequential             0.00e+00   0.00e+00   0.00e+00   0.00e+00   0.0%
Combinational          5.84e-04   5.60e-04   9.98e-10   1.14e-03 100.0%
Clock                  0.00e+00   0.00e+00   0.00e+00   0.00e+00   0.0%
Macro                  0.00e+00   0.00e+00   0.00e+00   0.00e+00   0.0%
Pad                    0.00e+00   0.00e+00   0.00e+00   0.00e+00   0.0%
----------------------------------------------------------------
Total                  5.84e-04   5.60e-04   9.98e-10   1.14e-03 100.0%
                          51.0%      49.0%       0.0%
