
==========================================================================
detailed place report_tns
--------------------------------------------------------------------------
tns max -21.11

==========================================================================
detailed place report_wns
--------------------------------------------------------------------------
wns max -2.17

==========================================================================
detailed place report_worst_slack
--------------------------------------------------------------------------
worst slack max -2.17

==========================================================================
detailed place report_clock_min_period
--------------------------------------------------------------------------
VCLK period_min = 4.17 fmax = 239.59

==========================================================================
detailed place report_checks -path_delay min
--------------------------------------------------------------------------
Startpoint: B[0] (input port clocked by VCLK)
Endpoint: P[0] (output port clocked by VCLK)
Path Group: VCLK
Path Type: min

Fanout     Cap    Slew   Delay    Time   Description
-----------------------------------------------------------------------------
                  0.00    0.00    0.00   clock VCLK (rise edge)
                          0.00    0.00   clock network delay (ideal)
                          0.00    0.00 v input external delay
     1    0.00    0.05    0.00    0.00 v B[0] (in)
                                         B[0] (net)
                  0.05    0.00    0.00 v input9/A (sky130_fd_sc_hd__clkdlybuf4s50_1)
     2    0.01    0.08    0.45    0.45 v input9/X (sky130_fd_sc_hd__clkdlybuf4s50_1)
                                         net9 (net)
                  0.08    0.00    0.45 v place144/A (sky130_fd_sc_hd__buf_4)
    11    0.04    0.06    0.19    0.64 v place144/X (sky130_fd_sc_hd__buf_4)
                                         net144 (net)
                  0.06    0.00    0.64 v _380_/A (sky130_fd_sc_hd__and2_2)
     1    0.00    0.03    0.17    0.81 v _380_/X (sky130_fd_sc_hd__and2_2)
                                         net17 (net)
                  0.03    0.00    0.81 v output17/A (sky130_fd_sc_hd__clkdlybuf4s50_1)
     1    0.01    0.08    0.44    1.25 v output17/X (sky130_fd_sc_hd__clkdlybuf4s50_1)
                                         P[0] (net)
                  0.08    0.00    1.25 v P[0] (out)
                                  1.25   data arrival time

                  0.00    0.00    0.00   clock VCLK (rise edge)
                          0.00    0.00   clock network delay (ideal)
                          0.00    0.00   clock reconvergence pessimism
                          0.00    0.00   output external delay
                                  0.00   data required time
-----------------------------------------------------------------------------
                                  0.00   data required time
                                 -1.25   data arrival time
-----------------------------------------------------------------------------
                                  1.25   slack (MET)



==========================================================================
detailed place report_checks -path_delay max
--------------------------------------------------------------------------
Startpoint: B[7] (input port clocked by VCLK)
Endpoint: P[14] (output port clocked by VCLK)
Path Group: VCLK
Path Type: max

Fanout     Cap    Slew   Delay    Time   Description
-----------------------------------------------------------------------------
                  0.00    0.00    0.00   clock VCLK (rise edge)
                          0.00    0.00   clock network delay (ideal)
                          0.00    0.00 ^ input external delay
     1    0.00    0.05    0.00    0.00 ^ B[7] (in)
                                         B[7] (net)
                  0.05    0.00    0.00 ^ input16/A (sky130_fd_sc_hd__clkdlybuf4s50_1)
     7    0.02    0.22    0.60    0.60 ^ input16/X (sky130_fd_sc_hd__clkdlybuf4s50_1)
                                         net16 (net)
                  0.22    0.00    0.60 ^ _378_/A (sky130_fd_sc_hd__and2_1)
     1    0.01    0.07    0.18    0.78 ^ _378_/X (sky130_fd_sc_hd__and2_1)
                                         pp[15][0] (net)
                  0.07    0.00    0.78 ^ _396_/CIN (sky130_fd_sc_hd__fa_1)
     1    0.01    0.10    0.43    1.21 v _396_/SUM (sky130_fd_sc_hd__fa_1)
                                         s1_c8_comp1.fa1.sum (net)
                  0.10    0.00    1.21 v _422_/A (sky130_fd_sc_hd__ha_2)
     1    0.01    0.04    0.21    1.42 v _422_/COUT (sky130_fd_sc_hd__ha_2)
                                         c1_c9_c1 (net)
                  0.04    0.00    1.42 v _400_/CIN (sky130_fd_sc_hd__fa_1)
     1    0.01    0.10    0.51    1.93 ^ _400_/SUM (sky130_fd_sc_hd__fa_1)
                                         s1_c9_fa.sum (net)
                  0.10    0.00    1.93 ^ _407_/B (sky130_fd_sc_hd__fa_2)
     1    0.01    0.09    0.46    2.39 v _407_/SUM (sky130_fd_sc_hd__fa_2)
                                         s2_c9_comp.fa1.sum (net)
                  0.09    0.00    2.39 v _408_/B (sky130_fd_sc_hd__fa_2)
     1    0.01    0.08    0.39    2.79 v _408_/COUT (sky130_fd_sc_hd__fa_2)
                                         c9_carry (net)
                  0.08    0.00    2.79 v _429_/B (sky130_fd_sc_hd__ha_4)
     2    0.02    0.06    0.30    3.09 ^ _429_/SUM (sky130_fd_sc_hd__ha_4)
                                         _023_ (net)
                  0.06    0.00    3.09 ^ _174_/A (sky130_fd_sc_hd__nand2_4)
     6    0.02    0.06    0.07    3.15 v _174_/Y (sky130_fd_sc_hd__nand2_4)
                                         _024_ (net)
                  0.06    0.00    3.16 v _282_/A3 (sky130_fd_sc_hd__o31ai_1)
     1    0.00    0.23    0.22    3.38 ^ _282_/Y (sky130_fd_sc_hd__o31ai_1)
                                         _088_ (net)
                  0.23    0.00    3.38 ^ _283_/A1 (sky130_fd_sc_hd__a21oi_1)
     1    0.00    0.08    0.12    3.50 v _283_/Y (sky130_fd_sc_hd__a21oi_1)
                                         _089_ (net)
                  0.08    0.00    3.50 v _284_/A (sky130_fd_sc_hd__xnor2_1)
     1    0.00    0.12    0.16    3.66 ^ _284_/Y (sky130_fd_sc_hd__xnor2_1)
                                         net22 (net)
                  0.12    0.00    3.66 ^ output22/A (sky130_fd_sc_hd__clkdlybuf4s50_1)
     1    0.01    0.08    0.52    4.17 ^ output22/X (sky130_fd_sc_hd__clkdlybuf4s50_1)
                                         P[14] (net)
                  0.08    0.00    4.17 ^ P[14] (out)
                                  4.17   data arrival time

                  0.00    2.00    2.00   clock VCLK (rise edge)
                          0.00    2.00   clock network delay (ideal)
                          0.00    2.00   clock reconvergence pessimism
                          0.00    2.00   output external delay
                                  2.00   data required time
-----------------------------------------------------------------------------
                                  2.00   data required time
                                 -4.17   data arrival time
-----------------------------------------------------------------------------
                                 -2.17   slack (VIOLATED)



==========================================================================
detailed place report_checks -unconstrained
--------------------------------------------------------------------------
Startpoint: B[7] (input port clocked by VCLK)
Endpoint: P[14] (output port clocked by VCLK)
Path Group: VCLK
Path Type: max

Fanout     Cap    Slew   Delay    Time   Description
-----------------------------------------------------------------------------
                  0.00    0.00    0.00   clock VCLK (rise edge)
                          0.00    0.00   clock network delay (ideal)
                          0.00    0.00 ^ input external delay
     1    0.00    0.05    0.00    0.00 ^ B[7] (in)
                                         B[7] (net)
                  0.05    0.00    0.00 ^ input16/A (sky130_fd_sc_hd__clkdlybuf4s50_1)
     7    0.02    0.22    0.60    0.60 ^ input16/X (sky130_fd_sc_hd__clkdlybuf4s50_1)
                                         net16 (net)
                  0.22    0.00    0.60 ^ _378_/A (sky130_fd_sc_hd__and2_1)
     1    0.01    0.07    0.18    0.78 ^ _378_/X (sky130_fd_sc_hd__and2_1)
                                         pp[15][0] (net)
                  0.07    0.00    0.78 ^ _396_/CIN (sky130_fd_sc_hd__fa_1)
     1    0.01    0.10    0.43    1.21 v _396_/SUM (sky130_fd_sc_hd__fa_1)
                                         s1_c8_comp1.fa1.sum (net)
                  0.10    0.00    1.21 v _422_/A (sky130_fd_sc_hd__ha_2)
     1    0.01    0.04    0.21    1.42 v _422_/COUT (sky130_fd_sc_hd__ha_2)
                                         c1_c9_c1 (net)
                  0.04    0.00    1.42 v _400_/CIN (sky130_fd_sc_hd__fa_1)
     1    0.01    0.10    0.51    1.93 ^ _400_/SUM (sky130_fd_sc_hd__fa_1)
                                         s1_c9_fa.sum (net)
                  0.10    0.00    1.93 ^ _407_/B (sky130_fd_sc_hd__fa_2)
     1    0.01    0.09    0.46    2.39 v _407_/SUM (sky130_fd_sc_hd__fa_2)
                                         s2_c9_comp.fa1.sum (net)
                  0.09    0.00    2.39 v _408_/B (sky130_fd_sc_hd__fa_2)
     1    0.01    0.08    0.39    2.79 v _408_/COUT (sky130_fd_sc_hd__fa_2)
                                         c9_carry (net)
                  0.08    0.00    2.79 v _429_/B (sky130_fd_sc_hd__ha_4)
     2    0.02    0.06    0.30    3.09 ^ _429_/SUM (sky130_fd_sc_hd__ha_4)
                                         _023_ (net)
                  0.06    0.00    3.09 ^ _174_/A (sky130_fd_sc_hd__nand2_4)
     6    0.02    0.06    0.07    3.15 v _174_/Y (sky130_fd_sc_hd__nand2_4)
                                         _024_ (net)
                  0.06    0.00    3.16 v _282_/A3 (sky130_fd_sc_hd__o31ai_1)
     1    0.00    0.23    0.22    3.38 ^ _282_/Y (sky130_fd_sc_hd__o31ai_1)
                                         _088_ (net)
                  0.23    0.00    3.38 ^ _283_/A1 (sky130_fd_sc_hd__a21oi_1)
     1    0.00    0.08    0.12    3.50 v _283_/Y (sky130_fd_sc_hd__a21oi_1)
                                         _089_ (net)
                  0.08    0.00    3.50 v _284_/A (sky130_fd_sc_hd__xnor2_1)
     1    0.00    0.12    0.16    3.66 ^ _284_/Y (sky130_fd_sc_hd__xnor2_1)
                                         net22 (net)
                  0.12    0.00    3.66 ^ output22/A (sky130_fd_sc_hd__clkdlybuf4s50_1)
     1    0.01    0.08    0.52    4.17 ^ output22/X (sky130_fd_sc_hd__clkdlybuf4s50_1)
                                         P[14] (net)
                  0.08    0.00    4.17 ^ P[14] (out)
                                  4.17   data arrival time

                  0.00    2.00    2.00   clock VCLK (rise edge)
                          0.00    2.00   clock network delay (ideal)
                          0.00    2.00   clock reconvergence pessimism
                          0.00    2.00   output external delay
                                  2.00   data required time
-----------------------------------------------------------------------------
                                  2.00   data required time
                                 -4.17   data arrival time
-----------------------------------------------------------------------------
                                 -2.17   slack (VIOLATED)



==========================================================================
detailed place report_check_types -max_slew -max_cap -max_fanout -violators
--------------------------------------------------------------------------

==========================================================================
detailed place max_slew_check_slack
--------------------------------------------------------------------------
1.1595137119293213

==========================================================================
detailed place max_slew_check_limit
--------------------------------------------------------------------------
1.4811999797821045

==========================================================================
detailed place max_slew_check_slack_limit
--------------------------------------------------------------------------
0.7828

==========================================================================
detailed place max_fanout_check_slack
--------------------------------------------------------------------------
1.0000000150474662e+30

==========================================================================
detailed place max_fanout_check_limit
--------------------------------------------------------------------------
1.0000000150474662e+30

==========================================================================
detailed place max_capacitance_check_slack
--------------------------------------------------------------------------
0.02581634372472763

==========================================================================
detailed place max_capacitance_check_limit
--------------------------------------------------------------------------
0.02930700220167637

==========================================================================
detailed place max_capacitance_check_slack_limit
--------------------------------------------------------------------------
0.8809

==========================================================================
detailed place max_slew_violation_count
--------------------------------------------------------------------------
max slew violation count 0

==========================================================================
detailed place max_fanout_violation_count
--------------------------------------------------------------------------
max fanout violation count 0

==========================================================================
detailed place max_cap_violation_count
--------------------------------------------------------------------------
max cap violation count 0

==========================================================================
detailed place setup_violation_count
--------------------------------------------------------------------------
setup violation count 14

==========================================================================
detailed place hold_violation_count
--------------------------------------------------------------------------
hold violation count 0

==========================================================================
detailed place critical path delay
--------------------------------------------------------------------------
4.1738

==========================================================================
detailed place critical path slack
--------------------------------------------------------------------------
-2.1738

==========================================================================
detailed place slack div critical path delay
--------------------------------------------------------------------------
-52.082036

==========================================================================
detailed place report_power
--------------------------------------------------------------------------
Group                  Internal  Switching    Leakage      Total
                          Power      Power      Power      Power (Watts)
----------------------------------------------------------------
Sequential             0.00e+00   0.00e+00   0.00e+00   0.00e+00   0.0%
Combinational          1.21e-03   8.69e-04   1.39e-09   2.08e-03 100.0%
Clock                  0.00e+00   0.00e+00   0.00e+00   0.00e+00   0.0%
Macro                  0.00e+00   0.00e+00   0.00e+00   0.00e+00   0.0%
Pad                    0.00e+00   0.00e+00   0.00e+00   0.00e+00   0.0%
----------------------------------------------------------------
Total                  1.21e-03   8.69e-04   1.39e-09   2.08e-03 100.0%
                          58.1%      41.9%       0.0%
