OpenROAD 26Q3-1499-g46ab99414e 
Features included (+) or not (-): +GPU +GUI +Python
This program is licensed under the BSD-3 license. See the LICENSE file for details.
Components of this program may be licensed under more restrictive licenses which must be honored.
[INFO ORD-0030] Using 12 thread(s).
read_liberty /home/praneel/vlsi/tools/OpenROAD-flow-scripts/flow/platforms/sky130hd/lib/sky130_fd_sc_hd__tt_025C_1v80.lib
read_db /home/praneel/vlsi/projects/IDP_2/experiments/EXP002_approx_meathod/pd/orfs/results/sky130hd/approx_dadda_d1/base/3_1_place_gp_skip_io.odb
read_sdc /home/praneel/vlsi/projects/IDP_2/experiments/EXP002_approx_meathod/pd/orfs/results/sky130hd/approx_dadda_d1/base/2_floorplan.sdc
source /home/praneel/vlsi/tools/OpenROAD-flow-scripts/flow/platforms/sky130hd/setRC.tcl
place_pins -hor_layers met3 -ver_layers met2
Found 0 macro blocks.
Using 2 tracks default min distance between IO pins.
[INFO PPL-0001] Number of available slots 266
[INFO PPL-0002] Number of I/O             32
[INFO PPL-0003] Number of I/O w/sink      32
[INFO PPL-0004] Number of I/O w/o sink    0
[INFO PPL-0005] Slots per section         200
[INFO PPL-0008] Successfully assigned pins to sections.
[INFO PPL-0012] I/O nets HPWL: 731.59 um.
Design area 2305 um^2 45% utilization.
write_db /home/praneel/vlsi/projects/IDP_2/experiments/EXP002_approx_meathod/pd/orfs/results/sky130hd/approx_dadda_d1/base/3_2_place_iop.odb
Elapsed time: 0:00.65[h:]min:sec. CPU time: user 0.58 sys 0.06 (99%). Peak memory: 120976KB.
Log                       Ext     Elapsed/s Peak Memory/MB sha1sum result [0:20)
3_2_place_iop             .odb            0            118 6e13bbdf73861f300396
