OpenROAD 26Q3-1499-g46ab99414e 
Features included (+) or not (-): +GPU +GUI +Python
This program is licensed under the BSD-3 license. See the LICENSE file for details.
Components of this program may be licensed under more restrictive licenses which must be honored.
[INFO ORD-0030] Using 12 thread(s).
read_liberty /home/praneel/vlsi/tools/OpenROAD-flow-scripts/flow/platforms/sky130hd/lib/sky130_fd_sc_hd__tt_025C_1v80.lib
read_db /home/praneel/vlsi/projects/IDP_2/experiments/EXP002_approx_meathod/pd/orfs/results/sky130hd/approx_dadda_d1/base/3_4_place_resized.odb
read_sdc /home/praneel/vlsi/projects/IDP_2/experiments/EXP002_approx_meathod/pd/orfs/results/sky130hd/approx_dadda_d1/base/2_floorplan.sdc
source /home/praneel/vlsi/tools/OpenROAD-flow-scripts/flow/platforms/sky130hd/setRC.tcl
detailed_placement
[INFO DPL-0006] Core area: 5074.87 um^2
[INFO DPL-0007] Movable instances area: 2937.82 um^2
[INFO DPL-0008] Fixed instances area within core: 87.58 um^2
[INFO DPL-0009] Utilization: 59.6%
[INFO DPL-0005] Diamond search max displacement: +/- 500 sites horizontally, +/- 100 rows vertically.
[INFO DPL-1102] Legalizing using negotiation legalizer.
[INFO DPL-1103] Negotiation base search window: +/-20 sites horizontally, +/-5 rows vertically 
	Automatic search window extension enabled.
	Search window extendable up to the max displacement cap of +/-500 sites, +/-100 rows near walls.
[INFO DPL-1104] NegotiationLegalizer DRC penalty: 5.
[INFO DPL-0392] Negotiation cell height distribution (1 unique row-count(s)):
[INFO DPL-0393]   height 1 row(s): 418 cells
          |      Total |  Illegal |  Illegal
Iteration | Violations |    Cells |    Sites
---------------------------------------------
        0 |         20 |         6 |        14
        1 |          0 |         0 |         0
Negotiation phase 1 converged at iteration 1.
[INFO DPL-0500] Runtime: 0.01s
Placement Analysis
---------------------------------
total displacement       1187.4 u
average displacement        2.8 u
max displacement           18.1 u
original HPWL            4329.6 u
legalized HPWL           5692.2 u
delta HPWL                   31 %

improve_placement -max_displacement "5 1"
Detailed placement improvement.
[INFO DPL-0401] Setting random seed to 1.
[INFO DPL-0402] Setting maximum displacement 5 1 to 13600 2720 units.
[INFO DPL-0320] Collected 102 fixed cells.
[INFO DPL-0318] Collected 348 single height cells.
[INFO DPL-0321] Collected 0 wide cells.
[INFO DPL-0322] Image (2300, 2720) - (74060, 73440)
[INFO DPL-0310] Assigned 348 cells into segments.  Movement in X-direction is 0.000000, movement in Y-direction is 0.000000.
[INFO DPL-0313] Found 0 cells in wrong regions.
[INFO DPL-0315] Found 0 row alignment problems.
[INFO DPL-0314] Found 0 site alignment problems.
[INFO DPL-0311] Found 0 overlaps between adjacent cells.
[INFO DPL-0312] Found 0 edge spacing violations and 0 padding violations.
[INFO DPL-0303] Running algorithm for independent set matching.
[INFO DPL-0300] Set matching objective is wirelength.
[INFO DPL-0301] Pass   1 of matching; objective is 5.682258e+06.
[INFO DPL-0302] End of matching; objective is 5.669183e+06, improvement is 0.23 percent.
[INFO DPL-0303] Running algorithm for global swaps.
[INFO DPL-0306] Pass   1 of global swaps; hpwl is 5.442782e+06.
[INFO DPL-0306] Pass   2 of global swaps; hpwl is 5.421881e+06.
[INFO DPL-0307] End of global swaps; objective is 5.421881e+06, improvement is 4.36 percent.
[INFO DPL-0303] Running algorithm for vertical swaps.
[INFO DPL-0308] Pass   1 of vertical swaps; hpwl is 5.380066e+06.
[INFO DPL-0309] End of vertical swaps; objective is 5.380066e+06, improvement is 0.77 percent.
[INFO DPL-0303] Running algorithm for reordering.
[INFO DPL-0304] Pass   1 of reordering; objective is 5.363117e+06.
[INFO DPL-0305] End of reordering; objective is 5.363117e+06, improvement is 0.32 percent.
[INFO DPL-0303] Running algorithm for random improvement.
[INFO DPL-0324] Random improver is using random generator.
[INFO DPL-0325] Random improver is using hpwl objective.
[INFO DPL-0326] Random improver cost string is (a).
[INFO DPL-0332] End of pass, Generator random called 6960 times.
[INFO DPL-0335] Generator random, Cumulative attempts 6960, swaps 1410, moves  1594 since last reset.
[INFO DPL-0333] End of pass, Objective hpwl, Initial cost 5.363117e+06, Scratch cost 5.181074e+06, Incremental cost 5.181074e+06, Mismatch? N
[INFO DPL-0338] End of pass, Total cost is 5.181074e+06.
[INFO DPL-0327] Pass   1 of random improver; improvement in cost is 3.39 percent.
[INFO DPL-0332] End of pass, Generator random called 6960 times.
[INFO DPL-0335] Generator random, Cumulative attempts 13920, swaps 2801, moves  3185 since last reset.
[INFO DPL-0333] End of pass, Objective hpwl, Initial cost 5.181074e+06, Scratch cost 5.149810e+06, Incremental cost 5.149810e+06, Mismatch? N
[INFO DPL-0338] End of pass, Total cost is 5.149810e+06.
[INFO DPL-0327] Pass   2 of random improver; improvement in cost is 0.60 percent.
[INFO DPL-0328] End of random improver; improvement is 3.977295 percent.
[INFO DPL-0380] Cell flipping.
[INFO DPL-0382] Changed 0 cell orientations for row compatibility.
[INFO DPL-0383] Performed 161 cell flips.
[INFO DPL-0384] End of flipping; objective is 4.857939e+06, improvement is 5.67 percent.
[INFO DPL-0313] Found 0 cells in wrong regions.
[INFO DPL-0315] Found 0 row alignment problems.
[INFO DPL-0314] Found 0 site alignment problems.
[INFO DPL-0311] Found 0 overlaps between adjacent cells.
[INFO DPL-0312] Found 0 edge spacing violations and 0 padding violations.
Detailed Improvement Results
------------------------------------------
Original HPWL             5692.2 u (    2488.4,     3203.8)
Final HPWL                4859.0 u (    2171.7,     2687.3)
Delta HPWL                 -14.6 % (     -12.7,      -16.1)

optimize_mirroring
[INFO DPL-0020] Mirrored 31 instances
[INFO DPL-0021] HPWL before            4859.0 u
[INFO DPL-0022] HPWL after             4846.7 u
[INFO DPL-0023] HPWL delta               -0.3 %
[INFO FLW-0012] Placement violations .
estimate_parasitics -placement
Report metrics stage 3, detailed place...
No registers in design

==========================================================================
detailed place report_design_area
--------------------------------------------------------------------------
Design area 3025 um^2 60% utilization.
write_db /home/praneel/vlsi/projects/IDP_2/experiments/EXP002_approx_meathod/pd/orfs/results/sky130hd/approx_dadda_d1/base/3_5_place_dp.odb
write_sdc -no_timestamp /home/praneel/vlsi/projects/IDP_2/experiments/EXP002_approx_meathod/pd/orfs/results/sky130hd/approx_dadda_d1/base/3_place.sdc
Elapsed time: 0:00.92[h:]min:sec. CPU time: user 0.88 sys 0.07 (103%). Peak memory: 124840KB.
Log                       Ext     Elapsed/s Peak Memory/MB sha1sum result [0:20)
3_5_place_dp              .odb            0            121 6070f5208e988949bf86
