OpenROAD 26Q3-1499-g46ab99414e 
Features included (+) or not (-): +GPU +GUI +Python
This program is licensed under the BSD-3 license. See the LICENSE file for details.
Components of this program may be licensed under more restrictive licenses which must be honored.
[INFO ORD-0030] Using 12 thread(s).
read_liberty /home/praneel/vlsi/tools/OpenROAD-flow-scripts/flow/platforms/sky130hd/lib/sky130_fd_sc_hd__tt_025C_1v80.lib
read_db /home/praneel/vlsi/projects/IDP_2/experiments/EXP002_approx_meathod/pd/orfs/results/sky130hd/approx_dadda_d1/base/4_cts.odb
read_sdc /home/praneel/vlsi/projects/IDP_2/experiments/EXP002_approx_meathod/pd/orfs/results/sky130hd/approx_dadda_d1/base/4_cts.sdc
source /home/praneel/vlsi/tools/OpenROAD-flow-scripts/flow/platforms/sky130hd/setRC.tcl
pin_access
[INFO DRT-0149] Reading tech and libs.
[WARNING DRT-0349] LEF58_ENCLOSURE with no CUTCLASS is not supported. Skipping for layer mcon
[WARNING DRT-0349] LEF58_ENCLOSURE with no CUTCLASS is not supported. Skipping for layer mcon
[WARNING DRT-0349] LEF58_ENCLOSURE with no CUTCLASS is not supported. Skipping for layer via
[WARNING DRT-0349] LEF58_ENCLOSURE with no CUTCLASS is not supported. Skipping for layer via
[WARNING DRT-0349] LEF58_ENCLOSURE with no CUTCLASS is not supported. Skipping for layer via2
[WARNING DRT-0349] LEF58_ENCLOSURE with no CUTCLASS is not supported. Skipping for layer via2
[WARNING DRT-0349] LEF58_ENCLOSURE with no CUTCLASS is not supported. Skipping for layer via3
[WARNING DRT-0349] LEF58_ENCLOSURE with no CUTCLASS is not supported. Skipping for layer via3
[WARNING DRT-0349] LEF58_ENCLOSURE with no CUTCLASS is not supported. Skipping for layer via4
[WARNING DRT-0349] LEF58_ENCLOSURE with no CUTCLASS is not supported. Skipping for layer via4

Units:                1000
Number of layers:     13
Number of macros:     441
Number of vias:       29
Number of viarulegen: 25

[INFO DRT-0150] Reading design.

Design:                   approx_dadda_d1
Die area:                 ( 0 0 ) ( 76295 76295 )
Number of track patterns: 12
Number of DEF vias:       0
Number of components:     430
Number of terminals:      34
Number of snets:          2
Number of nets:           417

[INFO DRT-0167] List of default vias:
  Layer via
    default via: M1M2_PR
  Layer via2
    default via: M2M3_PR
  Layer via3
    default via: M3M4_PR
  Layer via4
    default via: M4M5_PR
[INFO DRT-0162] Library cell analysis.
[INFO DRT-0163] Instance analysis.
[INFO DRT-0164] Number of unique instances = 96.
[INFO DRT-0168] Init region query.
[INFO DRT-0024]   Complete FR_MASTERSLICE.
[INFO DRT-0024]   Complete Fr_VIA.
[INFO DRT-0024]   Complete li1.
[INFO DRT-0024]   Complete mcon.
[INFO DRT-0024]   Complete met1.
[INFO DRT-0024]   Complete via.
[INFO DRT-0024]   Complete met2.
[INFO DRT-0024]   Complete via2.
[INFO DRT-0024]   Complete met3.
[INFO DRT-0024]   Complete via3.
[INFO DRT-0024]   Complete met4.
[INFO DRT-0024]   Complete via4.
[INFO DRT-0024]   Complete met5.
[INFO DRT-0033] FR_MASTERSLICE shape region query size = 0.
[INFO DRT-0033] FR_VIA shape region query size = 0.
[INFO DRT-0033] li1 shape region query size = 9874.
[INFO DRT-0033] mcon shape region query size = 5409.
[INFO DRT-0033] met1 shape region query size = 1363.
[INFO DRT-0033] via shape region query size = 340.
[INFO DRT-0033] met2 shape region query size = 222.
[INFO DRT-0033] via2 shape region query size = 272.
[INFO DRT-0033] met3 shape region query size = 218.
[INFO DRT-0033] via3 shape region query size = 272.
[INFO DRT-0033] met4 shape region query size = 86.
[INFO DRT-0033] via4 shape region query size = 13.
[INFO DRT-0033] met5 shape region query size = 23.
[INFO DRT-0165] Start pin access.
[INFO DRT-0078]   Complete 742 pins.
[INFO DRT-0081]   Complete 96 unique inst patterns.
[INFO DRT-0084]   Complete 227 groups.
#scanned instances     = 430
#unique  instances     = 96
#stdCellGenAp          = 3845
#stdCellValidPlanarAp  = 52
#stdCellValidViaAp     = 2210
#stdCellPinNoAp        = 10
#stdCellPinCnt         = 1150
#instTermValidViaApCnt = 0
#macroGenAp            = 0
#macroValidPlanarAp    = 0
#macroValidViaAp       = 0
#macroNoAp             = 0
[INFO DRT-0166] Complete pin access.
[INFO DRT-0267] cpu time = 00:01:30, elapsed time = 00:00:18, memory = 128.53 (MB), peak = 127.36 (MB)
Took 19 seconds: pin_access
global_route -congestion_report_file /home/praneel/vlsi/projects/IDP_2/experiments/EXP002_approx_meathod/pd/orfs/reports/sky130hd/approx_dadda_d1/base/congestion.rpt -congestion_iterations 30 -congestion_report_iter_step 5 -verbose
[INFO GRT-0020] Min routing layer: met1
[INFO GRT-0021] Max routing layer: met5
[INFO GRT-0022] Global adjustment: 0%
[INFO GRT-0023] Grid origin: (0, 0)
[INFO GRT-0088] Layer li1     Track-Pitch = 0.4600  line-2-Via Pitch: 0.3400
[INFO GRT-0088] Layer met1    Track-Pitch = 0.3400  line-2-Via Pitch: 0.3400
[INFO GRT-0088] Layer met2    Track-Pitch = 0.4600  line-2-Via Pitch: 0.3500
[INFO GRT-0088] Layer met3    Track-Pitch = 0.6800  line-2-Via Pitch: 0.6150
[INFO GRT-0088] Layer met4    Track-Pitch = 0.9200  line-2-Via Pitch: 1.0400
[INFO GRT-0088] Layer met5    Track-Pitch = 3.4000  line-2-Via Pitch: 3.1100
[INFO GRT-0003] Macros: 0
[INFO GRT-0004] Blockages: 120
[INFO GRT-0019] Found 0 clock nets.
[INFO GRT-0001] Minimum degree: 2
[INFO GRT-0002] Maximum degree: 12

[INFO GRT-0053] Routing resources analysis:
          Routing      Original      Derated      Resource
Layer     Direction    Resources     Resources    Reduction (%)
---------------------------------------------------------------
li1        Vertical            0             0          0.00%
met1       Horizontal       1755          1356          22.74%
met2       Vertical         1460          1130          22.60%
met3       Horizontal       1076           844          21.56%
met4       Vertical          730           550          24.66%
met5       Horizontal        170           110          35.29%
---------------------------------------------------------------

[INFO GRT-0197] Via related to pin nodes: 1945
[INFO GRT-0198] Via related Steiner nodes: 22
[INFO GRT-0199] Via filling finished.
[INFO GRT-0111] Final number of vias: 2390
[INFO GRT-0112] Final usage 3D: 8064

[INFO GRT-0096] Final congestion report:
Layer         Resource        Demand        Usage (%)    Max H / Max V / Total Congestion
---------------------------------------------------------------------------------------
li1                  0             0            0.00%             0 /  0 /  0
met1              1356           414           30.53%             0 /  0 /  0
met2              1130           456           40.35%             0 /  0 /  0
met3               844             8            0.95%             0 /  0 /  0
met4               550            16            2.91%             0 /  0 /  0
met5               110             0            0.00%             0 /  0 /  0
---------------------------------------------------------------------------------------
Total             3990           894           22.41%             0 /  0 /  0

[INFO GRT-0018] Total wirelength: 11053 um
[INFO GRT-0014] Routed nets: 417
[INFO GRT-0303] Global routing runtime = 00:00:00
[WARNING STA-0450] virtual clock VCLK can not be propagated.
estimate_parasitics -global_routing
Perform buffer insertion and gate resizing...
repair_design -verbose
Iteration |   Area    | Resized | Buffers | Nets repaired | Remaining
---------------------------------------------------------------------
        0 |     +0.0% |       0 |       0 |             0 |       417
       10 |     +0.0% |       0 |       0 |             0 |       407
       20 |     +0.0% |       0 |       0 |             0 |       397
       30 |     +0.0% |       0 |       0 |             0 |       387
       40 |     +0.0% |       0 |       0 |             0 |       377
       50 |     +0.0% |       0 |       0 |             0 |       367
       60 |     +0.0% |       0 |       0 |             0 |       357
       70 |     +0.0% |       0 |       0 |             0 |       347
       80 |     +0.0% |       0 |       0 |             0 |       337
       90 |     +0.0% |       0 |       0 |             0 |       327
      100 |     +0.0% |       0 |       0 |             0 |       317
      110 |     +0.0% |       0 |       0 |             0 |       307
      120 |     +0.0% |       0 |       0 |             0 |       297
      130 |     +0.0% |       0 |       0 |             0 |       287
      140 |     +0.0% |       0 |       0 |             0 |       277
      150 |     +0.0% |       0 |       0 |             0 |       267
      160 |     +0.0% |       0 |       0 |             0 |       257
      170 |     +0.0% |       0 |       0 |             0 |       247
      180 |     +0.0% |       0 |       0 |             0 |       237
      190 |     +0.0% |       0 |       0 |             0 |       227
      200 |     +0.0% |       0 |       0 |             0 |       217
      210 |     +0.0% |       0 |       0 |             0 |       207
      220 |     +0.0% |       0 |       0 |             0 |       197
      230 |     +0.0% |       0 |       0 |             0 |       187
      240 |     +0.0% |       0 |       0 |             0 |       177
      250 |     +0.0% |       0 |       0 |             0 |       167
      260 |     +0.0% |       0 |       0 |             0 |       157
      270 |     +0.0% |       0 |       0 |             0 |       147
      280 |     +0.0% |       0 |       0 |             0 |       137
      290 |     +0.0% |       0 |       0 |             0 |       127
      300 |     +0.0% |       0 |       0 |             0 |       117
      310 |     +0.0% |       0 |       0 |             0 |       107
      320 |     +0.0% |       0 |       0 |             0 |        97
      330 |     +0.0% |       0 |       0 |             0 |        87
      340 |     +0.0% |       0 |       0 |             0 |        77
      350 |     +0.0% |       0 |       0 |             0 |        67
      360 |     +0.0% |       0 |       0 |             0 |        57
      370 |     +0.0% |       0 |       0 |             0 |        47
      380 |     +0.0% |       0 |       0 |             0 |        37
      390 |     +0.0% |       0 |       0 |             0 |        27
      400 |     +0.0% |       0 |       0 |             0 |        17
      410 |     +0.0% |       0 |       0 |             0 |         7
    final |     +0.0% |       0 |       0 |             0 |         0
---------------------------------------------------------------------
[INFO RSZ-0504] Runtime: 0.05s
global_route -start_incremental
detailed_placement
[INFO DPL-0006] Core area: 5074.87 um^2
[INFO DPL-0007] Movable instances area: 3174.29 um^2
[INFO DPL-0008] Fixed instances area within core: 87.58 um^2
[INFO DPL-0009] Utilization: 64.3%
[INFO DPL-0005] Diamond search max displacement: +/- 500 sites horizontally, +/- 100 rows vertically.
[INFO DPL-1102] Legalizing using negotiation legalizer.
[INFO DPL-1103] Negotiation base search window: +/-20 sites horizontally, +/-5 rows vertically 
	Automatic search window extension enabled.
	Search window extendable up to the max displacement cap of +/-500 sites, +/-100 rows near walls.
[INFO DPL-1104] NegotiationLegalizer DRC penalty: 5.
[INFO DPL-0392] Negotiation cell height distribution (1 unique row-count(s)):
[INFO DPL-0393]   height 1 row(s): 430 cells
[INFO DPL-0500] Runtime: 0.00s
Placement Analysis
---------------------------------
total displacement          0.0 u
average displacement        0.0 u
max displacement            0.0 u
original HPWL            5680.4 u
legalized HPWL           5680.4 u
delta HPWL                    0 %

global_route -end_incremental -congestion_report_file /home/praneel/vlsi/projects/IDP_2/experiments/EXP002_approx_meathod/pd/orfs/reports/sky130hd/approx_dadda_d1/base/congestion_post_repair_design.rpt
Repair setup and hold violations...
estimate_parasitics -global_routing
repair_timing -setup_margin 0 -hold_margin 0 -repair_tns 100 -verbose
[INFO RSZ-0100] Repair move sequence: UnbufferMove SizeUpMove SwapPinsMove BufferMove CloneMove SplitLoadMove 
[INFO RSZ-0094] Found 12 endpoints with setup violations.
[INFO RSZ-0099] Repairing 12 out of 12 (100.00%) violating endpoints...
   Iter   | Removed | Resized | Inserted | Cloned |  Pin  |   Area   |    WNS   |   StTNS    |   EnTNS    |  Viol  |  Worst  
          | Buffers |  Gates  | Buffers  |  Gates | Swaps |          |          |            |            | Endpts | St/EnPt 
------------------------------------------------------------------------------------------------------------------------------
       0* |       0 |       0 |        0 |      0 |     0 |    +0.0% |   -1.454 |      -20.1 |      -11.9 |     12 | P[14]
      10* |       0 |       1 |        0 |      0 |     8 |    +0.1% |   -1.517 |      -20.1 |      -12.2 |     12 | P[15]
      19* |       0 |       1 |        0 |      0 |     2 |    +0.1% |   -1.422 |      -19.7 |      -11.8 |     12 | P[15]
      20* |       0 |       1 |        0 |      0 |     2 |    +0.1% |   -1.422 |      -19.7 |      -11.8 |     12 | P[15]
      25* |       0 |       4 |        0 |      0 |     4 |    +0.6% |   -1.409 |      -19.5 |      -11.7 |     12 | P[12]
      30* |       0 |       6 |        0 |      0 |     6 |    +0.9% |   -1.396 |      -19.4 |      -11.7 |     12 | P[15]
      31* |       0 |       6 |        0 |      0 |     6 |    +0.9% |   -1.396 |      -19.4 |      -11.7 |     12 | P[15]
      39* |       0 |       6 |        0 |      0 |     6 |    +0.9% |   -1.396 |      -19.4 |      -11.7 |     12 | P[15]
      40* |       0 |       6 |        0 |      0 |     6 |    +0.9% |   -1.396 |      -19.4 |      -11.7 |     12 | P[15]
      44* |       0 |       6 |        0 |      0 |     7 |    +0.9% |   -1.396 |      -19.4 |      -11.7 |     12 | P[15]
      50* |       0 |       8 |        2 |      0 |     8 |    +1.6% |   -1.396 |      -19.4 |      -12.1 |     12 | P[15]
      53* |       0 |       6 |        0 |      0 |     7 |    +0.9% |   -1.396 |      -19.4 |      -11.7 |     12 | P[15]
      59* |       0 |       6 |        0 |      0 |     7 |    +0.9% |   -1.396 |      -19.4 |      -11.7 |     12 | P[15]
      60* |       0 |       6 |        0 |      0 |     7 |    +0.9% |   -1.396 |      -19.4 |      -11.7 |     12 | P[15]
      70* |       0 |       9 |        1 |      0 |    13 |    +1.5% |   -1.396 |      -19.3 |      -11.8 |     12 | P[15]
      80* |       0 |      15 |        1 |      0 |    17 |    +2.2% |   -1.399 |      -19.2 |      -11.6 |     12 | P[15]
      90* |       0 |      22 |        4 |      0 |    19 |    +4.0% |   -1.399 |      -19.2 |      -11.5 |     12 | P[15]
     100* |       0 |      28 |        4 |      0 |    23 |    +4.9% |   -1.399 |      -19.2 |      -11.5 |     12 | P[15]
     110* |       0 |      35 |        4 |      0 |    26 |    +5.6% |   -1.399 |      -19.2 |      -11.5 |     12 | P[15]
     112* |       0 |       6 |        0 |      0 |     9 |    +0.9% |   -1.396 |      -19.3 |      -11.7 |     12 | P[15]
     120* |       0 |      10 |        0 |      0 |    12 |    +1.3% |   -1.399 |      -19.2 |      -11.6 |     12 | P[15]
     130* |       0 |      18 |        3 |      0 |    13 |    +3.3% |   -1.399 |      -19.0 |      -11.5 |     12 | P[15]
     140* |       0 |      24 |        6 |      0 |    14 |    +4.8% |   -1.399 |      -19.1 |      -11.7 |     12 | P[15]
     150* |       1 |      28 |       10 |      0 |    15 |    +5.9% |   -1.399 |      -19.1 |      -13.3 |     12 | P[15]
     150* |       0 |       7 |        0 |      0 |    12 |    +1.0% |   -1.396 |      -19.2 |      -11.6 |     12 | P[15]
     160* |       0 |      13 |        1 |      0 |    14 |    +2.0% |   -1.399 |      -19.2 |      -11.7 |     12 | P[15]
     170* |       0 |      19 |        7 |      0 |    14 |    +4.1% |   -1.399 |      -19.2 |      -12.7 |     12 | P[15]
     172* |       0 |       7 |        0 |      0 |    12 |    +1.0% |   -1.396 |      -19.2 |      -11.6 |     12 | P[15]
     180* |       0 |      11 |        3 |      0 |    14 |    +2.1% |   -1.399 |      -19.2 |      -11.5 |     12 | P[15]
     190* |       0 |      18 |        6 |      0 |    14 |    +3.8% |   -1.399 |      -19.1 |      -13.3 |     12 | P[15]
     190* |       0 |       7 |        0 |      0 |    13 |    +1.0% |   -1.396 |      -19.2 |      -11.6 |     12 | P[15]
     200* |       0 |      14 |        3 |      0 |    14 |    +2.6% |   -1.399 |      -19.1 |      -11.5 |     12 | P[15]
     207* |       0 |       8 |        0 |      0 |    13 |    +1.2% |   -1.396 |      -19.2 |      -11.6 |     12 | P[15]
     207* |       0 |       8 |        0 |      0 |    13 |    +1.2% |   -1.396 |      -19.2 |      -11.6 |     12 | P[15]
     208+ |       0 |       8 |        0 |      0 |    13 |    +1.2% |   -1.396 |      -19.2 |      -11.6 |     12 | P[15]
     209+ |       0 |       8 |        0 |      0 |    13 |    +1.2% |   -1.396 |      -19.2 |      -11.6 |     12 | P[15]
     210+ |       0 |       8 |        0 |      0 |    13 |    +1.2% |   -1.396 |      -19.2 |      -11.6 |     12 | P[15]
     210+ |       0 |       8 |        0 |      0 |    13 |    +1.2% |   -1.396 |      -19.2 |      -11.6 |     12 | P[15]
     211+ |       0 |       8 |        0 |      0 |    13 |    +1.2% |   -1.396 |      -19.2 |      -11.6 |     12 | P[15]
     212+ |       0 |       8 |        0 |      0 |    13 |    +1.2% |   -1.396 |      -19.2 |      -11.6 |     12 | P[15]
     213+ |       0 |       8 |        0 |      0 |    13 |    +1.2% |   -1.396 |      -19.2 |      -11.6 |     12 | P[15]
     214+ |       0 |       8 |        0 |      0 |    13 |    +1.2% |   -1.396 |      -19.2 |      -11.6 |     12 | P[15]
     220+ |       0 |      13 |        0 |      0 |    13 |    +1.9% |   -1.396 |      -19.2 |      -11.6 |     12 | P[15]
     220+ |       0 |      13 |        0 |      0 |    13 |    +1.9% |   -1.396 |      -19.2 |      -11.6 |     12 | P[15]
     221+ |       0 |      13 |        0 |      0 |    13 |    +1.9% |   -1.396 |      -19.2 |      -11.6 |     12 | P[15]
     222+ |       0 |      13 |        0 |      0 |    13 |    +1.9% |   -1.396 |      -19.2 |      -11.6 |     12 | P[15]
     223+ |       0 |      13 |        0 |      0 |    13 |    +1.9% |   -1.396 |      -19.2 |      -11.6 |     12 | P[15]
     224+ |       0 |      13 |        0 |      0 |    13 |    +1.9% |   -1.396 |      -19.2 |      -11.6 |     12 | P[15]
    final |       0 |      13 |        0 |      0 |    13 |    +1.9% |   -1.396 |      -19.2 |      -11.6 |     13 | P[15]
------------------------------------------------------------------------------------------------------------------------------
[INFO RSZ-0051] Resized 13 instances: 13 up, 0 up match, 0 down, 0 VT
[INFO RSZ-0043] Swapped pins on 13 instances.
[WARNING RSZ-0062] Unable to repair all setup violations.
[INFO RSZ-0505] Runtime: 15.82s
[INFO RSZ-0033] No hold violations found.
[INFO RSZ-0506] Runtime: 0.00s
Took 16 seconds: repair_timing -setup_margin 0 -hold_margin 0 -repair_tns 100 -verbose
global_route -start_incremental
detailed_placement
[INFO DPL-0006] Core area: 5074.87 um^2
[INFO DPL-0007] Movable instances area: 3235.60 um^2
[INFO DPL-0008] Fixed instances area within core: 87.58 um^2
[INFO DPL-0009] Utilization: 65.5%
[INFO DPL-0005] Diamond search max displacement: +/- 500 sites horizontally, +/- 100 rows vertically.
[INFO DPL-1102] Legalizing using negotiation legalizer.
[INFO DPL-1103] Negotiation base search window: +/-20 sites horizontally, +/-5 rows vertically 
	Automatic search window extension enabled.
	Search window extendable up to the max displacement cap of +/-500 sites, +/-100 rows near walls.
[INFO DPL-1104] NegotiationLegalizer DRC penalty: 5.
[INFO DPL-0392] Negotiation cell height distribution (1 unique row-count(s)):
[INFO DPL-0393]   height 1 row(s): 430 cells
          |      Total |  Illegal |  Illegal
Iteration | Violations |    Cells |    Sites
---------------------------------------------
        0 |          6 |         2 |         4
        1 |          0 |         0 |         0
Negotiation phase 1 converged at iteration 1.
[INFO DPL-0500] Runtime: 0.01s
Placement Analysis
---------------------------------
total displacement         26.9 u
average displacement        0.1 u
max displacement            5.4 u
original HPWL            5689.0 u
legalized HPWL           5720.0 u
delta HPWL                    1 %

check_placement -verbose
global_route -end_incremental -congestion_report_file /home/praneel/vlsi/projects/IDP_2/experiments/EXP002_approx_meathod/pd/orfs/reports/sky130hd/approx_dadda_d1/base/congestion_post_repair_timing.rpt
estimate_parasitics -global_routing
global_route -start_incremental
global_route -end_incremental -congestion_report_file /home/praneel/vlsi/projects/IDP_2/experiments/EXP002_approx_meathod/pd/orfs/reports/sky130hd/approx_dadda_d1/base/congestion_post_recover_power.rpt
Repair antennas...
[INFO GRT-0012] Found 0 antenna violations.
[INFO ANT-0002] Found 0 net violations.
[INFO ANT-0001] Found 0 pin violations.
Estimate parasitics...
estimate_parasitics -global_routing
Report metrics stage 5, global route...
No registers in design

==========================================================================
global route report_design_area
--------------------------------------------------------------------------
Design area 3323 um^2 65% utilization.
[INFO FLW-0007] clock VCLK period 2.000000
[INFO FLW-0008] Clock VCLK period 3.226
[INFO FLW-0009] Clock VCLK slack -1.396
write_sdc -no_timestamp /home/praneel/vlsi/projects/IDP_2/experiments/EXP002_approx_meathod/pd/orfs/results/sky130hd/approx_dadda_d1/base/updated_clks.sdc
[WARNING STA-0450] virtual clock VCLK can not be propagated.
[INFO FLW-0011] Path endpoint path count 16
write_db /home/praneel/vlsi/projects/IDP_2/experiments/EXP002_approx_meathod/pd/orfs/results/sky130hd/approx_dadda_d1/base/5_1_grt.odb
write_sdc -no_timestamp /home/praneel/vlsi/projects/IDP_2/experiments/EXP002_approx_meathod/pd/orfs/results/sky130hd/approx_dadda_d1/base/5_1_grt.sdc
Elapsed time: 0:35.46[h:]min:sec. CPU time: user 113.51 sys 0.98 (322%). Peak memory: 263552KB.
Log                       Ext     Elapsed/s Peak Memory/MB sha1sum result [0:20)
5_1_grt                   .odb           35            257 0675d84901bf2c2f7353
5_1_grt                   .sdc                             fb4f76d93fb6374df003
