
==========================================================================
global place report_tns
--------------------------------------------------------------------------
tns max -25.80

==========================================================================
global place report_wns
--------------------------------------------------------------------------
wns max -2.40

==========================================================================
global place report_worst_slack
--------------------------------------------------------------------------
worst slack max -2.40

==========================================================================
global place report_clock_min_period
--------------------------------------------------------------------------
VCLK period_min = 4.40 fmax = 227.24

==========================================================================
global place report_checks -path_delay min
--------------------------------------------------------------------------
Startpoint: B[0] (input port clocked by VCLK)
Endpoint: P[0] (output port clocked by VCLK)
Path Group: VCLK
Path Type: min

Fanout     Cap    Slew   Delay    Time   Description
-----------------------------------------------------------------------------
                  0.00    0.00    0.00   clock VCLK (rise edge)
                          0.00    0.00   clock network delay (ideal)
                          0.00    0.00 v input external delay
     1    0.00    0.05    0.00    0.00 v B[0] (in)
                                         B[0] (net)
                  0.05    0.00    0.00 v input9/A (sky130_fd_sc_hd__clkdlybuf4s50_1)
     4    0.01    0.12    0.49    0.49 v input9/X (sky130_fd_sc_hd__clkdlybuf4s50_1)
                                         net9 (net)
                  0.12    0.00    0.49 v place97/A (sky130_fd_sc_hd__buf_4)
     5    0.01    0.03    0.17    0.66 v place97/X (sky130_fd_sc_hd__buf_4)
                                         net97 (net)
                  0.03    0.00    0.66 v _159_/A (sky130_fd_sc_hd__and2_1)
     1    0.00    0.03    0.13    0.78 v _159_/X (sky130_fd_sc_hd__and2_1)
                                         net17 (net)
                  0.03    0.00    0.78 v output17/A (sky130_fd_sc_hd__clkdlybuf4s50_1)
     1    0.01    0.08    0.44    1.23 v output17/X (sky130_fd_sc_hd__clkdlybuf4s50_1)
                                         P[0] (net)
                  0.08    0.00    1.23 v P[0] (out)
                                  1.23   data arrival time

                  0.00    0.00    0.00   clock VCLK (rise edge)
                          0.00    0.00   clock network delay (ideal)
                          0.00    0.00   clock reconvergence pessimism
                          0.00    0.00   output external delay
                                  0.00   data required time
-----------------------------------------------------------------------------
                                  0.00   data required time
                                 -1.23   data arrival time
-----------------------------------------------------------------------------
                                  1.23   slack (MET)



==========================================================================
global place report_checks -path_delay max
--------------------------------------------------------------------------
Startpoint: B[6] (input port clocked by VCLK)
Endpoint: P[13] (output port clocked by VCLK)
Path Group: VCLK
Path Type: max

Fanout     Cap    Slew   Delay    Time   Description
-----------------------------------------------------------------------------
                  0.00    0.00    0.00   clock VCLK (rise edge)
                          0.00    0.00   clock network delay (ideal)
                          0.00    0.00 v input external delay
     1    0.00    0.05    0.00    0.00 v B[6] (in)
                                         B[6] (net)
                  0.05    0.00    0.00 v input15/A (sky130_fd_sc_hd__clkdlybuf4s50_1)
     8    0.02    0.16    0.52    0.52 v input15/X (sky130_fd_sc_hd__clkdlybuf4s50_1)
                                         net15 (net)
                  0.16    0.00    0.52 v _197_/B (sky130_fd_sc_hd__and2_1)
     1    0.01    0.05    0.22    0.75 v _197_/X (sky130_fd_sc_hd__and2_1)
                                         pp[22][0] (net)
                  0.05    0.00    0.75 v _207_/B (sky130_fd_sc_hd__fa_1)
     1    0.01    0.09    0.53    1.28 ^ _207_/SUM (sky130_fd_sc_hd__fa_1)
                                         s1_c8_fa.sum (net)
                  0.09    0.00    1.28 ^ _217_/B (sky130_fd_sc_hd__fa_1)
     1    0.01    0.10    0.45    1.73 v _217_/SUM (sky130_fd_sc_hd__fa_1)
                                         s2_c8_fa1.sum (net)
                  0.10    0.00    1.73 v _228_/B (sky130_fd_sc_hd__fa_1)
     1    0.01    0.10    0.50    2.23 v _228_/SUM (sky130_fd_sc_hd__fa_1)
                                         s3_c8_fa.sum (net)
                  0.10    0.00    2.23 v _239_/A (sky130_fd_sc_hd__fa_1)
     1    0.01    0.13    0.61    2.84 ^ _239_/SUM (sky130_fd_sc_hd__fa_1)
                                         s4_c8_fa.sum (net)
                  0.13    0.00    2.84 ^ _253_/A (sky130_fd_sc_hd__ha_4)
     4    0.01    0.05    0.23    3.07 v _253_/SUM (sky130_fd_sc_hd__ha_4)
                                         _025_ (net)
                  0.05    0.00    3.07 v _101_/A (sky130_fd_sc_hd__and3_4)
     3    0.01    0.04    0.15    3.22 v _101_/X (sky130_fd_sc_hd__and3_4)
                                         _034_ (net)
                  0.04    0.00    3.22 v _102_/B (sky130_fd_sc_hd__and2_4)
     2    0.01    0.04    0.16    3.38 v _102_/X (sky130_fd_sc_hd__and2_4)
                                         _035_ (net)
                  0.04    0.00    3.38 v _132_/A1 (sky130_fd_sc_hd__a2111oi_4)
     1    0.00    0.23    0.27    3.65 ^ _132_/Y (sky130_fd_sc_hd__a2111oi_4)
                                         _054_ (net)
                  0.23    0.00    3.65 ^ _135_/C (sky130_fd_sc_hd__nor3_1)
     1    0.00    0.07    0.09    3.74 v _135_/Y (sky130_fd_sc_hd__nor3_1)
                                         _057_ (net)
                  0.07    0.00    3.74 v _136_/A (sky130_fd_sc_hd__xor2_1)
     1    0.00    0.11    0.15    3.88 ^ _136_/X (sky130_fd_sc_hd__xor2_1)
                                         net21 (net)
                  0.11    0.00    3.88 ^ output21/A (sky130_fd_sc_hd__clkdlybuf4s50_1)
     1    0.01    0.08    0.52    4.40 ^ output21/X (sky130_fd_sc_hd__clkdlybuf4s50_1)
                                         P[13] (net)
                  0.08    0.00    4.40 ^ P[13] (out)
                                  4.40   data arrival time

                  0.00    2.00    2.00   clock VCLK (rise edge)
                          0.00    2.00   clock network delay (ideal)
                          0.00    2.00   clock reconvergence pessimism
                          0.00    2.00   output external delay
                                  2.00   data required time
-----------------------------------------------------------------------------
                                  2.00   data required time
                                 -4.40   data arrival time
-----------------------------------------------------------------------------
                                 -2.40   slack (VIOLATED)



==========================================================================
global place report_checks -unconstrained
--------------------------------------------------------------------------
Startpoint: B[6] (input port clocked by VCLK)
Endpoint: P[13] (output port clocked by VCLK)
Path Group: VCLK
Path Type: max

Fanout     Cap    Slew   Delay    Time   Description
-----------------------------------------------------------------------------
                  0.00    0.00    0.00   clock VCLK (rise edge)
                          0.00    0.00   clock network delay (ideal)
                          0.00    0.00 v input external delay
     1    0.00    0.05    0.00    0.00 v B[6] (in)
                                         B[6] (net)
                  0.05    0.00    0.00 v input15/A (sky130_fd_sc_hd__clkdlybuf4s50_1)
     8    0.02    0.16    0.52    0.52 v input15/X (sky130_fd_sc_hd__clkdlybuf4s50_1)
                                         net15 (net)
                  0.16    0.00    0.52 v _197_/B (sky130_fd_sc_hd__and2_1)
     1    0.01    0.05    0.22    0.75 v _197_/X (sky130_fd_sc_hd__and2_1)
                                         pp[22][0] (net)
                  0.05    0.00    0.75 v _207_/B (sky130_fd_sc_hd__fa_1)
     1    0.01    0.09    0.53    1.28 ^ _207_/SUM (sky130_fd_sc_hd__fa_1)
                                         s1_c8_fa.sum (net)
                  0.09    0.00    1.28 ^ _217_/B (sky130_fd_sc_hd__fa_1)
     1    0.01    0.10    0.45    1.73 v _217_/SUM (sky130_fd_sc_hd__fa_1)
                                         s2_c8_fa1.sum (net)
                  0.10    0.00    1.73 v _228_/B (sky130_fd_sc_hd__fa_1)
     1    0.01    0.10    0.50    2.23 v _228_/SUM (sky130_fd_sc_hd__fa_1)
                                         s3_c8_fa.sum (net)
                  0.10    0.00    2.23 v _239_/A (sky130_fd_sc_hd__fa_1)
     1    0.01    0.13    0.61    2.84 ^ _239_/SUM (sky130_fd_sc_hd__fa_1)
                                         s4_c8_fa.sum (net)
                  0.13    0.00    2.84 ^ _253_/A (sky130_fd_sc_hd__ha_4)
     4    0.01    0.05    0.23    3.07 v _253_/SUM (sky130_fd_sc_hd__ha_4)
                                         _025_ (net)
                  0.05    0.00    3.07 v _101_/A (sky130_fd_sc_hd__and3_4)
     3    0.01    0.04    0.15    3.22 v _101_/X (sky130_fd_sc_hd__and3_4)
                                         _034_ (net)
                  0.04    0.00    3.22 v _102_/B (sky130_fd_sc_hd__and2_4)
     2    0.01    0.04    0.16    3.38 v _102_/X (sky130_fd_sc_hd__and2_4)
                                         _035_ (net)
                  0.04    0.00    3.38 v _132_/A1 (sky130_fd_sc_hd__a2111oi_4)
     1    0.00    0.23    0.27    3.65 ^ _132_/Y (sky130_fd_sc_hd__a2111oi_4)
                                         _054_ (net)
                  0.23    0.00    3.65 ^ _135_/C (sky130_fd_sc_hd__nor3_1)
     1    0.00    0.07    0.09    3.74 v _135_/Y (sky130_fd_sc_hd__nor3_1)
                                         _057_ (net)
                  0.07    0.00    3.74 v _136_/A (sky130_fd_sc_hd__xor2_1)
     1    0.00    0.11    0.15    3.88 ^ _136_/X (sky130_fd_sc_hd__xor2_1)
                                         net21 (net)
                  0.11    0.00    3.88 ^ output21/A (sky130_fd_sc_hd__clkdlybuf4s50_1)
     1    0.01    0.08    0.52    4.40 ^ output21/X (sky130_fd_sc_hd__clkdlybuf4s50_1)
                                         P[13] (net)
                  0.08    0.00    4.40 ^ P[13] (out)
                                  4.40   data arrival time

                  0.00    2.00    2.00   clock VCLK (rise edge)
                          0.00    2.00   clock network delay (ideal)
                          0.00    2.00   clock reconvergence pessimism
                          0.00    2.00   output external delay
                                  2.00   data required time
-----------------------------------------------------------------------------
                                  2.00   data required time
                                 -4.40   data arrival time
-----------------------------------------------------------------------------
                                 -2.40   slack (VIOLATED)



==========================================================================
global place report_power
--------------------------------------------------------------------------
Group                  Internal  Switching    Leakage      Total
                          Power      Power      Power      Power (Watts)
----------------------------------------------------------------
Sequential             0.00e+00   0.00e+00   0.00e+00   0.00e+00   0.0%
Combinational          1.57e-03   1.04e-03   1.26e-09   2.61e-03 100.0%
Clock                  0.00e+00   0.00e+00   0.00e+00   0.00e+00   0.0%
Macro                  0.00e+00   0.00e+00   0.00e+00   0.00e+00   0.0%
Pad                    0.00e+00   0.00e+00   0.00e+00   0.00e+00   0.0%
----------------------------------------------------------------
Total                  1.57e-03   1.04e-03   1.26e-09   2.61e-03 100.0%
                          60.2%      39.8%       0.0%
