
==========================================================================
finish report_tns
--------------------------------------------------------------------------
tns max -15.17

==========================================================================
finish report_wns
--------------------------------------------------------------------------
wns max -1.62

==========================================================================
finish report_worst_slack
--------------------------------------------------------------------------
worst slack max -1.62

==========================================================================
finish report_clock_min_period
--------------------------------------------------------------------------
VCLK period_min = 3.62 fmax = 276.55

==========================================================================
finish report_clock_skew
--------------------------------------------------------------------------
Clock VCLK
No launch/capture paths found.


==========================================================================
finish report_checks -path_delay min
--------------------------------------------------------------------------
Startpoint: B[7] (input port clocked by VCLK)
Endpoint: P[15] (output port clocked by VCLK)
Path Group: VCLK
Path Type: min

Fanout     Cap    Slew   Delay    Time   Description
-----------------------------------------------------------------------------
                  0.00    0.00    0.00   clock VCLK (rise edge)
                          0.00    0.00   clock network delay (ideal)
                          0.00    0.00 ^ input external delay
     1    0.01    0.05    0.00    0.00 ^ B[7] (in)
                                         B[7] (net)
                  0.05    0.00    0.00 ^ input16/A (sky130_fd_sc_hd__buf_8)
     8    0.02    0.05    0.10    0.10 ^ input16/X (sky130_fd_sc_hd__buf_8)
                                         net16 (net)
                  0.05    0.00    0.10 ^ _165_/A (sky130_fd_sc_hd__and2_1)
     1    0.01    0.08    0.14    0.24 ^ _165_/X (sky130_fd_sc_hd__and2_1)
                                         pp[63][0] (net)
                  0.08    0.00    0.24 ^ _246_/B (sky130_fd_sc_hd__ha_1)
     1    0.00    0.05    0.15    0.39 ^ _246_/COUT (sky130_fd_sc_hd__ha_1)
                                         _012_ (net)
                  0.05    0.00    0.39 ^ _112_/B1 (sky130_fd_sc_hd__a21o_1)
     1    0.00    0.03    0.08    0.46 ^ _112_/X (sky130_fd_sc_hd__a21o_1)
                                         net23 (net)
                  0.03    0.00    0.46 ^ output23/A (sky130_fd_sc_hd__buf_2)
     1    0.01    0.04    0.10    0.56 ^ output23/X (sky130_fd_sc_hd__buf_2)
                                         P[15] (net)
                  0.04    0.00    0.56 ^ P[15] (out)
                                  0.56   data arrival time

                  0.00    0.00    0.00   clock VCLK (rise edge)
                          0.00    0.00   clock network delay (ideal)
                          0.00    0.00   clock reconvergence pessimism
                          0.00    0.00   output external delay
                                  0.00   data required time
-----------------------------------------------------------------------------
                                  0.00   data required time
                                 -0.56   data arrival time
-----------------------------------------------------------------------------
                                  0.56   slack (MET)



==========================================================================
finish report_checks -path_delay max
--------------------------------------------------------------------------
Startpoint: A[1] (input port clocked by VCLK)
Endpoint: P[13] (output port clocked by VCLK)
Path Group: VCLK
Path Type: max

Fanout     Cap    Slew   Delay    Time   Description
-----------------------------------------------------------------------------
                  0.00    0.00    0.00   clock VCLK (rise edge)
                          0.00    0.00   clock network delay (ideal)
                          0.00    0.00 v input external delay
     1    0.01    0.05    0.00    0.00 v A[1] (in)
                                         A[1] (net)
                  0.05    0.00    0.00 v input2/A (sky130_fd_sc_hd__buf_8)
     4    0.01    0.03    0.12    0.12 v input2/X (sky130_fd_sc_hd__buf_8)
                                         net2 (net)
                  0.03    0.00    0.12 v _166_/B (sky130_fd_sc_hd__and2_4)
     1    0.01    0.04    0.15    0.28 v _166_/X (sky130_fd_sc_hd__and2_4)
                                         pp[13][0] (net)
                  0.04    0.00    0.28 v _254_/A (sky130_fd_sc_hd__ha_4)
     1    0.01    0.04    0.23    0.51 v _254_/SUM (sky130_fd_sc_hd__ha_4)
                                         s1_c6_ha.sum (net)
                  0.04    0.00    0.51 v _213_/B (sky130_fd_sc_hd__fa_1)
     1    0.01    0.08    0.52    1.03 ^ _213_/SUM (sky130_fd_sc_hd__fa_1)
                                         s2_c6_fa1.sum (net)
                  0.08    0.00    1.04 ^ _226_/CIN (sky130_fd_sc_hd__fa_1)
     1    0.01    0.09    0.43    1.47 v _226_/SUM (sky130_fd_sc_hd__fa_1)
                                         s3_c6_fa.sum (net)
                  0.09    0.00    1.47 v _237_/CIN (sky130_fd_sc_hd__fa_1)
     1    0.01    0.13    0.55    2.02 ^ _237_/SUM (sky130_fd_sc_hd__fa_1)
                                         s4_c6_fa.sum (net)
                  0.13    0.00    2.02 ^ _251_/A (sky130_fd_sc_hd__ha_4)
     3    0.01    0.05    0.23    2.25 v _251_/SUM (sky130_fd_sc_hd__ha_4)
                                         _021_ (net)
                  0.05    0.00    2.25 v _099_/A (sky130_fd_sc_hd__and3_4)
     1    0.00    0.03    0.14    2.39 v _099_/X (sky130_fd_sc_hd__and3_4)
                                         _032_ (net)
                  0.03    0.00    2.39 v _100_/B1 (sky130_fd_sc_hd__a221o_2)
     2    0.01    0.08    0.37    2.76 v _100_/X (sky130_fd_sc_hd__a221o_2)
                                         _033_ (net)
                  0.08    0.00    2.76 v rebuffer112/A (sky130_fd_sc_hd__buf_6)
     3    0.02    0.03    0.14    2.90 v rebuffer112/X (sky130_fd_sc_hd__buf_6)
                                         net112 (net)
                  0.03    0.00    2.90 v _132_/A2 (sky130_fd_sc_hd__a2111oi_4)
     1    0.01    0.27    0.36    3.26 ^ _132_/Y (sky130_fd_sc_hd__a2111oi_4)
                                         _054_ (net)
                  0.27    0.00    3.26 ^ _135_/C (sky130_fd_sc_hd__nor3_2)
     1    0.01    0.06    0.08    3.33 v _135_/Y (sky130_fd_sc_hd__nor3_2)
                                         _057_ (net)
                  0.06    0.00    3.33 v _136_/A (sky130_fd_sc_hd__xor2_1)
     1    0.00    0.05    0.16    3.49 v _136_/X (sky130_fd_sc_hd__xor2_1)
                                         net21 (net)
                  0.05    0.00    3.49 v output21/A (sky130_fd_sc_hd__buf_2)
     1    0.01    0.03    0.13    3.62 v output21/X (sky130_fd_sc_hd__buf_2)
                                         P[13] (net)
                  0.03    0.00    3.62 v P[13] (out)
                                  3.62   data arrival time

                  0.00    2.00    2.00   clock VCLK (rise edge)
                          0.00    2.00   clock network delay (ideal)
                          0.00    2.00   clock reconvergence pessimism
                          0.00    2.00   output external delay
                                  2.00   data required time
-----------------------------------------------------------------------------
                                  2.00   data required time
                                 -3.62   data arrival time
-----------------------------------------------------------------------------
                                 -1.62   slack (VIOLATED)



==========================================================================
finish report_checks -unconstrained
--------------------------------------------------------------------------
Startpoint: A[1] (input port clocked by VCLK)
Endpoint: P[13] (output port clocked by VCLK)
Path Group: VCLK
Path Type: max

Fanout     Cap    Slew   Delay    Time   Description
-----------------------------------------------------------------------------
                  0.00    0.00    0.00   clock VCLK (rise edge)
                          0.00    0.00   clock network delay (ideal)
                          0.00    0.00 v input external delay
     1    0.01    0.05    0.00    0.00 v A[1] (in)
                                         A[1] (net)
                  0.05    0.00    0.00 v input2/A (sky130_fd_sc_hd__buf_8)
     4    0.01    0.03    0.12    0.12 v input2/X (sky130_fd_sc_hd__buf_8)
                                         net2 (net)
                  0.03    0.00    0.12 v _166_/B (sky130_fd_sc_hd__and2_4)
     1    0.01    0.04    0.15    0.28 v _166_/X (sky130_fd_sc_hd__and2_4)
                                         pp[13][0] (net)
                  0.04    0.00    0.28 v _254_/A (sky130_fd_sc_hd__ha_4)
     1    0.01    0.04    0.23    0.51 v _254_/SUM (sky130_fd_sc_hd__ha_4)
                                         s1_c6_ha.sum (net)
                  0.04    0.00    0.51 v _213_/B (sky130_fd_sc_hd__fa_1)
     1    0.01    0.08    0.52    1.03 ^ _213_/SUM (sky130_fd_sc_hd__fa_1)
                                         s2_c6_fa1.sum (net)
                  0.08    0.00    1.04 ^ _226_/CIN (sky130_fd_sc_hd__fa_1)
     1    0.01    0.09    0.43    1.47 v _226_/SUM (sky130_fd_sc_hd__fa_1)
                                         s3_c6_fa.sum (net)
                  0.09    0.00    1.47 v _237_/CIN (sky130_fd_sc_hd__fa_1)
     1    0.01    0.13    0.55    2.02 ^ _237_/SUM (sky130_fd_sc_hd__fa_1)
                                         s4_c6_fa.sum (net)
                  0.13    0.00    2.02 ^ _251_/A (sky130_fd_sc_hd__ha_4)
     3    0.01    0.05    0.23    2.25 v _251_/SUM (sky130_fd_sc_hd__ha_4)
                                         _021_ (net)
                  0.05    0.00    2.25 v _099_/A (sky130_fd_sc_hd__and3_4)
     1    0.00    0.03    0.14    2.39 v _099_/X (sky130_fd_sc_hd__and3_4)
                                         _032_ (net)
                  0.03    0.00    2.39 v _100_/B1 (sky130_fd_sc_hd__a221o_2)
     2    0.01    0.08    0.37    2.76 v _100_/X (sky130_fd_sc_hd__a221o_2)
                                         _033_ (net)
                  0.08    0.00    2.76 v rebuffer112/A (sky130_fd_sc_hd__buf_6)
     3    0.02    0.03    0.14    2.90 v rebuffer112/X (sky130_fd_sc_hd__buf_6)
                                         net112 (net)
                  0.03    0.00    2.90 v _132_/A2 (sky130_fd_sc_hd__a2111oi_4)
     1    0.01    0.27    0.36    3.26 ^ _132_/Y (sky130_fd_sc_hd__a2111oi_4)
                                         _054_ (net)
                  0.27    0.00    3.26 ^ _135_/C (sky130_fd_sc_hd__nor3_2)
     1    0.01    0.06    0.08    3.33 v _135_/Y (sky130_fd_sc_hd__nor3_2)
                                         _057_ (net)
                  0.06    0.00    3.33 v _136_/A (sky130_fd_sc_hd__xor2_1)
     1    0.00    0.05    0.16    3.49 v _136_/X (sky130_fd_sc_hd__xor2_1)
                                         net21 (net)
                  0.05    0.00    3.49 v output21/A (sky130_fd_sc_hd__buf_2)
     1    0.01    0.03    0.13    3.62 v output21/X (sky130_fd_sc_hd__buf_2)
                                         P[13] (net)
                  0.03    0.00    3.62 v P[13] (out)
                                  3.62   data arrival time

                  0.00    2.00    2.00   clock VCLK (rise edge)
                          0.00    2.00   clock network delay (ideal)
                          0.00    2.00   clock reconvergence pessimism
                          0.00    2.00   output external delay
                                  2.00   data required time
-----------------------------------------------------------------------------
                                  2.00   data required time
                                 -3.62   data arrival time
-----------------------------------------------------------------------------
                                 -1.62   slack (VIOLATED)



==========================================================================
finish report_check_types -max_slew -max_cap -max_fanout -violators
--------------------------------------------------------------------------

==========================================================================
finish max_slew_check_slack
--------------------------------------------------------------------------
1.2249839305877686

==========================================================================
finish max_slew_check_limit
--------------------------------------------------------------------------
1.4971109628677368

==========================================================================
finish max_slew_check_slack_limit
--------------------------------------------------------------------------
0.8182

==========================================================================
finish max_fanout_check_slack
--------------------------------------------------------------------------
1.0000000150474662e+30

==========================================================================
finish max_fanout_check_limit
--------------------------------------------------------------------------
1.0000000150474662e+30

==========================================================================
finish max_capacitance_check_slack
--------------------------------------------------------------------------
0.046809468418359756

==========================================================================
finish max_capacitance_check_limit
--------------------------------------------------------------------------
0.052195001393556595

==========================================================================
finish max_capacitance_check_slack_limit
--------------------------------------------------------------------------
0.8968

==========================================================================
finish max_slew_violation_count
--------------------------------------------------------------------------
max slew violation count 0

==========================================================================
finish max_fanout_violation_count
--------------------------------------------------------------------------
max fanout violation count 0

==========================================================================
finish max_cap_violation_count
--------------------------------------------------------------------------
max cap violation count 0

==========================================================================
finish setup_violation_count
--------------------------------------------------------------------------
setup violation count 12

==========================================================================
finish hold_violation_count
--------------------------------------------------------------------------
hold violation count 0

==========================================================================
finish critical path delay
--------------------------------------------------------------------------
3.6160

==========================================================================
finish critical path slack
--------------------------------------------------------------------------
-1.6160

==========================================================================
finish slack div critical path delay
--------------------------------------------------------------------------
-44.690265

==========================================================================
finish report_power
--------------------------------------------------------------------------
Group                  Internal  Switching    Leakage      Total
                          Power      Power      Power      Power (Watts)
----------------------------------------------------------------
Sequential             0.00e+00   0.00e+00   0.00e+00   0.00e+00   0.0%
Combinational          1.70e-03   1.34e-03   1.41e-09   3.04e-03 100.0%
Clock                  0.00e+00   0.00e+00   0.00e+00   0.00e+00   0.0%
Macro                  0.00e+00   0.00e+00   0.00e+00   0.00e+00   0.0%
Pad                    0.00e+00   0.00e+00   0.00e+00   0.00e+00   0.0%
----------------------------------------------------------------
Total                  1.70e-03   1.34e-03   1.41e-09   3.04e-03 100.0%
                          55.9%      44.1%       0.0%
