OpenROAD 26Q3-1499-g46ab99414e 
Features included (+) or not (-): +GPU +GUI +Python
This program is licensed under the BSD-3 license. See the LICENSE file for details.
Components of this program may be licensed under more restrictive licenses which must be honored.
[INFO ORD-0030] Using 12 thread(s).
read_liberty /home/praneel/vlsi/tools/OpenROAD-flow-scripts/flow/platforms/sky130hd/lib/sky130_fd_sc_hd__tt_025C_1v80.lib
read_db /home/praneel/vlsi/projects/IDP_2/experiments/EXP000_exact_dadda_no_comp/pd/orfs/results/sky130hd/exact_dadda_no_comp/base/2_floorplan.odb
read_sdc /home/praneel/vlsi/projects/IDP_2/experiments/EXP000_exact_dadda_no_comp/pd/orfs/results/sky130hd/exact_dadda_no_comp/base/2_floorplan.sdc
source /home/praneel/vlsi/tools/OpenROAD-flow-scripts/flow/platforms/sky130hd/setRC.tcl
global_placement -skip_io -density 0.6 -pad_left 0 -pad_right 0
[INFO GPL-0001] ---- Initialize GPL Main Data Structures
[INFO GPL-0002] DBU: 1000
[INFO GPL-0003] SiteSize: (  0.460  2.720 ) um
[INFO GPL-0004] CoreBBox: (  2.300  2.720 ) ( 69.000 68.000 ) um
[INFO GPL-0016] Core area:                    4354.176 um^2
[INFO GPL-0036] Movable instances area:       1936.858 um^2
[INFO GPL-0037] Total instances area:         2001.920 um^2
[INFO GPL-0035] Pin density area adjust:       126.541 um^2
[INFO GPL-0032] ---- Initialize Region: Top-level
[INFO GPL-0006] Number of instances:               237
[INFO GPL-0007] Movable instances:                 185
[INFO GPL-0008] Fixed instances:                    52
[INFO GPL-0009] Dummy instances:                     0
[INFO GPL-0010] Number of nets:                    258
[INFO GPL-0011] Number of pins:                    701
[INFO GPL-0012] Die BBox:       (  0.000  0.000 ) ( 71.230 71.230 ) um
[INFO GPL-0013] Placement BBox: (  2.300  2.720 ) ( 69.000 68.000 ) um
[INFO GPL-0014] Region name: top-level.
[INFO GPL-0015] Region area:                  4354.176 um^2
[INFO GPL-0017] Fixed instances area:           65.062 um^2
[INFO GPL-0018] Movable instances area:       2063.398 um^2
[INFO GPL-0019] Utilization:                    48.108 %
[INFO GPL-0020] Standard cells area:          2063.398 um^2
[INFO GPL-0021] Large instances area:            0.000 um^2
[INFO GPL-0005] ---- Execute Conjugate Gradient Initial Placement.
[INFO GPL-0051] Source of initial instance position counters:
	Odb location = 0	Core center = 185	Region center = 0
[INFO GPL-0033] ---- Initialize Nesterov Region: Top-level
[INFO GPL-0023] Placement target density:       0.6000
[INFO GPL-0024] Movable insts average area:     11.154 um^2
[INFO GPL-0025] Ideal bin area:                 18.589 um^2
[INFO GPL-0026] Ideal bin count:                   234
[INFO GPL-0027] Total bin area:               4354.176 um^2
[INFO GPL-0028] Bin count (X, Y):           8 ,      8
[INFO GPL-0029] Bin size (W * H):       8.338 *  8.160 um
[INFO GPL-0030] Number of bins:                     64
[INFO GPL-0084] ---- Execute Nesterov Global Placement.
[INFO GPL-0031] HPWL: Half-Perimeter Wirelength
Iteration | Overflow |     HPWL (um) |  HPWL(%) |   Penalty | Group
---------------------------------------------------------------
        0 |   0.9224 |  5.427110e+02 |   +0.00% |  7.46e-14 |      
       10 |   0.9218 |  4.772270e+02 |  -12.07% |  1.22e-13 |      
       20 |   0.9215 |  4.806010e+02 |   +0.71% |  1.98e-13 |      
       30 |   0.9216 |  4.792780e+02 |   -0.28% |  3.23e-13 |      
       40 |   0.9217 |  4.789550e+02 |   -0.07% |  5.25e-13 |      
       50 |   0.9216 |  4.796750e+02 |   +0.15% |  8.56e-13 |      
       60 |   0.9216 |  4.798660e+02 |   +0.04% |  1.39e-12 |      
       70 |   0.9216 |  4.803780e+02 |   +0.11% |  2.27e-12 |      
       80 |   0.9215 |  4.813370e+02 |   +0.20% |  3.70e-12 |      
       90 |   0.9215 |  4.826790e+02 |   +0.28% |  6.02e-12 |      
      100 |   0.9214 |  4.842270e+02 |   +0.32% |  9.81e-12 |      
      110 |   0.9211 |  4.853170e+02 |   +0.23% |  1.60e-11 |      
      120 |   0.9206 |  4.876130e+02 |   +0.47% |  2.60e-11 |      
      130 |   0.9192 |  4.913630e+02 |   +0.77% |  4.24e-11 |      
      140 |   0.9156 |  5.000620e+02 |   +1.77% |  6.91e-11 |      
      150 |   0.9004 |  5.222930e+02 |   +4.45% |  1.13e-10 |      
      160 |   0.8492 |  5.877360e+02 |  +12.53% |  1.83e-10 |      
      170 |   0.8433 |  7.029870e+02 |  +19.61% |  2.99e-10 |      
      180 |   0.8018 |  9.306020e+02 |  +32.38% |  4.86e-10 |      
      190 |   0.7253 |  1.202804e+03 |  +29.25% |  7.92e-10 |      
      200 |   0.6890 |  1.291442e+03 |   +7.37% |  1.29e-09 |      
      210 |   0.6368 |  1.422665e+03 |  +10.16% |  2.10e-09 |      
      220 |   0.5869 |  1.532807e+03 |   +7.74% |  3.42e-09 |      
      230 |   0.5371 |  1.697539e+03 |  +10.75% |  5.58e-09 |      
      240 |   0.4978 |  1.829048e+03 |   +7.75% |  9.08e-09 |      
      250 |   0.4524 |  1.969721e+03 |   +7.69% |  1.48e-08 |      
      260 |   0.4058 |  2.089956e+03 |   +6.10% |  2.41e-08 |      
      270 |   0.3567 |  2.195087e+03 |   +5.03% |  3.93e-08 |      
      280 |   0.3148 |  2.269989e+03 |   +3.41% |  5.96e-08 |      
      290 |   0.2758 |  2.337340e+03 |   +2.97% |  8.78e-08 |      
      300 |   0.2383 |  2.391740e+03 |   +2.33% |  1.29e-07 |      
      310 |   0.2069 |  2.450290e+03 |   +2.45% |  1.91e-07 |      
      320 |   0.1772 |  2.504108e+03 |   +2.20% |  2.81e-07 |      
      330 |   0.1450 |  2.544056e+03 |   +1.60% |  4.13e-07 |      
      340 |   0.1125 |  2.567574e+03 |   +0.92% |  6.09e-07 |      
      344 |   0.0977 |  2.571771e+03 |          |  7.39e-07 |      
---------------------------------------------------------------
[INFO GPL-1001] Global placement finished at iteration 344
[INFO GPL-1002] Placed Cell Area             2063.3984
[INFO GPL-1003] Available Free Area          4289.1136
[INFO GPL-1004] Minimum Feasible Density        0.4900 (cell_area / free_area)
[INFO GPL-1006]   Suggested Target Densities:
[INFO GPL-1007]     - For 90% usage of free space: 0.5345
[INFO GPL-1008]     - For 80% usage of free space: 0.6013
[INFO GPL-1009]     - For 50% usage of free space: 0.9622
[INFO GPL-1014] Final placement area: 2063.40 (+0.00%)
Design area 2002 um^2 46% utilization.
write_db /home/praneel/vlsi/projects/IDP_2/experiments/EXP000_exact_dadda_no_comp/pd/orfs/results/sky130hd/exact_dadda_no_comp/base/3_1_place_gp_skip_io.odb
Elapsed time: 0:00.47[h:]min:sec. CPU time: user 0.49 sys 0.26 (161%). Peak memory: 120572KB.
Log                       Ext     Elapsed/s Peak Memory/MB sha1sum result [0:20)
3_1_place_gp_skip_io      .odb            0            117 de911ab1327130f40558
