OpenROAD 26Q3-1499-g46ab99414e 
Features included (+) or not (-): +GPU +GUI +Python
This program is licensed under the BSD-3 license. See the LICENSE file for details.
Components of this program may be licensed under more restrictive licenses which must be honored.
[INFO ORD-0030] Using 12 thread(s).
read_liberty /home/praneel/vlsi/tools/OpenROAD-flow-scripts/flow/platforms/sky130hd/lib/sky130_fd_sc_hd__tt_025C_1v80.lib
read_db /home/praneel/vlsi/projects/IDP_2/experiments/EXP000_exact_dadda_no_comp/pd/orfs/results/sky130hd/exact_dadda_no_comp/base/3_place.odb
read_sdc /home/praneel/vlsi/projects/IDP_2/experiments/EXP000_exact_dadda_no_comp/pd/orfs/results/sky130hd/exact_dadda_no_comp/base/3_place.sdc
source /home/praneel/vlsi/tools/OpenROAD-flow-scripts/flow/platforms/sky130hd/setRC.tcl
clock_tree_synthesis -sink_clustering_enable -repair_clock_nets
[INFO CTS-0050] Root buffer is sky130_fd_sc_hd__clkbuf_8.
[INFO CTS-0051] Sink buffer is sky130_fd_sc_hd__clkbuf_16.
[INFO CTS-0052] The following clock buffers will be used for CTS:
                    sky130_fd_sc_hd__clkbuf_8
                    sky130_fd_sc_hd__clkbuf_16
[INFO CTS-0049] Characterization buffer is sky130_fd_sc_hd__clkbuf_16.
[WARNING CTS-0083] No clock nets have been found.
[INFO CTS-0008] TritonCTS found 0 clock nets.
[WARNING CTS-0082] No valid clock nets in the design.
[INFO CTS-0500] Runtime: 3.15s
estimate_parasitics -placement
detailed_placement
[INFO DPL-0006] Core area: 4354.18 um^2
[INFO DPL-0007] Movable instances area: 2572.47 um^2
[INFO DPL-0008] Fixed instances area within core: 65.06 um^2
[INFO DPL-0009] Utilization: 60.6%
[INFO DPL-0005] Diamond search max displacement: +/- 500 sites horizontally, +/- 100 rows vertically.
[INFO DPL-1102] Legalizing using negotiation legalizer.
[INFO DPL-1103] Negotiation base search window: +/-20 sites horizontally, +/-5 rows vertically 
	Automatic search window extension enabled.
	Search window extendable up to the max displacement cap of +/-500 sites, +/-100 rows near walls.
[INFO DPL-1104] NegotiationLegalizer DRC penalty: 5.
[INFO DPL-0392] Negotiation cell height distribution (1 unique row-count(s)):
[INFO DPL-0393]   height 1 row(s): 311 cells
[INFO DPL-0500] Runtime: 0.00s
Placement Analysis
---------------------------------
total displacement        224.9 u
average displacement        0.7 u
max displacement            9.2 u
original HPWL            3989.4 u
legalized HPWL           4122.9 u
delta HPWL                    3 %

estimate_parasitics -placement
repair_timing -setup_margin 0 -hold_margin 0 -repair_tns 100 -match_cell_footprint -verbose
[INFO RSZ-0100] Repair move sequence: UnbufferMove SizeUpMove SwapPinsMove BufferMove CloneMove SplitLoadMove 
[INFO RSZ-0094] Found 14 endpoints with setup violations.
[INFO RSZ-0099] Repairing 14 out of 14 (100.00%) violating endpoints...
   Iter   | Removed | Resized | Inserted | Cloned |  Pin  |   Area   |    WNS   |   StTNS    |   EnTNS    |  Viol  |  Worst  
          | Buffers |  Gates  | Buffers  |  Gates | Swaps |          |          |            |            | Endpts | St/EnPt 
------------------------------------------------------------------------------------------------------------------------------
       0* |       0 |       0 |        0 |      0 |     0 |    +0.0% |   -2.472 |      -35.2 |      -26.5 |     14 | P[14]
      10* |       0 |       8 |        0 |      0 |     1 |    +0.0% |   -2.322 |      -33.3 |      -25.4 |     14 | P[12]
      20* |       0 |      17 |        0 |      0 |     2 |    +0.6% |   -2.214 |      -32.6 |      -23.2 |     14 | P[14]
      30* |       0 |      25 |        0 |      0 |     4 |    +1.2% |   -2.112 |      -31.2 |      -22.6 |     14 | P[15]
      40* |       0 |      33 |        0 |      0 |     6 |    +1.6% |   -2.043 |      -30.4 |      -22.2 |     14 | P[8]
      50* |       0 |      39 |        1 |      0 |     9 |    +2.1% |   -2.006 |      -29.9 |      -21.7 |     14 | P[13]
      60* |       0 |      45 |        2 |      0 |    12 |    +2.8% |   -1.920 |      -28.8 |      -21.0 |     14 | P[13]
      70* |       0 |      54 |        2 |      0 |    13 |    +1.8% |   -1.872 |      -28.3 |      -20.6 |     14 | P[13]
      80* |       0 |      60 |        2 |      0 |    17 |    +1.8% |   -1.871 |      -28.5 |      -20.3 |     14 | P[13]
      90* |       0 |      69 |        2 |      0 |    18 |    +1.4% |   -1.776 |      -27.2 |      -19.4 |     14 | P[7]
     100* |       0 |      75 |        2 |      0 |    22 |    +1.4% |   -1.739 |      -26.3 |      -18.9 |     14 | P[13]
     110* |       0 |      83 |        2 |      0 |    24 |    +2.1% |   -1.719 |      -25.9 |      -18.7 |     14 | P[12]
     120* |       0 |      88 |        3 |      0 |    28 |    +2.6% |   -1.688 |      -25.6 |      -18.6 |     14 | P[13]
     121* |       0 |      89 |        3 |      0 |    28 |    +2.7% |   -1.688 |      -25.6 |      -18.6 |     14 | P[13]
     122* |       0 |      89 |        3 |      0 |    28 |    +2.7% |   -1.688 |      -25.6 |      -18.6 |     14 | P[13]
     125* |       0 |      89 |        3 |      0 |    28 |    +2.7% |   -1.688 |      -25.6 |      -18.6 |     14 | P[13]
     130* |       0 |      92 |        3 |      0 |    29 |    +2.5% |   -1.688 |      -25.6 |      -18.5 |     14 | P[13]
     133* |       0 |      92 |        4 |      0 |    30 |    +2.8% |   -1.676 |      -25.5 |      -18.7 |     14 | P[14]
     140* |       0 |      96 |        5 |      0 |    31 |    +3.2% |   -1.676 |      -25.5 |      -18.7 |     14 | P[14]
     145* |       1 |      98 |        6 |      0 |    32 |    +3.5% |   -1.676 |      -25.5 |      -18.6 |     14 | P[14]
     150* |       1 |     101 |        6 |      0 |    33 |    +3.3% |   -1.676 |      -25.5 |      -18.5 |     14 | P[14]
     151* |       1 |     101 |        6 |      0 |    33 |    +3.3% |   -1.676 |      -25.5 |      -18.5 |     14 | P[14]
     160* |       1 |     107 |        6 |      0 |    35 |    +3.4% |   -1.676 |      -25.5 |      -18.2 |     14 | P[14]
     170* |       1 |     112 |        6 |      0 |    40 |    +4.0% |   -1.676 |      -25.4 |      -18.1 |     14 | P[14]
     173* |       1 |     114 |        6 |      0 |    41 |    +4.4% |   -1.676 |      -25.4 |      -18.2 |     14 | P[14]
     180* |       1 |     119 |        6 |      0 |    42 |    +4.5% |   -1.676 |      -25.4 |      -18.0 |     14 | P[14]
     189* |       2 |     119 |        6 |      0 |    43 |    +4.2% |   -1.676 |      -25.4 |      -17.9 |     14 | P[14]
     190* |       2 |     119 |        6 |      0 |    43 |    +4.2% |   -1.676 |      -25.4 |      -17.9 |     14 | P[14]
     196* |       2 |     123 |        6 |      0 |    43 |    +4.2% |   -1.676 |      -25.4 |      -17.8 |     14 | P[14]
     200* |       2 |     125 |        6 |      0 |    44 |    +4.1% |   -1.676 |      -25.2 |      -17.5 |     14 | P[14]
     210* |       2 |     132 |        7 |      0 |    46 |    +4.2% |   -1.676 |      -25.0 |      -17.3 |     14 | P[14]
     220* |       2 |     138 |       10 |      0 |    47 |    +5.8% |   -1.678 |      -25.1 |      -17.5 |     14 | P[14]
     229* |       2 |     137 |       10 |      0 |    47 |    +5.7% |   -1.676 |      -25.1 |      -17.5 |     14 | P[14]
     230* |       2 |     137 |       10 |      0 |    47 |    +5.7% |   -1.676 |      -25.1 |      -17.5 |     14 | P[14]
     240* |       2 |     144 |       13 |      0 |    47 |    +6.8% |   -1.676 |      -25.0 |      -17.6 |     14 | P[14]
     250* |       2 |     149 |       18 |      0 |    47 |    +8.9% |   -1.676 |      -25.1 |      -18.0 |     14 | P[14]
     255* |       2 |     142 |       11 |      0 |    47 |    +5.9% |   -1.676 |      -25.0 |      -17.3 |     14 | P[14]
     260* |       2 |     144 |       11 |      0 |    49 |    +5.9% |   -1.676 |      -25.0 |      -17.0 |     14 | P[14]
     270* |       2 |     153 |       11 |      0 |    50 |    +7.1% |   -1.676 |      -25.0 |      -16.8 |     14 | P[14]
     280* |       2 |     159 |       14 |      0 |    51 |    +8.7% |   -1.678 |      -25.0 |      -17.0 |     14 | P[14]
     283* |       2 |     157 |       11 |      0 |    51 |    +7.6% |   -1.676 |      -25.0 |      -16.8 |     14 | P[14]
     290* |       2 |     161 |       12 |      0 |    52 |    +7.9% |   -1.676 |      -24.7 |      -16.5 |     14 | P[14]
     297* |       2 |     166 |       12 |      0 |    54 |    +8.1% |   -1.676 |      -24.6 |      -16.3 |     14 | P[14]
     298* |       2 |     166 |       12 |      0 |    54 |    +8.1% |   -1.676 |      -24.6 |      -16.3 |     14 | P[14]
     298* |       2 |     166 |       12 |      0 |    54 |    +8.1% |   -1.676 |      -24.6 |      -16.3 |     14 | P[14]
     300+ |       2 |     166 |       12 |      0 |    55 |    +8.1% |   -1.675 |      -24.7 |      -16.3 |     12 | P[13]
     300+ |       2 |     166 |       12 |      0 |    55 |    +8.1% |   -1.675 |      -24.7 |      -16.3 |     12 | P[13]
     301+ |       2 |     166 |       12 |      0 |    55 |    +8.1% |   -1.675 |      -24.7 |      -16.3 |     12 | P[13]
     302+ |       2 |     166 |       12 |      0 |    55 |    +8.1% |   -1.675 |      -24.7 |      -16.3 |     12 | P[13]
     303+ |       2 |     166 |       12 |      0 |    55 |    +8.1% |   -1.675 |      -24.7 |      -16.3 |     12 | P[13]
     304+ |       2 |     166 |       12 |      0 |    55 |    +8.1% |   -1.675 |      -24.7 |      -16.3 |     12 | P[13]
     305+ |       2 |     166 |       12 |      0 |    55 |    +8.1% |   -1.675 |      -24.7 |      -16.3 |     12 | P[13]
     308+ |       2 |     168 |       12 |      0 |    55 |    +8.3% |   -1.675 |      -24.7 |      -16.3 |     12 | P[13]
     309+ |       2 |     168 |       12 |      0 |    55 |    +8.3% |   -1.675 |      -24.7 |      -16.3 |     12 | P[13]
     310+ |       2 |     168 |       12 |      0 |    55 |    +8.3% |   -1.675 |      -24.7 |      -16.3 |     12 | P[13]
     310+ |       2 |     168 |       12 |      0 |    55 |    +8.3% |   -1.675 |      -24.7 |      -16.3 |     12 | P[13]
     311+ |       2 |     168 |       12 |      0 |    55 |    +8.3% |   -1.675 |      -24.7 |      -16.3 |     12 | P[13]
     313+ |       2 |     169 |       12 |      0 |    55 |    +8.5% |   -1.675 |      -24.7 |      -16.2 |     12 | P[13]
     314+ |       2 |     169 |       12 |      0 |    55 |    +8.5% |   -1.675 |      -24.7 |      -16.2 |     12 | P[13]
    final |       2 |     169 |       12 |      0 |    55 |    +8.5% |   -1.675 |      -24.7 |      -16.2 |     12 | P[13]
------------------------------------------------------------------------------------------------------------------------------
[INFO RSZ-0059] Removed 2 buffers.
[INFO RSZ-0040] Inserted 12 buffers.
[INFO RSZ-0051] Resized 169 instances: 169 up, 0 up match, 0 down, 0 VT
[INFO RSZ-0043] Swapped pins on 55 instances.
[WARNING RSZ-0062] Unable to repair all setup violations.
[INFO RSZ-0505] Runtime: 2.41s
[INFO RSZ-0033] No hold violations found.
[INFO RSZ-0506] Runtime: 0.00s
detailed_placement
[INFO DPL-0006] Core area: 4354.18 um^2
[INFO DPL-0007] Movable instances area: 2796.43 um^2
[INFO DPL-0008] Fixed instances area within core: 65.06 um^2
[INFO DPL-0009] Utilization: 65.7%
[INFO DPL-0005] Diamond search max displacement: +/- 500 sites horizontally, +/- 100 rows vertically.
[INFO DPL-1102] Legalizing using negotiation legalizer.
[INFO DPL-1103] Negotiation base search window: +/-20 sites horizontally, +/-5 rows vertically 
	Automatic search window extension enabled.
	Search window extendable up to the max displacement cap of +/-500 sites, +/-100 rows near walls.
[INFO DPL-1104] NegotiationLegalizer DRC penalty: 5.
[INFO DPL-0392] Negotiation cell height distribution (1 unique row-count(s)):
[INFO DPL-0393]   height 1 row(s): 321 cells
          |      Total |  Illegal |  Illegal
Iteration | Violations |    Cells |    Sites
---------------------------------------------
        0 |         16 |         6 |        10
        1 |          0 |         0 |         0
Negotiation phase 1 converged at iteration 1.
[INFO DPL-0500] Runtime: 0.01s
Placement Analysis
---------------------------------
total displacement        302.6 u
average displacement        0.9 u
max displacement           17.8 u
original HPWL            4158.0 u
legalized HPWL           4564.7 u
delta HPWL                   10 %

estimate_parasitics -placement
Report metrics stage 4, cts final...
No registers in design

==========================================================================
cts final report_design_area
--------------------------------------------------------------------------
Design area 2861 um^2 66% utilization.
write_db /home/praneel/vlsi/projects/IDP_2/experiments/EXP000_exact_dadda_no_comp/pd/orfs/results/sky130hd/exact_dadda_no_comp/base/4_1_cts.odb
write_sdc -no_timestamp /home/praneel/vlsi/projects/IDP_2/experiments/EXP000_exact_dadda_no_comp/pd/orfs/results/sky130hd/exact_dadda_no_comp/base/4_cts.sdc
Elapsed time: 0:06.42[h:]min:sec. CPU time: user 6.95 sys 0.80 (120%). Peak memory: 157060KB.
Log                       Ext     Elapsed/s Peak Memory/MB sha1sum result [0:20)
4_1_cts                   .odb            6            153 554206df4940dd195c2d
