
==========================================================================
cts final report_tns
--------------------------------------------------------------------------
tns max -18.09

==========================================================================
cts final report_wns
--------------------------------------------------------------------------
wns max -1.95

==========================================================================
cts final report_worst_slack
--------------------------------------------------------------------------
worst slack max -1.95

==========================================================================
cts final report_clock_min_period
--------------------------------------------------------------------------
VCLK period_min = 3.95 fmax = 253.42

==========================================================================
cts final report_clock_skew
--------------------------------------------------------------------------
Clock VCLK
No launch/capture paths found.


==========================================================================
cts final report_checks -path_delay min
--------------------------------------------------------------------------
Startpoint: B[7] (input port clocked by VCLK)
Endpoint: P[15] (output port clocked by VCLK)
Path Group: VCLK
Path Type: min

Fanout     Cap    Slew   Delay    Time   Description
-----------------------------------------------------------------------------
                  0.00    0.00    0.00   clock VCLK (rise edge)
                          0.00    0.00   clock network delay (ideal)
                          0.00    0.00 ^ input external delay
     1    0.01    0.05    0.00    0.00 ^ B[7] (in)
                                         B[7] (net)
                  0.05    0.00    0.00 ^ input16/A (sky130_fd_sc_hd__buf_6)
     8    0.02    0.06    0.11    0.11 ^ input16/X (sky130_fd_sc_hd__buf_6)
                                         net16 (net)
                  0.06    0.00    0.11 ^ _201_/A (sky130_fd_sc_hd__and2_1)
     1    0.01    0.09    0.15    0.26 ^ _201_/X (sky130_fd_sc_hd__and2_1)
                                         pp[63][0] (net)
                  0.09    0.00    0.26 ^ _234_/CIN (sky130_fd_sc_hd__fa_1)
     1    0.01    0.08    0.20    0.46 ^ _234_/COUT (sky130_fd_sc_hd__fa_1)
                                         c14_carry (net)
                  0.08    0.00    0.46 ^ _159_/A (sky130_fd_sc_hd__xor2_1)
     1    0.00    0.04    0.08    0.53 v _159_/X (sky130_fd_sc_hd__xor2_1)
                                         net23 (net)
                  0.04    0.00    0.53 v output23/A (sky130_fd_sc_hd__buf_2)
     1    0.01    0.03    0.12    0.66 v output23/X (sky130_fd_sc_hd__buf_2)
                                         P[15] (net)
                  0.03    0.00    0.66 v P[15] (out)
                                  0.66   data arrival time

                  0.00    0.00    0.00   clock VCLK (rise edge)
                          0.00    0.00   clock network delay (ideal)
                          0.00    0.00   clock reconvergence pessimism
                          0.00    0.00   output external delay
                                  0.00   data required time
-----------------------------------------------------------------------------
                                  0.00   data required time
                                 -0.66   data arrival time
-----------------------------------------------------------------------------
                                  0.66   slack (MET)



==========================================================================
cts final report_checks -path_delay max
--------------------------------------------------------------------------
Startpoint: A[3] (input port clocked by VCLK)
Endpoint: P[15] (output port clocked by VCLK)
Path Group: VCLK
Path Type: max

Fanout     Cap    Slew   Delay    Time   Description
-----------------------------------------------------------------------------
                  0.00    0.00    0.00   clock VCLK (rise edge)
                          0.00    0.00   clock network delay (ideal)
                          0.00    0.00 v input external delay
     1    0.01    0.05    0.00    0.00 v A[3] (in)
                                         A[3] (net)
                  0.05    0.00    0.00 v input4/A (sky130_fd_sc_hd__buf_6)
     2    0.01    0.02    0.11    0.11 v input4/X (sky130_fd_sc_hd__buf_6)
                                         net4 (net)
                  0.02    0.00    0.11 v _172_/B (sky130_fd_sc_hd__and2_4)
     1    0.01    0.03    0.15    0.26 v _172_/X (sky130_fd_sc_hd__and2_4)
                                         pp[29][0] (net)
                  0.03    0.00    0.26 v _223_/A (sky130_fd_sc_hd__fa_1)
     1    0.01    0.11    0.51    0.78 v _223_/SUM (sky130_fd_sc_hd__fa_1)
                                         s1_c8_comp1.fa1.sum (net)
                  0.11    0.00    0.78 v _224_/A (sky130_fd_sc_hd__fa_2)
     1    0.01    0.08    0.42    1.20 v _224_/COUT (sky130_fd_sc_hd__fa_2)
                                         c1_c9_c1 (net)
                  0.08    0.00    1.20 v _229_/B (sky130_fd_sc_hd__fa_1)
     1    0.01    0.07    0.53    1.72 ^ _229_/SUM (sky130_fd_sc_hd__fa_1)
                                         s1_c9_fa.sum (net)
                  0.07    0.00    1.72 ^ _243_/CIN (sky130_fd_sc_hd__fa_1)
     1    0.01    0.09    0.43    2.15 v _243_/SUM (sky130_fd_sc_hd__fa_1)
                                         s2_c9_comp.fa1.sum (net)
                  0.09    0.00    2.15 v _244_/CIN (sky130_fd_sc_hd__fa_1)
     1    0.01    0.11    0.49    2.64 v _244_/SUM (sky130_fd_sc_hd__fa_1)
                                         s2_c9_comp.fa2.sum (net)
                  0.11    0.00    2.65 v _250_/B (sky130_fd_sc_hd__ha_4)
     2    0.01    0.05    0.30    2.94 ^ _250_/SUM (sky130_fd_sc_hd__ha_4)
                                         _013_ (net)
                  0.05    0.00    2.95 ^ _095_/A (sky130_fd_sc_hd__nand2_2)
     2    0.01    0.05    0.06    3.00 v _095_/Y (sky130_fd_sc_hd__nand2_2)
                                         _031_ (net)
                  0.05    0.00    3.00 v _156_/A2 (sky130_fd_sc_hd__o21a_1)
     2    0.01    0.06    0.19    3.19 v _156_/X (sky130_fd_sc_hd__o21a_1)
                                         _056_ (net)
                  0.06    0.00    3.19 v _157_/B (sky130_fd_sc_hd__and2_4)
     1    0.01    0.04    0.17    3.36 v _157_/X (sky130_fd_sc_hd__and2_4)
                                         _057_ (net)
                  0.04    0.00    3.36 v _158_/B2 (sky130_fd_sc_hd__a221oi_4)
     1    0.01    0.22    0.26    3.62 ^ _158_/Y (sky130_fd_sc_hd__a221oi_4)
                                         _058_ (net)
                  0.22    0.00    3.62 ^ _159_/B (sky130_fd_sc_hd__xor2_1)
     1    0.00    0.14    0.19    3.81 ^ _159_/X (sky130_fd_sc_hd__xor2_1)
                                         net23 (net)
                  0.14    0.00    3.81 ^ output23/A (sky130_fd_sc_hd__buf_2)
     1    0.01    0.04    0.14    3.95 ^ output23/X (sky130_fd_sc_hd__buf_2)
                                         P[15] (net)
                  0.04    0.00    3.95 ^ P[15] (out)
                                  3.95   data arrival time

                  0.00    2.00    2.00   clock VCLK (rise edge)
                          0.00    2.00   clock network delay (ideal)
                          0.00    2.00   clock reconvergence pessimism
                          0.00    2.00   output external delay
                                  2.00   data required time
-----------------------------------------------------------------------------
                                  2.00   data required time
                                 -3.95   data arrival time
-----------------------------------------------------------------------------
                                 -1.95   slack (VIOLATED)



==========================================================================
cts final report_checks -unconstrained
--------------------------------------------------------------------------
Startpoint: A[3] (input port clocked by VCLK)
Endpoint: P[15] (output port clocked by VCLK)
Path Group: VCLK
Path Type: max

Fanout     Cap    Slew   Delay    Time   Description
-----------------------------------------------------------------------------
                  0.00    0.00    0.00   clock VCLK (rise edge)
                          0.00    0.00   clock network delay (ideal)
                          0.00    0.00 v input external delay
     1    0.01    0.05    0.00    0.00 v A[3] (in)
                                         A[3] (net)
                  0.05    0.00    0.00 v input4/A (sky130_fd_sc_hd__buf_6)
     2    0.01    0.02    0.11    0.11 v input4/X (sky130_fd_sc_hd__buf_6)
                                         net4 (net)
                  0.02    0.00    0.11 v _172_/B (sky130_fd_sc_hd__and2_4)
     1    0.01    0.03    0.15    0.26 v _172_/X (sky130_fd_sc_hd__and2_4)
                                         pp[29][0] (net)
                  0.03    0.00    0.26 v _223_/A (sky130_fd_sc_hd__fa_1)
     1    0.01    0.11    0.51    0.78 v _223_/SUM (sky130_fd_sc_hd__fa_1)
                                         s1_c8_comp1.fa1.sum (net)
                  0.11    0.00    0.78 v _224_/A (sky130_fd_sc_hd__fa_2)
     1    0.01    0.08    0.42    1.20 v _224_/COUT (sky130_fd_sc_hd__fa_2)
                                         c1_c9_c1 (net)
                  0.08    0.00    1.20 v _229_/B (sky130_fd_sc_hd__fa_1)
     1    0.01    0.07    0.53    1.72 ^ _229_/SUM (sky130_fd_sc_hd__fa_1)
                                         s1_c9_fa.sum (net)
                  0.07    0.00    1.72 ^ _243_/CIN (sky130_fd_sc_hd__fa_1)
     1    0.01    0.09    0.43    2.15 v _243_/SUM (sky130_fd_sc_hd__fa_1)
                                         s2_c9_comp.fa1.sum (net)
                  0.09    0.00    2.15 v _244_/CIN (sky130_fd_sc_hd__fa_1)
     1    0.01    0.11    0.49    2.64 v _244_/SUM (sky130_fd_sc_hd__fa_1)
                                         s2_c9_comp.fa2.sum (net)
                  0.11    0.00    2.65 v _250_/B (sky130_fd_sc_hd__ha_4)
     2    0.01    0.05    0.30    2.94 ^ _250_/SUM (sky130_fd_sc_hd__ha_4)
                                         _013_ (net)
                  0.05    0.00    2.95 ^ _095_/A (sky130_fd_sc_hd__nand2_2)
     2    0.01    0.05    0.06    3.00 v _095_/Y (sky130_fd_sc_hd__nand2_2)
                                         _031_ (net)
                  0.05    0.00    3.00 v _156_/A2 (sky130_fd_sc_hd__o21a_1)
     2    0.01    0.06    0.19    3.19 v _156_/X (sky130_fd_sc_hd__o21a_1)
                                         _056_ (net)
                  0.06    0.00    3.19 v _157_/B (sky130_fd_sc_hd__and2_4)
     1    0.01    0.04    0.17    3.36 v _157_/X (sky130_fd_sc_hd__and2_4)
                                         _057_ (net)
                  0.04    0.00    3.36 v _158_/B2 (sky130_fd_sc_hd__a221oi_4)
     1    0.01    0.22    0.26    3.62 ^ _158_/Y (sky130_fd_sc_hd__a221oi_4)
                                         _058_ (net)
                  0.22    0.00    3.62 ^ _159_/B (sky130_fd_sc_hd__xor2_1)
     1    0.00    0.14    0.19    3.81 ^ _159_/X (sky130_fd_sc_hd__xor2_1)
                                         net23 (net)
                  0.14    0.00    3.81 ^ output23/A (sky130_fd_sc_hd__buf_2)
     1    0.01    0.04    0.14    3.95 ^ output23/X (sky130_fd_sc_hd__buf_2)
                                         P[15] (net)
                  0.04    0.00    3.95 ^ P[15] (out)
                                  3.95   data arrival time

                  0.00    2.00    2.00   clock VCLK (rise edge)
                          0.00    2.00   clock network delay (ideal)
                          0.00    2.00   clock reconvergence pessimism
                          0.00    2.00   output external delay
                                  2.00   data required time
-----------------------------------------------------------------------------
                                  2.00   data required time
                                 -3.95   data arrival time
-----------------------------------------------------------------------------
                                 -1.95   slack (VIOLATED)



==========================================================================
cts final report_check_types -max_slew -max_cap -max_fanout -violators
--------------------------------------------------------------------------

==========================================================================
cts final max_slew_check_slack
--------------------------------------------------------------------------
1.137526273727417

==========================================================================
cts final max_slew_check_limit
--------------------------------------------------------------------------
1.5

==========================================================================
cts final max_slew_check_slack_limit
--------------------------------------------------------------------------
0.7584

==========================================================================
cts final max_fanout_check_slack
--------------------------------------------------------------------------
1.0000000150474662e+30

==========================================================================
cts final max_fanout_check_limit
--------------------------------------------------------------------------
1.0000000150474662e+30

==========================================================================
cts final max_capacitance_check_slack
--------------------------------------------------------------------------
0.04150531440973282

==========================================================================
cts final max_capacitance_check_limit
--------------------------------------------------------------------------
0.047616999596357346

==========================================================================
cts final max_capacitance_check_slack_limit
--------------------------------------------------------------------------
0.8716

==========================================================================
cts final max_slew_violation_count
--------------------------------------------------------------------------
max slew violation count 0

==========================================================================
cts final max_fanout_violation_count
--------------------------------------------------------------------------
max fanout violation count 0

==========================================================================
cts final max_cap_violation_count
--------------------------------------------------------------------------
max cap violation count 0

==========================================================================
cts final setup_violation_count
--------------------------------------------------------------------------
setup violation count 12

==========================================================================
cts final hold_violation_count
--------------------------------------------------------------------------
hold violation count 0

==========================================================================
cts final critical path delay
--------------------------------------------------------------------------
3.9460

==========================================================================
cts final critical path slack
--------------------------------------------------------------------------
-1.9460

==========================================================================
cts final slack div critical path delay
--------------------------------------------------------------------------
-49.315763

==========================================================================
cts final report_power
--------------------------------------------------------------------------
Group                  Internal  Switching    Leakage      Total
                          Power      Power      Power      Power (Watts)
----------------------------------------------------------------
Sequential             0.00e+00   0.00e+00   0.00e+00   0.00e+00   0.0%
Combinational          1.66e-03   1.36e-03   1.39e-09   3.03e-03 100.0%
Clock                  0.00e+00   0.00e+00   0.00e+00   0.00e+00   0.0%
Macro                  0.00e+00   0.00e+00   0.00e+00   0.00e+00   0.0%
Pad                    0.00e+00   0.00e+00   0.00e+00   0.00e+00   0.0%
----------------------------------------------------------------
Total                  1.66e-03   1.36e-03   1.39e-09   3.03e-03 100.0%
                          55.0%      45.0%       0.0%
