
==========================================================================
global route report_tns
--------------------------------------------------------------------------
tns max -19.62

==========================================================================
global route report_wns
--------------------------------------------------------------------------
wns max -2.05

==========================================================================
global route report_worst_slack
--------------------------------------------------------------------------
worst slack max -2.05

==========================================================================
global route report_clock_min_period
--------------------------------------------------------------------------
VCLK period_min = 4.05 fmax = 246.73

==========================================================================
global route report_clock_skew
--------------------------------------------------------------------------
Clock VCLK
No launch/capture paths found.


==========================================================================
global route report_checks -path_delay min
--------------------------------------------------------------------------
Startpoint: B[7] (input port clocked by VCLK)
Endpoint: P[15] (output port clocked by VCLK)
Path Group: VCLK
Path Type: min

Fanout     Cap    Slew   Delay    Time   Description
-----------------------------------------------------------------------------
                  0.00    0.00    0.00   clock VCLK (rise edge)
                          0.00    0.00   clock network delay (ideal)
                          0.00    0.00 ^ input external delay
     1    0.01    0.05    0.00    0.00 ^ B[7] (in)
                                         B[7] (net)
                  0.05    0.00    0.00 ^ input16/A (sky130_fd_sc_hd__buf_6)
     8    0.03    0.06    0.12    0.12 ^ input16/X (sky130_fd_sc_hd__buf_6)
                                         net16 (net)
                  0.06    0.00    0.12 ^ _201_/A (sky130_fd_sc_hd__and2_1)
     1    0.01    0.09    0.15    0.27 ^ _201_/X (sky130_fd_sc_hd__and2_1)
                                         pp[63][0] (net)
                  0.09    0.00    0.27 ^ _234_/CIN (sky130_fd_sc_hd__fa_1)
     1    0.01    0.10    0.21    0.49 ^ _234_/COUT (sky130_fd_sc_hd__fa_1)
                                         c14_carry (net)
                  0.10    0.00    0.49 ^ _159_/B (sky130_fd_sc_hd__xor2_1)
     1    0.01    0.05    0.09    0.57 v _159_/X (sky130_fd_sc_hd__xor2_1)
                                         net23 (net)
                  0.05    0.00    0.57 v output23/A (sky130_fd_sc_hd__buf_2)
     1    0.01    0.03    0.13    0.70 v output23/X (sky130_fd_sc_hd__buf_2)
                                         P[15] (net)
                  0.03    0.00    0.70 v P[15] (out)
                                  0.70   data arrival time

                  0.00    0.00    0.00   clock VCLK (rise edge)
                          0.00    0.00   clock network delay (ideal)
                          0.00    0.00   clock reconvergence pessimism
                          0.00    0.00   output external delay
                                  0.00   data required time
-----------------------------------------------------------------------------
                                  0.00   data required time
                                 -0.70   data arrival time
-----------------------------------------------------------------------------
                                  0.70   slack (MET)



==========================================================================
global route report_checks -path_delay max
--------------------------------------------------------------------------
Startpoint: A[3] (input port clocked by VCLK)
Endpoint: P[12] (output port clocked by VCLK)
Path Group: VCLK
Path Type: max

Fanout     Cap    Slew   Delay    Time   Description
-----------------------------------------------------------------------------
                  0.00    0.00    0.00   clock VCLK (rise edge)
                          0.00    0.00   clock network delay (ideal)
                          0.00    0.00 v input external delay
     1    0.01    0.05    0.00    0.00 v A[3] (in)
                                         A[3] (net)
                  0.05    0.00    0.00 v input4/A (sky130_fd_sc_hd__buf_6)
     2    0.01    0.03    0.12    0.12 v input4/X (sky130_fd_sc_hd__buf_6)
                                         net4 (net)
                  0.03    0.00    0.12 v _172_/B (sky130_fd_sc_hd__and2_4)
     1    0.01    0.04    0.16    0.27 v _172_/X (sky130_fd_sc_hd__and2_4)
                                         pp[29][0] (net)
                  0.04    0.00    0.27 v _223_/A (sky130_fd_sc_hd__fa_1)
     1    0.01    0.10    0.50    0.78 v _223_/SUM (sky130_fd_sc_hd__fa_1)
                                         s1_c8_comp1.fa1.sum (net)
                  0.10    0.00    0.78 v _224_/CIN (sky130_fd_sc_hd__fa_2)
     1    0.01    0.09    0.39    1.16 v _224_/COUT (sky130_fd_sc_hd__fa_2)
                                         c1_c9_c1 (net)
                  0.09    0.00    1.16 v _229_/B (sky130_fd_sc_hd__fa_1)
     1    0.01    0.07    0.53    1.69 ^ _229_/SUM (sky130_fd_sc_hd__fa_1)
                                         s1_c9_fa.sum (net)
                  0.07    0.00    1.69 ^ _243_/CIN (sky130_fd_sc_hd__fa_1)
     1    0.01    0.11    0.45    2.14 v _243_/SUM (sky130_fd_sc_hd__fa_1)
                                         s2_c9_comp.fa1.sum (net)
                  0.11    0.00    2.14 v _244_/B (sky130_fd_sc_hd__fa_1)
     1    0.01    0.12    0.53    2.67 v _244_/SUM (sky130_fd_sc_hd__fa_1)
                                         s2_c9_comp.fa2.sum (net)
                  0.12    0.00    2.67 v _250_/B (sky130_fd_sc_hd__ha_4)
     2    0.02    0.06    0.32    2.99 ^ _250_/SUM (sky130_fd_sc_hd__ha_4)
                                         _013_ (net)
                  0.06    0.00    2.99 ^ place79/A (sky130_fd_sc_hd__buf_4)
     4    0.02    0.06    0.13    3.12 ^ place79/X (sky130_fd_sc_hd__buf_4)
                                         net79 (net)
                  0.06    0.00    3.12 ^ _101_/B (sky130_fd_sc_hd__nand3_1)
     1    0.01    0.08    0.09    3.21 v _101_/Y (sky130_fd_sc_hd__nand3_1)
                                         _037_ (net)
                  0.08    0.00    3.21 v _104_/A1 (sky130_fd_sc_hd__o211ai_1)
     1    0.01    0.23    0.25    3.46 ^ _104_/Y (sky130_fd_sc_hd__o211ai_1)
                                         _040_ (net)
                  0.23    0.00    3.46 ^ _105_/B1 (sky130_fd_sc_hd__a31oi_2)
     2    0.01    0.10    0.08    3.55 v _105_/Y (sky130_fd_sc_hd__a31oi_2)
                                         _041_ (net)
                  0.10    0.00    3.55 v _205_/A2 (sky130_fd_sc_hd__o21bai_1)
     1    0.01    0.18    0.20    3.75 ^ _205_/Y (sky130_fd_sc_hd__o21bai_1)
                                         _077_ (net)
                  0.18    0.00    3.75 ^ _206_/B (sky130_fd_sc_hd__xor2_1)
     1    0.00    0.13    0.17    3.92 ^ _206_/X (sky130_fd_sc_hd__xor2_1)
                                         net20 (net)
                  0.13    0.00    3.92 ^ output20/A (sky130_fd_sc_hd__buf_2)
     1    0.01    0.04    0.13    4.05 ^ output20/X (sky130_fd_sc_hd__buf_2)
                                         P[12] (net)
                  0.04    0.00    4.05 ^ P[12] (out)
                                  4.05   data arrival time

                  0.00    2.00    2.00   clock VCLK (rise edge)
                          0.00    2.00   clock network delay (ideal)
                          0.00    2.00   clock reconvergence pessimism
                          0.00    2.00   output external delay
                                  2.00   data required time
-----------------------------------------------------------------------------
                                  2.00   data required time
                                 -4.05   data arrival time
-----------------------------------------------------------------------------
                                 -2.05   slack (VIOLATED)



==========================================================================
global route report_checks -unconstrained
--------------------------------------------------------------------------
Startpoint: A[3] (input port clocked by VCLK)
Endpoint: P[12] (output port clocked by VCLK)
Path Group: VCLK
Path Type: max

Fanout     Cap    Slew   Delay    Time   Description
-----------------------------------------------------------------------------
                  0.00    0.00    0.00   clock VCLK (rise edge)
                          0.00    0.00   clock network delay (ideal)
                          0.00    0.00 v input external delay
     1    0.01    0.05    0.00    0.00 v A[3] (in)
                                         A[3] (net)
                  0.05    0.00    0.00 v input4/A (sky130_fd_sc_hd__buf_6)
     2    0.01    0.03    0.12    0.12 v input4/X (sky130_fd_sc_hd__buf_6)
                                         net4 (net)
                  0.03    0.00    0.12 v _172_/B (sky130_fd_sc_hd__and2_4)
     1    0.01    0.04    0.16    0.27 v _172_/X (sky130_fd_sc_hd__and2_4)
                                         pp[29][0] (net)
                  0.04    0.00    0.27 v _223_/A (sky130_fd_sc_hd__fa_1)
     1    0.01    0.10    0.50    0.78 v _223_/SUM (sky130_fd_sc_hd__fa_1)
                                         s1_c8_comp1.fa1.sum (net)
                  0.10    0.00    0.78 v _224_/CIN (sky130_fd_sc_hd__fa_2)
     1    0.01    0.09    0.39    1.16 v _224_/COUT (sky130_fd_sc_hd__fa_2)
                                         c1_c9_c1 (net)
                  0.09    0.00    1.16 v _229_/B (sky130_fd_sc_hd__fa_1)
     1    0.01    0.07    0.53    1.69 ^ _229_/SUM (sky130_fd_sc_hd__fa_1)
                                         s1_c9_fa.sum (net)
                  0.07    0.00    1.69 ^ _243_/CIN (sky130_fd_sc_hd__fa_1)
     1    0.01    0.11    0.45    2.14 v _243_/SUM (sky130_fd_sc_hd__fa_1)
                                         s2_c9_comp.fa1.sum (net)
                  0.11    0.00    2.14 v _244_/B (sky130_fd_sc_hd__fa_1)
     1    0.01    0.12    0.53    2.67 v _244_/SUM (sky130_fd_sc_hd__fa_1)
                                         s2_c9_comp.fa2.sum (net)
                  0.12    0.00    2.67 v _250_/B (sky130_fd_sc_hd__ha_4)
     2    0.02    0.06    0.32    2.99 ^ _250_/SUM (sky130_fd_sc_hd__ha_4)
                                         _013_ (net)
                  0.06    0.00    2.99 ^ place79/A (sky130_fd_sc_hd__buf_4)
     4    0.02    0.06    0.13    3.12 ^ place79/X (sky130_fd_sc_hd__buf_4)
                                         net79 (net)
                  0.06    0.00    3.12 ^ _101_/B (sky130_fd_sc_hd__nand3_1)
     1    0.01    0.08    0.09    3.21 v _101_/Y (sky130_fd_sc_hd__nand3_1)
                                         _037_ (net)
                  0.08    0.00    3.21 v _104_/A1 (sky130_fd_sc_hd__o211ai_1)
     1    0.01    0.23    0.25    3.46 ^ _104_/Y (sky130_fd_sc_hd__o211ai_1)
                                         _040_ (net)
                  0.23    0.00    3.46 ^ _105_/B1 (sky130_fd_sc_hd__a31oi_2)
     2    0.01    0.10    0.08    3.55 v _105_/Y (sky130_fd_sc_hd__a31oi_2)
                                         _041_ (net)
                  0.10    0.00    3.55 v _205_/A2 (sky130_fd_sc_hd__o21bai_1)
     1    0.01    0.18    0.20    3.75 ^ _205_/Y (sky130_fd_sc_hd__o21bai_1)
                                         _077_ (net)
                  0.18    0.00    3.75 ^ _206_/B (sky130_fd_sc_hd__xor2_1)
     1    0.00    0.13    0.17    3.92 ^ _206_/X (sky130_fd_sc_hd__xor2_1)
                                         net20 (net)
                  0.13    0.00    3.92 ^ output20/A (sky130_fd_sc_hd__buf_2)
     1    0.01    0.04    0.13    4.05 ^ output20/X (sky130_fd_sc_hd__buf_2)
                                         P[12] (net)
                  0.04    0.00    4.05 ^ P[12] (out)
                                  4.05   data arrival time

                  0.00    2.00    2.00   clock VCLK (rise edge)
                          0.00    2.00   clock network delay (ideal)
                          0.00    2.00   clock reconvergence pessimism
                          0.00    2.00   output external delay
                                  2.00   data required time
-----------------------------------------------------------------------------
                                  2.00   data required time
                                 -4.05   data arrival time
-----------------------------------------------------------------------------
                                 -2.05   slack (VIOLATED)



==========================================================================
global route report_check_types -max_slew -max_cap -max_fanout -violators
--------------------------------------------------------------------------

==========================================================================
global route max_slew_check_slack
--------------------------------------------------------------------------
1.110957145690918

==========================================================================
global route max_slew_check_limit
--------------------------------------------------------------------------
1.5

==========================================================================
global route max_slew_check_slack_limit
--------------------------------------------------------------------------
0.7406

==========================================================================
global route max_fanout_check_slack
--------------------------------------------------------------------------
1.0000000150474662e+30

==========================================================================
global route max_fanout_check_limit
--------------------------------------------------------------------------
1.0000000150474662e+30

==========================================================================
global route max_capacitance_check_slack
--------------------------------------------------------------------------
0.04117968678474426

==========================================================================
global route max_capacitance_check_limit
--------------------------------------------------------------------------
0.047616999596357346

==========================================================================
global route max_capacitance_check_slack_limit
--------------------------------------------------------------------------
0.8648

==========================================================================
global route max_slew_violation_count
--------------------------------------------------------------------------
max slew violation count 0

==========================================================================
global route max_fanout_violation_count
--------------------------------------------------------------------------
max fanout violation count 0

==========================================================================
global route max_cap_violation_count
--------------------------------------------------------------------------
max cap violation count 0

==========================================================================
global route setup_violation_count
--------------------------------------------------------------------------
setup violation count 13

==========================================================================
global route hold_violation_count
--------------------------------------------------------------------------
hold violation count 0

==========================================================================
global route critical path delay
--------------------------------------------------------------------------
4.0530

==========================================================================
global route critical path slack
--------------------------------------------------------------------------
-2.0530

==========================================================================
global route slack div critical path delay
--------------------------------------------------------------------------
-50.653837

==========================================================================
global route report_power
--------------------------------------------------------------------------
Group                  Internal  Switching    Leakage      Total
                          Power      Power      Power      Power (Watts)
----------------------------------------------------------------
Sequential             0.00e+00   0.00e+00   0.00e+00   0.00e+00   0.0%
Combinational          1.78e-03   1.66e-03   1.45e-09   3.44e-03 100.0%
Clock                  0.00e+00   0.00e+00   0.00e+00   0.00e+00   0.0%
Macro                  0.00e+00   0.00e+00   0.00e+00   0.00e+00   0.0%
Pad                    0.00e+00   0.00e+00   0.00e+00   0.00e+00   0.0%
----------------------------------------------------------------
Total                  1.78e-03   1.66e-03   1.45e-09   3.44e-03 100.0%
                          51.8%      48.2%       0.0%
