Yosys 0.68+ (git sha1 a5af9d690, Release, GNU /usr/bin/c++ 13.3.0) [github.com/The-OpenROAD-Project/yosys at HEAD]
Using ABC speed script.
Extracting clock period from SDC file: /home/praneel/vlsi/projects/IDP_2/experiments/EXP002_approx_meathod/pd/orfs/results/sky130hd/approx_dadda_d1/base/clock_period.txt
Setting clock period to 2.000
1. Executing Liberty frontend: /home/praneel/vlsi/tools/OpenROAD-flow-scripts/flow/platforms/sky130hd/lib/sky130_fd_sc_hd__tt_025C_1v80.lib
2. Executing Liberty frontend: /home/praneel/vlsi/tools/OpenROAD-flow-scripts/flow/platforms/sky130hd/lib/sky130_fd_sc_hd__tt_025C_1v80.lib
3. Executing Verilog-2005 frontend: /home/praneel/vlsi/projects/IDP_2/rtl/approx/d1/approx_dadda_d1.sv
4. Executing Verilog-2005 frontend: /home/praneel/vlsi/projects/IDP_2/rtl/exact/exact4_2_comp.sv
5. Executing Verilog-2005 frontend: /home/praneel/vlsi/projects/IDP_2/rtl/approx/d1/d1_compressor_block.sv
6. Executing Verilog-2005 frontend: /home/praneel/vlsi/projects/IDP_2/rtl/approx/d1/approx4_2_comp_d1.sv
7. Executing Verilog-2005 frontend: /home/praneel/vlsi/projects/IDP_2/rtl/common/ha.sv
8. Executing Verilog-2005 frontend: /home/praneel/vlsi/projects/IDP_2/rtl/common/fa.sv
9. Executing Verilog-2005 frontend: /home/praneel/vlsi/projects/IDP_2/rtl/common/input_reorder.sv
10. Executing Verilog-2005 frontend: /home/praneel/vlsi/tools/OpenROAD-flow-scripts/flow/platforms/sky130hd/cells_clkgate_hd.v
11. Executing HIERARCHY pass (managing design hierarchy).
12. Executing AST frontend in derive mode using pre-parsed AST for module `\approx_dadda_d1'.
12.1. Analyzing design hierarchy..
12.2. Executing AST frontend in derive mode using pre-parsed AST for module `\fa'.
12.3. Executing AST frontend in derive mode using pre-parsed AST for module `\exact4_2_comp'.
12.4. Executing AST frontend in derive mode using pre-parsed AST for module `\d1_compressor_block'.
12.5. Executing AST frontend in derive mode using pre-parsed AST for module `\ha'.
12.6. Analyzing design hierarchy..
12.7. Executing AST frontend in derive mode using pre-parsed AST for module `\approx4_2_comp_d1'.
12.8. Executing AST frontend in derive mode using pre-parsed AST for module `\input_reorder'.
12.9. Analyzing design hierarchy..
12.10. Analyzing design hierarchy..
13. Executing OPT_CLEAN pass (remove unused cells and wires).
Warning: Ignoring module approx_dadda_d1 because it contains processes (run 'proc' command first).
14. Executing RTLIL backend.
Warnings: 1 unique messages, 1 total
End of script. Logfile hash: a5e926d584, time: 0.41s, user: 0.29s, system: 0.06s, MEM: 52.59 MB peak
Yosys 0.68+ (git sha1 a5af9d690, Release, GNU /usr/bin/c++ 13.3.0) [github.com/The-OpenROAD-Project/yosys at HEAD]
Time spent: 66% 4x read_liberty (0 sec), 10% 1x hierarchy (0 sec), ...
Elapsed time: 0:00.43[h:]min:sec. CPU time: user 0.33 sys 0.07 (95%). Peak memory: 56900KB.
Log                       Ext     Elapsed/s Peak Memory/MB sha1sum result [0:20)
1_1_yosys_canonicalize    .rtlil          0             55 7d8dab646391722b10f2
