OpenROAD 26Q3-1499-g46ab99414e 
Features included (+) or not (-): +GPU +GUI +Python
This program is licensed under the BSD-3 license. See the LICENSE file for details.
Components of this program may be licensed under more restrictive licenses which must be honored.
[INFO ORD-0030] Using 12 thread(s).
read_liberty /home/praneel/vlsi/tools/OpenROAD-flow-scripts/flow/platforms/sky130hd/lib/sky130_fd_sc_hd__tt_025C_1v80.lib
read_db /home/praneel/vlsi/projects/IDP_2/experiments/EXP002_approx_meathod/pd/orfs/results/sky130hd/approx_dadda_d1/base/1_synth.odb
read_sdc /home/praneel/vlsi/projects/IDP_2/experiments/EXP002_approx_meathod/pd/orfs/results/sky130hd/approx_dadda_d1/base/1_synth.sdc
source /home/praneel/vlsi/tools/OpenROAD-flow-scripts/flow/platforms/sky130hd/setRC.tcl
Master sky130_ef_sc_hd__decap_12 is loaded but not used in the design

==========================================================================
Floorplan check_setup
--------------------------------------------------------------------------
number instances in verilog is 257
[INFO IFP-0107] Defining die area using utilization: 40.00% and aspect ratio: 1.
[WARNING IFP-0028] Core area lower left (2.000, 2.000) snapped to (2.300, 2.720).
[INFO IFP-0001] Added 26 rows of 156 site unithd.
[INFO IFP-0100] Die BBox:  (  0.000  0.000 ) ( 76.295 76.295 ) um
[INFO IFP-0101] Core BBox: (  2.300  2.720 ) ( 74.060 73.440 ) um
[INFO IFP-0102] Core area:                         5074.867 um^2
[INFO IFP-0103] Total instances area:              2090.755 um^2
[INFO IFP-0104] Effective utilization:                0.412
[INFO IFP-0105] Number of instances:                    257
source /home/praneel/vlsi/tools/OpenROAD-flow-scripts/flow/platforms/sky130hd/make_tracks.tcl
source /home/praneel/vlsi/tools/OpenROAD-flow-scripts/flow/platforms/sky130hd/fastroute.tcl
Repair tie lo fanout...
Repair tie hi fanout...
repair_timing -setup_margin 0 -hold_margin 0 -repair_tns 100 -match_cell_footprint -setup -skip_last_gasp -sequence unbuffer,sizeup,swap,vt_swap -verbose
[WARNING EST-0027] no estimated parasitics. Using wire load models.
[INFO RSZ-0100] Repair move sequence: UnbufferMove SizeUpMove SwapPinsMove 
[INFO RSZ-0094] Found 9 endpoints with setup violations.
[INFO RSZ-0099] Repairing 9 out of 9 (100.00%) violating endpoints...
   Iter   | Removed | Resized | Inserted | Cloned |  Pin  |   Area   |    WNS   |   StTNS    |   EnTNS    |  Viol  |  Worst  
          | Buffers |  Gates  | Buffers  |  Gates | Swaps |          |          |            |            | Endpts | St/EnPt 
------------------------------------------------------------------------------------------------------------------------------
       0* |       0 |       0 |        0 |      0 |     0 |    +0.0% |   -1.348 |      -15.8 |       -8.3 |      9 | P[15]
      10* |       0 |       7 |        0 |      0 |     2 |    +1.9% |   -1.234 |      -14.3 |       -7.8 |      9 | P[15]
      20* |       0 |       9 |        0 |      0 |    10 |    +2.3% |   -1.170 |      -13.7 |       -7.5 |      9 | P[15]
      30* |       0 |      14 |        0 |      0 |    15 |    +3.1% |   -1.140 |      -13.7 |       -7.3 |      9 | P[15]
      34* |       0 |      17 |        0 |      0 |    16 |    +3.7% |   -1.125 |      -13.7 |       -7.1 |      9 | P[15]
      36* |       0 |      18 |        0 |      0 |    16 |    +3.8% |   -1.125 |      -13.7 |       -7.1 |      9 | P[15]
      40* |       0 |      19 |        0 |      0 |    18 |    +4.0% |   -1.125 |      -13.7 |       -7.0 |      9 | P[15]
      40* |       0 |      19 |        0 |      0 |    18 |    +4.0% |   -1.125 |      -13.7 |       -7.0 |      9 | P[15]
      43* |       0 |      19 |        0 |      0 |    18 |    +4.0% |   -1.125 |      -13.7 |       -7.0 |      9 | P[15]
      47* |       0 |      19 |        0 |      0 |    19 |    +4.0% |   -1.125 |      -13.7 |       -7.0 |      9 | P[15]
      49* |       0 |      19 |        0 |      0 |    19 |    +4.0% |   -1.125 |      -13.7 |       -7.0 |      9 | P[15]
      50* |       0 |      19 |        0 |      0 |    19 |    +4.0% |   -1.125 |      -13.7 |       -7.0 |      9 | P[15]
      51* |       0 |      19 |        0 |      0 |    19 |    +4.0% |   -1.125 |      -13.7 |       -7.0 |      9 | P[15]
      60* |       0 |      24 |        0 |      0 |    22 |    +4.7% |   -1.125 |      -13.6 |       -6.9 |      9 | P[15]
      67* |       0 |      26 |        0 |      0 |    22 |    +5.3% |   -1.125 |      -13.6 |       -6.9 |      9 | P[15]
      70* |       0 |      27 |        0 |      0 |    23 |    +5.4% |   -1.125 |      -13.6 |       -6.8 |      9 | P[15]
      75* |       0 |      29 |        0 |      0 |    26 |    +6.0% |   -1.125 |      -13.6 |       -6.8 |      9 | P[15]
      75* |       0 |      29 |        0 |      0 |    26 |    +6.0% |   -1.125 |      -13.6 |       -6.8 |      9 | P[15]
    final |       0 |      29 |        0 |      0 |    26 |    +6.0% |   -1.125 |      -13.6 |       -6.8 |      8 | P[15]
------------------------------------------------------------------------------------------------------------------------------
[INFO RSZ-0051] Resized 29 instances: 29 up, 0 up match, 0 down, 0 VT
[INFO RSZ-0043] Swapped pins on 26 instances.
[WARNING RSZ-0062] Unable to repair all setup violations.
[INFO RSZ-0505] Runtime: 0.63s
Default units for flow
 time 1ns
 capacitance 1pF
 resistance 1kohm
 voltage 1v
 current 1mA
 power 1nW
 distance 1um
   Layer   | Unit Resistance | Unit Capacitance 
           |       (kohm/um) |          (pF/um)
------------------------------------------------
       li1 |        7.18e-02 |         1.50e-04
      met1 |        1.21e-03 |         1.72e-04
      met2 |        1.22e-03 |         1.36e-04
      met3 |        1.66e-04 |         2.15e-04
      met4 |        1.68e-04 |         1.48e-04
      met5 |        1.84e-05 |         1.54e-04
------------------------------------------------

   Layer   | Via Resistance 
           |         (kohm) 
----------------------------
      mcon |       9.25e-03 
       via |       4.50e-03 
      via2 |       3.37e-03 
      via3 |       3.77e-04 
      via4 |       5.80e-06 
----------------------------
Report metrics stage 2, floorplan final...

==========================================================================
floorplan final report_design_area
--------------------------------------------------------------------------
Design area 2217 um^2 44% utilization.
write_db /home/praneel/vlsi/projects/IDP_2/experiments/EXP002_approx_meathod/pd/orfs/results/sky130hd/approx_dadda_d1/base/2_1_floorplan.odb
write_sdc -no_timestamp /home/praneel/vlsi/projects/IDP_2/experiments/EXP002_approx_meathod/pd/orfs/results/sky130hd/approx_dadda_d1/base/2_1_floorplan.sdc
Elapsed time: 0:01.39[h:]min:sec. CPU time: user 1.48 sys 0.39 (135%). Peak memory: 140060KB.
Log                       Ext     Elapsed/s Peak Memory/MB sha1sum result [0:20)
2_1_floorplan             .odb            1            136 05d87adc485ad4a7a2fe
2_1_floorplan             .sdc                             fb4f76d93fb6374df003
