OpenROAD 26Q3-1499-g46ab99414e 
Features included (+) or not (-): +GPU +GUI +Python
This program is licensed under the BSD-3 license. See the LICENSE file for details.
Components of this program may be licensed under more restrictive licenses which must be honored.
[INFO ORD-0030] Using 12 thread(s).
read_liberty /home/praneel/vlsi/tools/OpenROAD-flow-scripts/flow/platforms/sky130hd/lib/sky130_fd_sc_hd__tt_025C_1v80.lib
read_db /home/praneel/vlsi/projects/IDP_2/experiments/EXP002_approx_meathod/pd/orfs/results/sky130hd/approx_dadda_d1/base/3_2_place_iop.odb
read_sdc /home/praneel/vlsi/projects/IDP_2/experiments/EXP002_approx_meathod/pd/orfs/results/sky130hd/approx_dadda_d1/base/2_floorplan.sdc
source /home/praneel/vlsi/tools/OpenROAD-flow-scripts/flow/platforms/sky130hd/setRC.tcl
[INFO RSZ-0026] Removed 11 buffers.
Perform port buffering...
[INFO RSZ-0027] Inserted 16 sky130_fd_sc_hd__clkdlybuf4s50_1 input buffers.
[INFO RSZ-0028] Inserted 16 sky130_fd_sc_hd__clkdlybuf4s50_1 output buffers.
global_placement -density 0.6 -pad_left 0 -pad_right 0 -routability_driven -timing_driven -force_center_initial_place -min_phi_coef 0.95 -max_phi_coef 1.05
[INFO GPL-0001] ---- Initialize GPL Main Data Structures
[INFO GPL-0002] DBU: 1000
[INFO GPL-0003] SiteSize: (  0.460  2.720 ) um
[INFO GPL-0004] CoreBBox: (  2.300  2.720 ) ( 74.060 73.440 ) um
[INFO GPL-0016] Core area:                    5074.867 um^2
[INFO GPL-0036] Movable instances area:       2412.314 um^2
[INFO GPL-0037] Total instances area:         2499.898 um^2
[INFO GPL-0035] Pin density area adjust:       187.331 um^2
[INFO GPL-0032] ---- Initialize Region: Top-level
[INFO GPL-0006] Number of instances:               348
[INFO GPL-0007] Movable instances:                 278
[INFO GPL-0008] Fixed instances:                    70
[INFO GPL-0009] Dummy instances:                     0
[INFO GPL-0010] Number of nets:                    335
[INFO GPL-0011] Number of pins:                   1018
[INFO GPL-0012] Die BBox:       (  0.000  0.000 ) ( 76.295 76.295 ) um
[INFO GPL-0013] Placement BBox: (  2.300  2.720 ) ( 74.060 73.440 ) um
[INFO GPL-0014] Region name: top-level.
[INFO GPL-0015] Region area:                  5074.867 um^2
[INFO GPL-0017] Fixed instances area:           87.584 um^2
[INFO GPL-0018] Movable instances area:       2599.645 um^2
[INFO GPL-0019] Utilization:                    52.125 %
[INFO GPL-0020] Standard cells area:          2599.645 um^2
[INFO GPL-0021] Large instances area:            0.000 um^2
[INFO GPL-0005] ---- Execute Conjugate Gradient Initial Placement.
[INFO GPL-0051] Source of initial instance position counters:
	Odb location = 0	Core center = 278	Region center = 0
[InitialPlace]  Iter: 1 conjugate gradient residual: 0.00000008 HPWL: 5951487
[InitialPlace]  Iter: 2 conjugate gradient residual: 0.00000011 HPWL: 4234181
[InitialPlace]  Iter: 3 conjugate gradient residual: 0.00000011 HPWL: 4237774
[InitialPlace]  Iter: 4 conjugate gradient residual: 0.00000012 HPWL: 4245748
[InitialPlace]  Iter: 5 conjugate gradient residual: 0.00000008 HPWL: 4247200
[INFO GPL-0033] ---- Initialize Nesterov Region: Top-level
[INFO GPL-0023] Placement target density:       0.6000
[INFO GPL-0024] Movable insts average area:      9.351 um^2
[INFO GPL-0025] Ideal bin area:                 15.585 um^2
[INFO GPL-0026] Ideal bin count:                   325
[INFO GPL-0027] Total bin area:               5074.867 um^2
[INFO GPL-0028] Bin count (X, Y):          16 ,     16
[INFO GPL-0029] Bin size (W * H):       4.485 *  4.420 um
[INFO GPL-0030] Number of bins:                    256
[INFO GPL-0084] ---- Execute Nesterov Global Placement.
[INFO GPL-0031] HPWL: Half-Perimeter Wirelength
Iteration | Overflow |     HPWL (um) |  HPWL(%) |   Penalty | Group
---------------------------------------------------------------
        0 |   0.8223 |  2.120587e+03 |   +0.00% |  3.00e-14 |      
       10 |   0.6985 |  2.466985e+03 |  +16.34% |  4.89e-14 |      
       20 |   0.6697 |  2.528858e+03 |   +2.51% |  7.97e-14 |      
       30 |   0.6784 |  2.508405e+03 |   -0.81% |  1.30e-13 |      
       40 |   0.6821 |  2.503136e+03 |   -0.21% |  2.11e-13 |      
       50 |   0.6791 |  2.508242e+03 |   +0.20% |  3.44e-13 |      
       60 |   0.6793 |  2.507452e+03 |   -0.03% |  5.61e-13 |      
       70 |   0.6803 |  2.505532e+03 |   -0.08% |  9.13e-13 |      
       80 |   0.6805 |  2.504759e+03 |   -0.03% |  1.49e-12 |      
       90 |   0.6800 |  2.504972e+03 |   +0.01% |  2.42e-12 |      
      100 |   0.6801 |  2.505879e+03 |   +0.04% |  3.95e-12 |      
      110 |   0.6800 |  2.507723e+03 |   +0.07% |  6.43e-12 |      
      120 |   0.6795 |  2.510914e+03 |   +0.13% |  1.05e-11 |      
      130 |   0.6788 |  2.515356e+03 |   +0.18% |  1.71e-11 |      
      140 |   0.6778 |  2.522536e+03 |   +0.29% |  2.78e-11 |      
      150 |   0.6756 |  2.533959e+03 |   +0.45% |  4.53e-11 |      
      160 |   0.6706 |  2.551057e+03 |   +0.67% |  7.37e-11 |      
      170 |   0.6621 |  2.572445e+03 |   +0.84% |  1.20e-10 |      
      180 |   0.6467 |  2.597345e+03 |   +0.97% |  1.96e-10 |      
      190 |   0.6367 |  2.639274e+03 |   +1.61% |  3.19e-10 |      
[INFO GPL-0100] Timing-driven iteration 1/2, virtual: false.
[INFO GPL-0101]    Iter: 193, overflow: 0.634, keep resizer changes at: 1, HPWL: 2649220
Iteration |   Area    | Resized | Buffers | Nets repaired | Remaining
---------------------------------------------------------------------
        0 |     +0.0% |       0 |       0 |             0 |       335
    final |     +0.0% |       0 |       0 |             0 |         0
---------------------------------------------------------------------
   Iter   |    Area   | Removed | Inserted |   Pins
          |           | Buffers | Buffers  | Remaining
-------------------------------------------------------
        0 |     +0.0% |       0 |        0 |       319
       31 |     +0.3% |       0 |        1 |       288
       62 |     +1.8% |       0 |        6 |       257
       93 |     +5.7% |       0 |       19 |       226
      124 |     +7.2% |       0 |       24 |       195
      155 |     +7.8% |       0 |       26 |       164
      186 |     +9.3% |       0 |       31 |       133
      217 |     +9.9% |       0 |       33 |       102
      248 |    +11.4% |       0 |       38 |        71
      279 |    +12.0% |       0 |       40 |        40
      310 |    +15.6% |       0 |       52 |         9
    final |    +18.9% |       0 |       63 |         0
-------------------------------------------------------
[INFO GPL-0106] Timing-driven: worst slack -2.1366016e-09
[INFO GPL-0107] Timing-driven: repair_design delta area: 472.954 um^2 (+18.19%)
[INFO GPL-0108] Timing-driven: repair_design, gpl delta gcells: 63 (+22.66%)
[INFO GPL-0109] Timing-driven: repair_design, gcells created: 63, deleted: 0
[INFO GPL-0110] Timing-driven: new target density: 0.6948319
[INFO GPL-0038] Routability snapshot saved at iter = 198
      197 |   0.5985 |  3.150971e+03 |          |           |      
Iteration | Overflow |     HPWL (um) |  HPWL(%) |   Penalty | Group
---------------------------------------------------------------
      200 |   0.5663 |  3.297242e+03 |  +24.93% |  5.19e-10 |      
      210 |   0.5349 |  3.282998e+03 |   -0.43% |  8.46e-10 |      
      220 |   0.5441 |  3.332789e+03 |   +1.52% |  1.38e-09 |      
      230 |   0.5373 |  3.349179e+03 |   +0.49% |  2.24e-09 |      
      240 |   0.4888 |  3.398706e+03 |   +1.48% |  3.65e-09 |      
      250 |   0.4451 |  3.487322e+03 |   +2.61% |  5.95e-09 |      
      260 |   0.4133 |  3.561159e+03 |   +2.12% |  9.70e-09 |      
      270 |   0.3847 |  3.661531e+03 |   +2.82% |  1.58e-08 |      
      280 |   0.3523 |  3.729000e+03 |   +1.84% |  2.57e-08 |      
      290 |   0.3193 |  3.796395e+03 |   +1.81% |  3.87e-08 |      
      300 |   0.2985 |  3.839197e+03 |   +1.13% |  5.70e-08 |      
[INFO GPL-0040] Routability iteration: 1
[INFO GPL-0041] Total routing overflow: 0.0000
[INFO GPL-0042] Number of overflowed tiles: 0 (0.00%)
[INFO GPL-0043] Average top 0.5% routing congestion: 0.8624
[INFO GPL-0044] Average top 1.0% routing congestion: 0.8615
[INFO GPL-0045] Average top 2.0% routing congestion: 0.8508
[INFO GPL-0046] Average top 5.0% routing congestion: 0.8239
[INFO GPL-0047] Routability iteration weighted routing congestion: 0.8620
[INFO GPL-0050] Weighted routing congestion is lower than target routing congestion(1.0100), end routability optimization.
[INFO GPL-0090] Routability finished. Target routing congestion achieved succesfully.
Iteration | Overflow |     HPWL (um) |  HPWL(%) |   Penalty | Group
---------------------------------------------------------------
      310 |   0.2728 |  3.893714e+03 |   +1.42% |  8.39e-08 |      
      320 |   0.2481 |  3.948760e+03 |   +1.41% |  1.24e-07 |      
      330 |   0.2308 |  4.003047e+03 |   +1.37% |  1.82e-07 |      
      340 |   0.2026 |  4.063019e+03 |   +1.50% |  2.68e-07 |      
[INFO GPL-0100] Timing-driven iteration 2/2, virtual: false.
[INFO GPL-0101]    Iter: 345, overflow: 0.193, keep resizer changes at: 1, HPWL: 4077670
Iteration |   Area    | Resized | Buffers | Nets repaired | Remaining
---------------------------------------------------------------------
        0 |     +0.0% |       0 |       0 |             0 |       398
    final |     +0.0% |       0 |       0 |             0 |         0
---------------------------------------------------------------------
   Iter   |    Area   | Removed | Inserted |   Pins
          |           | Buffers | Buffers  | Remaining
-------------------------------------------------------
        0 |     +0.0% |       0 |        0 |       319
       31 |     +0.0% |       1 |        1 |       288
       62 |     +0.0% |       6 |        6 |       257
       93 |     +0.3% |      19 |       20 |       226
      124 |     +0.5% |      24 |       26 |       195
      155 |     +0.5% |      26 |       28 |       164
      186 |     +0.8% |      31 |       34 |       133
      217 |     +0.8% |      33 |       36 |       102
      248 |     +0.8% |      38 |       41 |        71
      279 |     +0.5% |      40 |       42 |        40
      310 |     +0.8% |      52 |       55 |         9
    final |     +1.8% |      63 |       70 |         0
-------------------------------------------------------
[INFO GPL-0106] Timing-driven: worst slack -2.1512774e-09
[INFO GPL-0107] Timing-driven: repair_design delta area: 52.550 um^2 (+1.71%)
[INFO GPL-0108] Timing-driven: repair_design, gpl delta gcells: 7 (+2.05%)
[INFO GPL-0109] Timing-driven: repair_design, gcells created: 70, deleted: 63
[INFO GPL-0110] Timing-driven: new target density: 0.7053688
Iteration | Overflow |     HPWL (um) |  HPWL(%) |   Penalty | Group
---------------------------------------------------------------
      350 |   0.1747 |  4.297281e+03 |   +5.77% |  3.95e-07 |      
      360 |   0.1529 |  4.245215e+03 |   -1.21% |  5.82e-07 |      
      370 |   0.1226 |  4.259338e+03 |   +0.33% |  8.58e-07 |      
      380 |   0.1011 |  4.304771e+03 |   +1.07% |  1.26e-06 |      
      381 |   0.0973 |  4.308804e+03 |          |  1.37e-06 |      
---------------------------------------------------------------
[INFO GPL-1001] Global placement finished at iteration 381
[INFO GPL-1017] Routability mode iteration count: 102
[INFO GPL-1005] Routability final weighted congestion: 0.8039
[INFO GPL-1002] Placed Cell Area             3125.1489
[INFO GPL-1003] Available Free Area          4987.2832
[INFO GPL-1004] Minimum Feasible Density        0.5300 (cell_area / free_area)
[INFO GPL-1006]   Suggested Target Densities:
[INFO GPL-1007]     - For 90% usage of free space: 0.6962
[INFO GPL-1008]     - For 80% usage of free space: 0.7833
[INFO GPL-1011] Original area (um^2): 2599.64
[INFO GPL-1012] Total routability artificial inflation: 0.00 (+0.00%)
[INFO GPL-1013] Total timing-driven delta area: 525.50 (+20.21%)
[INFO GPL-1014] Final placement area: 3125.15 (+20.21%)
estimate_parasitics -placement
Report metrics stage 3, global place...

==========================================================================
global place report_design_area
--------------------------------------------------------------------------
Design area 3025 um^2 60% utilization.
write_db /home/praneel/vlsi/projects/IDP_2/experiments/EXP002_approx_meathod/pd/orfs/results/sky130hd/approx_dadda_d1/base/3_3_place_gp.odb
Elapsed time: 0:02.30[h:]min:sec. CPU time: user 2.35 sys 1.18 (153%). Peak memory: 239124KB.
Log                       Ext     Elapsed/s Peak Memory/MB sha1sum result [0:20)
3_3_place_gp              .odb            2            233 703c23a81b87c3d7dc97
