OpenROAD 26Q3-1499-g46ab99414e 
Features included (+) or not (-): +GPU +GUI +Python
This program is licensed under the BSD-3 license. See the LICENSE file for details.
Components of this program may be licensed under more restrictive licenses which must be honored.
[INFO ORD-0030] Using 12 thread(s).
read_liberty /home/praneel/vlsi/tools/OpenROAD-flow-scripts/flow/platforms/sky130hd/lib/sky130_fd_sc_hd__tt_025C_1v80.lib
read_db /home/praneel/vlsi/projects/IDP_2/experiments/EXP002_approx_meathod/pd/orfs/results/sky130hd/approx_dadda_d1/base/5_1_grt.odb
read_sdc /home/praneel/vlsi/projects/IDP_2/experiments/EXP002_approx_meathod/pd/orfs/results/sky130hd/approx_dadda_d1/base/5_1_grt.sdc
source /home/praneel/vlsi/tools/OpenROAD-flow-scripts/flow/platforms/sky130hd/setRC.tcl
[WARNING STA-0450] virtual clock VCLK can not be propagated.
detailed_route -output_drc /home/praneel/vlsi/projects/IDP_2/experiments/EXP002_approx_meathod/pd/orfs/reports/sky130hd/approx_dadda_d1/base/5_route_drc.rpt -output_maze /home/praneel/vlsi/projects/IDP_2/experiments/EXP002_approx_meathod/pd/orfs/results/sky130hd/approx_dadda_d1/base/maze.log -droute_end_iter 64 -verbose 1 -drc_report_iter_step 5
[INFO DRT-0149] Reading tech and libs.
[WARNING DRT-0349] LEF58_ENCLOSURE with no CUTCLASS is not supported. Skipping for layer mcon
[WARNING DRT-0349] LEF58_ENCLOSURE with no CUTCLASS is not supported. Skipping for layer mcon
[WARNING DRT-0349] LEF58_ENCLOSURE with no CUTCLASS is not supported. Skipping for layer via
[WARNING DRT-0349] LEF58_ENCLOSURE with no CUTCLASS is not supported. Skipping for layer via
[WARNING DRT-0349] LEF58_ENCLOSURE with no CUTCLASS is not supported. Skipping for layer via2
[WARNING DRT-0349] LEF58_ENCLOSURE with no CUTCLASS is not supported. Skipping for layer via2
[WARNING DRT-0349] LEF58_ENCLOSURE with no CUTCLASS is not supported. Skipping for layer via3
[WARNING DRT-0349] LEF58_ENCLOSURE with no CUTCLASS is not supported. Skipping for layer via3
[WARNING DRT-0349] LEF58_ENCLOSURE with no CUTCLASS is not supported. Skipping for layer via4
[WARNING DRT-0349] LEF58_ENCLOSURE with no CUTCLASS is not supported. Skipping for layer via4

Units:                1000
Number of layers:     13
Number of macros:     441
Number of vias:       29
Number of viarulegen: 25

[INFO DRT-0150] Reading design.

Design:                   approx_dadda_d1
Die area:                 ( 0 0 ) ( 76295 76295 )
Number of track patterns: 12
Number of DEF vias:       0
Number of components:     430
Number of terminals:      34
Number of snets:          2
Number of nets:           417

[INFO DRT-0167] List of default vias:
  Layer via
    default via: M1M2_PR
  Layer via2
    default via: M2M3_PR
  Layer via3
    default via: M3M4_PR
  Layer via4
    default via: M4M5_PR
[INFO DRT-0162] Library cell analysis.
[INFO DRT-0163] Instance analysis.
[INFO DRT-0164] Number of unique instances = 99.
[INFO DRT-0168] Init region query.
[INFO DRT-0024]   Complete FR_MASTERSLICE.
[INFO DRT-0024]   Complete Fr_VIA.
[INFO DRT-0024]   Complete li1.
[INFO DRT-0024]   Complete mcon.
[INFO DRT-0024]   Complete met1.
[INFO DRT-0024]   Complete via.
[INFO DRT-0024]   Complete met2.
[INFO DRT-0024]   Complete via2.
[INFO DRT-0024]   Complete met3.
[INFO DRT-0024]   Complete via3.
[INFO DRT-0024]   Complete met4.
[INFO DRT-0024]   Complete via4.
[INFO DRT-0024]   Complete met5.
[INFO DRT-0033] FR_MASTERSLICE shape region query size = 0.
[INFO DRT-0033] FR_VIA shape region query size = 0.
[INFO DRT-0033] li1 shape region query size = 9982.
[INFO DRT-0033] mcon shape region query size = 5509.
[INFO DRT-0033] met1 shape region query size = 1366.
[INFO DRT-0033] via shape region query size = 340.
[INFO DRT-0033] met2 shape region query size = 222.
[INFO DRT-0033] via2 shape region query size = 272.
[INFO DRT-0033] met3 shape region query size = 218.
[INFO DRT-0033] via3 shape region query size = 272.
[INFO DRT-0033] met4 shape region query size = 86.
[INFO DRT-0033] via4 shape region query size = 13.
[INFO DRT-0033] met5 shape region query size = 23.
[INFO DRT-0165] Start pin access.
[INFO DRT-0078]   Complete 764 pins.
[INFO DRT-0081]   Complete 99 unique inst patterns.
[INFO DRT-0084]   Complete 225 groups.
#scanned instances     = 430
#unique  instances     = 99
#stdCellGenAp          = 3945
#stdCellValidPlanarAp  = 52
#stdCellValidViaAp     = 2266
#stdCellPinNoAp        = 10
#stdCellPinCnt         = 1150
#instTermValidViaApCnt = 0
#macroGenAp            = 0
#macroValidPlanarAp    = 0
#macroValidViaAp       = 0
#macroNoAp             = 0
[INFO DRT-0166] Complete pin access.
[INFO DRT-0267] cpu time = 00:01:32, elapsed time = 00:00:17, memory = 224.33 (MB), peak = 223.04 (MB)

[INFO DRT-0157] Number of guides:     2514

[INFO DRT-0169] Post process guides.
[INFO DRT-0176] GCELLGRID X 0 DO 11 STEP 6900 ;
[INFO DRT-0177] GCELLGRID Y 0 DO 11 STEP 6900 ;
[INFO DRT-0028]   Complete FR_MASTERSLICE.
[INFO DRT-0028]   Complete Fr_VIA.
[INFO DRT-0028]   Complete li1.
[INFO DRT-0028]   Complete mcon.
[INFO DRT-0028]   Complete met1.
[INFO DRT-0028]   Complete via.
[INFO DRT-0028]   Complete met2.
[INFO DRT-0028]   Complete via2.
[INFO DRT-0028]   Complete met3.
[INFO DRT-0028]   Complete via3.
[INFO DRT-0028]   Complete met4.
[INFO DRT-0028]   Complete via4.
[INFO DRT-0028]   Complete met5.
[INFO DRT-0178] Init guide query.
[INFO DRT-0035]   Complete FR_MASTERSLICE (guide).
[INFO DRT-0035]   Complete Fr_VIA (guide).
[INFO DRT-0035]   Complete li1 (guide).
[INFO DRT-0035]   Complete mcon (guide).
[INFO DRT-0035]   Complete met1 (guide).
[INFO DRT-0035]   Complete via (guide).
[INFO DRT-0035]   Complete met2 (guide).
[INFO DRT-0035]   Complete via2 (guide).
[INFO DRT-0035]   Complete met3 (guide).
[INFO DRT-0035]   Complete via3 (guide).
[INFO DRT-0035]   Complete met4 (guide).
[INFO DRT-0035]   Complete via4 (guide).
[INFO DRT-0035]   Complete met5 (guide).
[INFO DRT-0036] FR_MASTERSLICE guide region query size = 0.
[INFO DRT-0036] FR_VIA guide region query size = 0.
[INFO DRT-0036] li1 guide region query size = 897.
[INFO DRT-0036] mcon guide region query size = 0.
[INFO DRT-0036] met1 guide region query size = 753.
[INFO DRT-0036] via guide region query size = 0.
[INFO DRT-0036] met2 guide region query size = 371.
[INFO DRT-0036] via2 guide region query size = 0.
[INFO DRT-0036] met3 guide region query size = 23.
[INFO DRT-0036] via3 guide region query size = 0.
[INFO DRT-0036] met4 guide region query size = 5.
[INFO DRT-0036] via4 guide region query size = 0.
[INFO DRT-0036] met5 guide region query size = 0.
[INFO DRT-0179] Init gr pin query.
[INFO DRT-0267] cpu time = 00:00:00, elapsed time = 00:00:00, memory = 224.48 (MB), peak = 223.16 (MB)
[INFO DRT-0245] skipped writing guide updates to database.
[INFO DRT-0181] Start track assignment.
[INFO DRT-0184] Done with 1273 vertical wires in 1 frboxes and 776 horizontal wires in 1 frboxes.
[INFO DRT-0186] Done with 144 vertical wires in 1 frboxes and 192 horizontal wires in 1 frboxes.
[INFO DRT-0182] Complete track assignment.
[INFO DRT-0267] cpu time = 00:00:00, elapsed time = 00:00:00, memory = 228.29 (MB), peak = 226.95 (MB)
[INFO DRT-0187] Start routing data preparation.
[INFO DRT-0267] cpu time = 00:00:00, elapsed time = 00:00:00, memory = 228.35 (MB), peak = 226.95 (MB)
[INFO DRT-0194] Start detail routing.
[INFO DRT-0195] Start 0th optimization iteration.
    Completing 20% with 0 violations.
    elapsed time = 00:00:01, memory = 245.48 (MB).
    Completing 50% with 17 violations.
    elapsed time = 00:00:02, memory = 266.64 (MB).
    Completing 70% with 38 violations.
    elapsed time = 00:00:03, memory = 271.20 (MB).
    Completing 100% with 88 violations.
    elapsed time = 00:00:04, memory = 284.14 (MB).
[INFO DRT-0199]   Number of violations = 118.
Viol/Layer        met1   met2
Metal Spacing       17      5
Recheck             21      9
Short               64      2
[INFO DRT-0267] cpu time = 00:00:04, elapsed time = 00:00:04, memory = 619.59 (MB), peak = 618.29 (MB)
Total wire length = 6212 um.
Total wire length on LAYER li1 = 0 um.
Total wire length on LAYER met1 = 2977 um.
Total wire length on LAYER met2 = 3080 um.
Total wire length on LAYER met3 = 87 um.
Total wire length on LAYER met4 = 66 um.
Total wire length on LAYER met5 = 0 um.
Total number of vias = 2212.
Up-via summary (total 2212):

-----------------------
 FR_MASTERSLICE       0
            li1    1123
           met1    1057
           met2      24
           met3       8
           met4       0
-----------------------
               2212


[INFO DRT-0195] Start 1st optimization iteration.
    Completing 20% with 118 violations.
    elapsed time = 00:00:00, memory = 635.55 (MB).
    Completing 50% with 117 violations.
    elapsed time = 00:00:01, memory = 635.55 (MB).
    Completing 70% with 120 violations.
    elapsed time = 00:00:01, memory = 656.90 (MB).
    Completing 100% with 53 violations.
    elapsed time = 00:00:04, memory = 677.33 (MB).
[INFO DRT-0199]   Number of violations = 53.
Viol/Layer        met1
Metal Spacing        6
Short               47
[INFO DRT-0267] cpu time = 00:00:04, elapsed time = 00:00:04, memory = 677.33 (MB), peak = 676.04 (MB)
Total wire length = 6133 um.
Total wire length on LAYER li1 = 0 um.
Total wire length on LAYER met1 = 2940 um.
Total wire length on LAYER met2 = 3025 um.
Total wire length on LAYER met3 = 100 um.
Total wire length on LAYER met4 = 67 um.
Total wire length on LAYER met5 = 0 um.
Total number of vias = 2195.
Up-via summary (total 2195):

-----------------------
 FR_MASTERSLICE       0
            li1    1118
           met1    1041
           met2      28
           met3       8
           met4       0
-----------------------
               2195


[INFO DRT-0195] Start 2nd optimization iteration.
    Completing 10% with 53 violations.
    elapsed time = 00:00:00, memory = 677.33 (MB).
    Completing 20% with 53 violations.
    elapsed time = 00:00:00, memory = 677.33 (MB).
    Completing 30% with 53 violations.
    elapsed time = 00:00:00, memory = 677.33 (MB).
    Completing 40% with 53 violations.
    elapsed time = 00:00:00, memory = 677.33 (MB).
    Completing 50% with 53 violations.
    elapsed time = 00:00:00, memory = 677.33 (MB).
    Completing 60% with 53 violations.
    elapsed time = 00:00:00, memory = 685.45 (MB).
    Completing 70% with 53 violations.
    elapsed time = 00:00:00, memory = 685.45 (MB).
    Completing 80% with 53 violations.
    elapsed time = 00:00:00, memory = 695.75 (MB).
    Completing 100% with 28 violations.
    elapsed time = 00:00:03, memory = 695.75 (MB).
[INFO DRT-0199]   Number of violations = 28.
Viol/Layer        met1   met2
Metal Spacing        6      1
Short               21      0
[INFO DRT-0267] cpu time = 00:00:03, elapsed time = 00:00:03, memory = 698.71 (MB), peak = 697.41 (MB)
Total wire length = 6146 um.
Total wire length on LAYER li1 = 0 um.
Total wire length on LAYER met1 = 2909 um.
Total wire length on LAYER met2 = 3072 um.
Total wire length on LAYER met3 = 98 um.
Total wire length on LAYER met4 = 66 um.
Total wire length on LAYER met5 = 0 um.
Total number of vias = 2203.
Up-via summary (total 2203):

-----------------------
 FR_MASTERSLICE       0
            li1    1119
           met1    1048
           met2      28
           met3       8
           met4       0
-----------------------
               2203


[INFO DRT-0195] Start 3rd guides tiles iteration.
    Completing 10% with 28 violations.
    elapsed time = 00:00:00, memory = 705.56 (MB).
    Completing 20% with 28 violations.
    elapsed time = 00:00:00, memory = 705.56 (MB).
    Completing 30% with 28 violations.
    elapsed time = 00:00:00, memory = 705.71 (MB).
    Completing 50% with 28 violations.
    elapsed time = 00:00:01, memory = 705.71 (MB).
    Completing 60% with 10 violations.
    elapsed time = 00:00:01, memory = 705.71 (MB).
    Completing 70% with 10 violations.
    elapsed time = 00:00:01, memory = 705.71 (MB).
    Completing 80% with 10 violations.
    elapsed time = 00:00:01, memory = 705.71 (MB).
    Completing 100% with 0 violations.
    elapsed time = 00:00:02, memory = 735.05 (MB).
[INFO DRT-0199]   Number of violations = 0.
[INFO DRT-0267] cpu time = 00:00:02, elapsed time = 00:00:02, memory = 735.05 (MB), peak = 733.79 (MB)
Total wire length = 6153 um.
Total wire length on LAYER li1 = 0 um.
Total wire length on LAYER met1 = 2867 um.
Total wire length on LAYER met2 = 3095 um.
Total wire length on LAYER met3 = 123 um.
Total wire length on LAYER met4 = 66 um.
Total wire length on LAYER met5 = 0 um.
Total number of vias = 2223.
Up-via summary (total 2223):

-----------------------
 FR_MASTERSLICE       0
            li1    1119
           met1    1057
           met2      39
           met3       8
           met4       0
-----------------------
               2223


[INFO DRT-0198] Complete detail routing.
Total wire length = 6153 um.
Total wire length on LAYER li1 = 0 um.
Total wire length on LAYER met1 = 2867 um.
Total wire length on LAYER met2 = 3095 um.
Total wire length on LAYER met3 = 123 um.
Total wire length on LAYER met4 = 66 um.
Total wire length on LAYER met5 = 0 um.
Total number of vias = 2223.
Up-via summary (total 2223):

-----------------------
 FR_MASTERSLICE       0
            li1    1119
           met1    1057
           met2      39
           met3       8
           met4       0
-----------------------
               2223


[INFO DRT-0267] cpu time = 00:00:15, elapsed time = 00:00:14, memory = 735.12 (MB), peak = 733.96 (MB)

[INFO DRT-0180] Post processing.
[INFO DRT-0501] Runtime: 33.21s
Took 34 seconds: detailed_route -output_drc /home/praneel/vlsi/projects/IDP_2/experiments/EXP002_approx_meathod/pd/orfs/reports/sky130hd/approx_dadda_d1/base/5_route_drc.rpt -output_maze /home/praneel/vlsi/projects/IDP_2/experiments/EXP002_approx_meathod/pd/orfs/results/sky130hd/approx_dadda_d1/base/maze.log -droute_end_iter 64 -verbose 1 -drc_report_iter_step 5
[INFO GRT-0012] Found 0 antenna violations.
[INFO ANT-0002] Found 0 net violations.
[INFO ANT-0001] Found 0 pin violations.
[INFO ANT-0002] Found 0 net violations.
[INFO ANT-0001] Found 0 pin violations.
Design area 3323 um^2 65% utilization.
write_db /home/praneel/vlsi/projects/IDP_2/experiments/EXP002_approx_meathod/pd/orfs/results/sky130hd/approx_dadda_d1/base/5_2_route.odb
Elapsed time: 0:34.13[h:]min:sec. CPU time: user 109.52 sys 0.50 (322%). Peak memory: 751572KB.
Log                       Ext     Elapsed/s Peak Memory/MB sha1sum result [0:20)
5_2_route                 .odb           34            733 ad5284580013d4561d3f
